<html>
<body>
<pre>
<h1>µVision Build Log</h1>
<h2>Project:</h2>
E:\EE445L Labs\Lab 1\ST7735.uvproj
Project File Date:  01/24/2017

<h2>Output:</h2>
Build target 'Lab1'
compiling Lab1.c...
assembling fixedvsfloat.s...
fixedvsfloat.s(1): warning: A1313W: Missing END directive at end of file
linking...
Program Size: Code=5336 RO-data=4340 RW-data=72 ZI-data=1040  
".\Lab1.axf" - 0 Error(s), 1 Warning(s).
code 'VLDR.F32', maybe wrong target CPU?
fixedvsfloat.s(15): error: A1854E: Unknown opcode 'VLDR.F32', maybe wrong target CPU?
fixedvsfloat.s(17): error: A1854E: Unknown opcode 'VMOV.F32', maybe wrong target CPU?
fixedvsfloat.s(18): error: A1854E: Unknown opcode 'VCVT.F32.U32', maybe wrong target CPU?
fixedvsfloat.s(19): error: A1854E: Unknown opcode 'VMUL.F32', maybe wrong target CPU?
fixedvsfloat.s(20): error: A1854E: Unknown opcode 'VADD.F32', maybe wrong target CPU?
fixedvsfloat.s(21): error: A1854E: Unknown opcode 'VSTR.F32', maybe wrong target CPU?
fixedvsfloat.s(29): error: A1108E: Multiply defined symbol 'T'
fixedvsfloat.s(30): error: A1108E: Multiply defined symbol 'N'
fixedvsfloat.s(51): warning: A1447W: Missing END directive at end of file, but found a label named END
".\Lab1.axf" - 11 Error(s), 1 Warning(s).
Target not created
