<html>
<body>
<pre>
<h1>µVision Build Log</h1>
<h2>Project:</h2>
E:\EE445L Labs\Lab 1\ST7735.uvproj
Project File Date:  01/21/2017

<h2>Output:</h2>
Build target 'Lab1'
compiling fixed.c...
fixed.c(85): warning:  #177-D: variable "RESOLUTION" was declared but never referenced
                float RESOLUTION = 0.001;
fixed.c(186): warning:  #550-D: variable "MinX" was set but never used
  static int32_t MinX, MaxX, MinY, MaxY;
fixed.c(186): warning:  #550-D: variable "MaxX" was set but never used
  static int32_t MinX, MaxX, MinY, MaxY;
fixed.c(186): warning:  #550-D: variable "MinY" was set but never used
  static int32_t MinX, MaxX, MinY, MaxY;
fixed.c(186): warning:  #550-D: variable "MaxY" was set but never used
  static int32_t MinX, MaxX, MinY, MaxY;
fixed.c: 5 warnings, 0 errors
linking...
Program Size: Code=4456 RO-data=4340 RW-data=64 ZI-data=1024  
".\Lab1.axf" - 0 Error(s), 5 Warning(s).
rror(s), 5 Warning(s).
