<html>
<body>
<pre>
<h1>µVision Build Log</h1>
<h2>Project:</h2>
E:\EE445L Labs\Lab2\ADCSWTrigger.uvproj
Project File Date:  02/01/2017

<h2>Output:</h2>
Build target 'ADCSWTrigger'
linking...
Program Size: Code=3380 RO-data=2052 RW-data=64 ZI-data=41888  
".\ADCSWTrigger.axf" - 0 Error(s), 0 Warning(s).
</pre>
</body>
</html>
ebugging Dump Number 2 
Lab2.c: 1 warning, 0 errors
linking...
Program Size: Code=3380 RO-data=2052 RW-data=64 ZI-data=41888  
".\ADCSWTrigger.axf" - 0 Error(s), 1 Warning(s).
s
linking...
Program Size: Code=3288 RO-data=2052 RW-data=64 ZI-data=41888  
".\ADCSWTrigger.axf" - 0 Error(s), 1 Warning(s).
