<html>
<body>
<pre>
<h1>µVision Build Log</h1>
<h2>Project:</h2>
E:\ClassNotes\Spring 2017\EE445L\ValvanoWareTM4C123\ESP8266_4C123\espDemo.uvproj
Project File Date:  09/14/2016

<h2>Output:</h2>
Build target 'esp8266'
compiling main.c...
linking...
Program Size: Code=5124 RO-data=32 RW-data=248 ZI-data=6176  
".\esp8266.axf" - 0 Error(s), 0 Warning(s).
Load "E:\\ClassNotes\\Spring 2017\\EE445L\\ValvanoWareTM4C123\\ESP8266_4C123\\esp8266.axf" 
Connecting: Mode=JTAG, Speed=1000000Hz
Erase Done.
Programming Done.
Verify OK.
</pre>
</body>
</html>
), 1 Warning(s).
Load "E:\\ClassNotes\\Spring 2017\\EE445L\\ValvanoWareTM4C123\\ESP8266_4C123\\esp8266.axf" 
Connecting: Mode=JTAG, Speed=1000000Hz
Erase Done.
Programming Done.
Verify OK.
