<html>
<body>
<pre>
<h1>µVision Build Log</h1>
<h2>Project:</h2>
E:\ClassNotes\Spring 2017\EE445L\ValvanoWareTM4C123\ADCPrintResults_4C123\ADCPrintResults.uvproj
Project File Date:  05/02/2015

<h2>Output:</h2>
Build target 'ADCPrintResults'
assembling startup.s...
compiling UART.c...
compiling main.c...
compiling ADCSWTrigger.c...
compiling PLL.c...
linking...
Program Size: Code=1632 RO-data=16 RW-data=0 ZI-data=1120  
".\ADCPrintResults.axf" - 0 Error(s), 0 Warning(s).
Load "E:\\ClassNotes\\Spring 2017\\EE445L\\ValvanoWareTM4C123\\ADCPrintResults_4C123\\ADCPrintResults.axf" 
Connecting: Mode=JTAG, Speed=1000000Hz
Connection failed!, error code=&d
Error: Flash Download failed  -  Target DLL has been cancelled
</pre>
</body>
</html>
