ARM Linker, 5.03 [Build 76] [MDK-ARM Lite]

==============================================================================

Section Cross References

    startup.o(STACK) refers (Special) to floatvsfix.o(.text) for Test3
    startup.o(STACK) refers (Special) to heapauxi.o(.text) for __use_two_region_memory
    startup.o(HEAP) refers (Special) to floatvsfix.o(.text) for Test3
    startup.o(HEAP) refers (Special) to heapauxi.o(.text) for __use_two_region_memory
    startup.o(RESET) refers (Special) to floatvsfix.o(.text) for Test3
    startup.o(RESET) refers (Special) to heapauxi.o(.text) for __use_two_region_memory
    startup.o(RESET) refers to startup.o(STACK) for StackMem
    startup.o(RESET) refers to __main.o(!!!main) for __main
    startup.o(.text) refers (Special) to floatvsfix.o(.text) for Test3
    startup.o(.text) refers (Special) to heapauxi.o(.text) for __use_two_region_memory
    startup.o(.text) refers to startup.o(HEAP) for HeapMem
    startup.o(.text) refers to startup.o(STACK) for StackMem
    lab1.o(.text) refers to dflt_clz.o(x$fpl$dfltu) for __aeabi_ui2d
    lab1.o(.text) refers to dmul.o(x$fpl$dmul) for __aeabi_dmul
    lab1.o(.text) refers to daddsub_clz.o(x$fpl$dadd) for __aeabi_dadd
    lab1.o(.text) refers to d2f.o(x$fpl$d2f) for __aeabi_d2f
    lab1.o(.text) refers to pll.o(.text) for PLL_Init
    lab1.o(.text) refers to systick.o(.text) for SysTick_Init
    lab1.o(.text) refers to st7735.o(.text) for ST7735_InitR
    lab1.o(.text) refers to noretval__2printf.o(.text) for __2printf
    lab1.o(.text) refers to fixed.o(.text) for ST7735_sDecOut3
    lab1.o(.text) refers to floatvsfix.o(.text) for Test3
    lab1.o(.text) refers to lab1.o(.data) for N
    lab1.o(.text) refers to lab1.o(.constdata) for outTests1
    st7735.o(.text) refers to st7735.o(.data) for RowStart
    st7735.o(.text) refers to st7735.o(.constdata) for Bcmd
    st7735.o(.text) refers to st7735.o(.bss) for Message
    floatvsfix.o(.text) refers to floatvsfix.o(DATA) for N
    fixed.o(.text) refers to st7735.o(.text) for ST7735_OutString
    fixed.o(.text) refers to fixed.o(.constdata) for .constdata
    fixed.o(.text) refers to fixed.o(.data) for MinX
    __2printf.o(.text) refers to _printf_char_file.o(.text) for _printf_char_file
    __2printf.o(.text) refers to stdio_streams.o(.bss) for __stdout
    noretval__2printf.o(.text) refers to _printf_char_file.o(.text) for _printf_char_file
    noretval__2printf.o(.text) refers to stdio_streams.o(.bss) for __stdout
    __main.o(!!!main) refers to rtentry.o(.ARM.Collect$$rtentry$$00000000) for __rt_entry
    d2f.o(x$fpl$d2f) refers (Special) to usenofp.o(x$fpl$usenofp) for __I$use$fp
    d2f.o(x$fpl$d2f) refers to fretinf.o(x$fpl$fretinf) for __fpl_fretinf
    d2f.o(x$fpl$d2f) refers to dnaninf.o(x$fpl$dnaninf) for __fpl_dnaninf
    daddsub_clz.o(x$fpl$dadd) refers (Special) to usenofp.o(x$fpl$usenofp) for __I$use$fp
    daddsub_clz.o(x$fpl$dadd) refers to daddsub_clz.o(x$fpl$dsub) for _dsub1
    daddsub_clz.o(x$fpl$dadd) refers to dretinf.o(x$fpl$dretinf) for __fpl_dretinf
    daddsub_clz.o(x$fpl$dadd) refers to dnaninf.o(x$fpl$dnaninf) for __fpl_dnaninf
    daddsub_clz.o(x$fpl$drsb) refers (Special) to usenofp.o(x$fpl$usenofp) for __I$use$fp
    daddsub_clz.o(x$fpl$drsb) refers to daddsub_clz.o(x$fpl$dadd) for _dadd1
    daddsub_clz.o(x$fpl$drsb) refers to daddsub_clz.o(x$fpl$dsub) for _dsub1
    daddsub_clz.o(x$fpl$dsub) refers (Special) to usenofp.o(x$fpl$usenofp) for __I$use$fp
    daddsub_clz.o(x$fpl$dsub) refers to daddsub_clz.o(x$fpl$dadd) for _dadd1
    daddsub_clz.o(x$fpl$dsub) refers to dnaninf.o(x$fpl$dnaninf) for __fpl_dnaninf
    dflt_clz.o(x$fpl$dfltu) refers (Special) to usenofp.o(x$fpl$usenofp) for __I$use$fp
    dflt_clz.o(x$fpl$dflt) refers (Special) to usenofp.o(x$fpl$usenofp) for __I$use$fp
    dflt_clz.o(x$fpl$dfltn) refers (Special) to usenofp.o(x$fpl$usenofp) for __I$use$fp
    dmul.o(x$fpl$dmul) refers (Special) to usenofp.o(x$fpl$usenofp) for __I$use$fp
    dmul.o(x$fpl$dmul) refers to dretinf.o(x$fpl$dretinf) for __fpl_dretinf
    dmul.o(x$fpl$dmul) refers to dnaninf.o(x$fpl$dnaninf) for __fpl_dnaninf
    rtentry.o(.ARM.Collect$$rtentry$$00000000) refers (Special) to rtentry2.o(.ARM.Collect$$rtentry$$0000000A) for __rt_entry_li
    rtentry.o(.ARM.Collect$$rtentry$$00000000) refers (Special) to rtentry2.o(.ARM.Collect$$rtentry$$0000000D) for __rt_entry_main
    rtentry.o(.ARM.Collect$$rtentry$$00000000) refers (Special) to rtentry2.o(.ARM.Collect$$rtentry$$0000000C) for __rt_entry_postli_1
    rtentry.o(.ARM.Collect$$rtentry$$00000000) refers (Special) to rtentry2.o(.ARM.Collect$$rtentry$$00000009) for __rt_entry_postsh_1
    rtentry.o(.ARM.Collect$$rtentry$$00000000) refers (Special) to rtentry2.o(.ARM.Collect$$rtentry$$00000002) for __rt_entry_presh_1
    rtentry.o(.ARM.Collect$$rtentry$$00000000) refers (Special) to rtentry4.o(.ARM.Collect$$rtentry$$00000004) for __rt_entry_sh
[...]
    libinit2.o(.ARM.Collect$$libinit$$00000014) refers to libinit2.o(.ARM.Collect$$libinit$$0000000D) for .ARM.Collect$$libinit$$0000000D
    libinit2.o(.ARM.Collect$$libinit$$00000016) refers to libinit2.o(.ARM.Collect$$libinit$$0000000D) for .ARM.Collect$$libinit$$0000000D
    libinit2.o(.ARM.Collect$$libinit$$00000022) refers (Weak) to initio.o(.text) for _initio
    libinit2.o(.ARM.Collect$$libinit$$00000024) refers to argv_veneer.o(.emb_text) for __ARM_argv_veneer
    libinit2.o(.ARM.Collect$$libinit$$00000025) refers to argv_veneer.o(.emb_text) for __ARM_argv_veneer
    libshutdown2.o(.ARM.Collect$$libshutdown$$00000002) refers (Weak) to initio.o(.text) for _terminateio
    libshutdown2.o(.ARM.Collect$$libshutdown$$0000000C) refers (Weak) to term_alloc.o(.text) for _terminate_alloc
    libspace.o(.text) refers to libspace.o(.bss) for __libspace_start
    rtexit.o(.ARM.Collect$$rtexit$$00000000) refers (Special) to rtexit2.o(.ARM.Collect$$rtexit$$00000004) for __rt_exit_exit
    rtexit.o(.ARM.Collect$$rtexit$$00000000) refers (Special) to rtexit2.o(.ARM.Collect$$rtexit$$00000003) for __rt_exit_ls
    rtexit.o(.ARM.Collect$$rtexit$$00000000) refers (Special) to rtexit2.o(.ARM.Collect$$rtexit$$00000002) for __rt_exit_prels_1
    rtexit.o(.ARM.exidx) refers (Special) to rtexit2.o(.ARM.Collect$$rtexit$$00000004) for __rt_exit_exit
    rtexit.o(.ARM.exidx) refers (Special) to rtexit2.o(.ARM.Collect$$rtexit$$00000003) for __rt_exit_ls
    rtexit.o(.ARM.exidx) refers (Special) to rtexit2.o(.ARM.Collect$$rtexit$$00000002) for __rt_exit_prels_1
    rtexit.o(.ARM.exidx) refers to rtexit.o(.ARM.Collect$$rtexit$$00000000) for .ARM.Collect$$rtexit$$00000000
    rt_raise.o(.text) refers to __raise.o(.text) for __raise
    rt_raise.o(.text) refers to sys_exit.o(.text) for _sys_exit
    rt_heap_descriptor.o(.text) refers to rt_heap_descriptor.o(.bss) for __rt_heap_descriptor_data
    rt_heap_descriptor_intlibspace.o(.text) refers to libspace.o(.bss) for __libspace_start
    init_alloc.o(.text) refers (Special) to hguard.o(.text) for __heap$guard
    init_alloc.o(.text) refers (Special) to libinit2.o(.ARM.Collect$$libinit$$00000003) for __rt_lib_init_heap_2
    init_alloc.o(.text) refers (Special) to maybetermalloc1.o(.emb_text) for _maybe_terminate_alloc
    init_alloc.o(.text) refers to h1_extend.o(.text) for __Heap_ProvideMemory
    init_alloc.o(.text) refers to defsig_rtmem_outer.o(.text) for __rt_SIGRTMEM
    init_alloc.o(.text) refers to rt_heap_descriptor_intlibspace.o(.text) for __rt_heap_descriptor
    init_alloc.o(.text) refers to h1_init.o(.text) for __Heap_Initialize
    malloc.o(.text) refers (Special) to hguard.o(.text) for __heap$guard
    malloc.o(.text) refers (Special) to init_alloc.o(.text) for _init_alloc
    malloc.o(.text) refers to rt_heap_descriptor_intlibspace.o(.text) for __rt_heap_descriptor
    malloc.o(.text) refers to heapstubs.o(.text) for __Heap_Alloc
    h1_alloc.o(.text) refers (Special) to h1_init.o(.text) for __Heap_Initialize
    h1_alloc.o(.text) refers to rt_heap_descriptor_intlibspace.o(.text) for __rt_heap_descriptor
    h1_alloc.o(.text) refers to init_alloc.o(.text) for __Heap_Full
    h1_alloc_mt.o(.text) refers (Special) to h1_init.o(.text) for __Heap_Initialize
    h1_alloc_mt.o(.text) refers to init_alloc.o(.text) for __Heap_Full
    h1_alloc_mt.o(.text) refers to rt_heap_descriptor_intlibspace.o(.text) for __rt_heap_descriptor
    fseek.o(.text) refers to sys_io.o(.text) for _sys_istty
    fseek.o(.text) refers to ftell.o(.text) for _ftell_internal
    fseek.o(.text) refers to stdio.o(.text) for _seterr
    stdio.o(.text) refers to sys_io.o(.text) for _sys_seek
    defsig_exit.o(.text) refers to sys_exit.o(.text) for _sys_exit
    defsig_rtred_inner.o(.text) refers to defsig_general.o(.text) for __default_signal_display
    argv_veneer.o(.emb_text) refers to no_argv.o(.text) for __ARM_get_argv
    sys_exit.o(.text) refers (Special) to use_no_semi.o(.text) for __I$use$semihosting
    sys_exit.o(.text) refers (Special) to indicate_semi.o(.text) for __semihosting_library_function
    rtexit2.o(.ARM.Collect$$rtexit$$00000003) refers to libshutdown.o(.ARM.Collect$$libshutdown$$00000000) for __rt_lib_shutdown
    rtexit2.o(.ARM.Collect$$rtexit$$00000004) refers to sys_exit.o(.text) for _sys_exit
    rtexit2.o(.ARM.exidx) refers to rtexit2.o(.ARM.Collect$$rtexit$$00000001) for .ARM.Collect$$rtexit$$00000001
    rtexit2.o(.ARM.exidx) refers to rtexit2.o(.ARM.Collect$$rtexit$$00000003) for .ARM.Collect$$rtexit$$00000003
    rtexit2.o(.ARM.exidx) refers to rtexit2.o(.ARM.Collect$$rtexit$$00000004) for .ARM.Collect$$rtexit$$00000004
    maybetermalloc2.o(.emb_text) refers (Special) to term_alloc.o(.text) for _terminate_alloc
    h1_extend.o(.text) refers to h1_free.o(.text) for free
    h1_init_mt.o(.text) refers to mutex_dummy.o(.text) for _mutex_initialize
    h1_extend_mt.o(.text) refers to h1_free_mt.o(.text) for _free_internal
    ftell.o(.text) refers to rt_errno_addr_intlibspace.o(.text) for __aeabi_errno_addr
    __raise.o(.text) refers to defsig.o(CL$$defsig) for __default_signal_handler
    defsig_general.o(.text) refers to sys_wrch.o(.text) for _ttywrch
    defsig_rtmem_outer.o(.text) refers to defsig_rtmem_inner.o(.text) for __rt_SIGRTMEM_inner
    defsig_rtmem_outer.o(.text) refers to defsig_exit.o(.text) for __sig_exit
    defsig_rtmem_formal.o(.text) refers to rt_raise.o(.text) for __rt_raise
    heapauxa.o(.text) refers to heapauxa.o(.data) for .data
    _get_argv.o(.text) refers (Special) to hrguard.o(.text) for __heap_region$guard
    _get_argv.o(.text) refers to h1_alloc.o(.text) for malloc
    _get_argv.o(.text) refers to defsig_rtmem_outer.o(.text) for __rt_SIGRTMEM
    _get_argv.o(.text) refers to sys_command.o(.text) for _sys_command_string
    _get_argv_nomalloc.o(.text) refers (Special) to hrguard.o(.text) for __heap_region$guard
    _get_argv_nomalloc.o(.text) refers to defsig_rtmem_outer.o(.text) for __rt_SIGRTMEM
    _get_argv_nomalloc.o(.text) refers to sys_command.o(.text) for _sys_command_string
    sys_wrch.o(.text) refers (Special) to use_no_semi.o(.text) for __I$use$semihosting
    sys_wrch.o(.text) refers (Special) to indicate_semi.o(.text) for __semihosting_library_function
    sys_command.o(.text) refers (Special) to use_no_semi.o(.text) for __I$use$semihosting
    sys_command.o(.text) refers (Special) to indicate_semi.o(.text) for __semihosting_library_function
    rt_errno_addr.o(.text) refers to rt_errno_addr.o(.bss) for __aeabi_errno_addr_data
    rt_errno_addr_intlibspace.o(.text) refers to libspace.o(.bss) for __libspace_start
    term_alloc.o(.text) refers (Special) to libshutdown2.o(.ARM.Collect$$libshutdown$$0000000D) for __rt_lib_shutdown_heap_2
    term_alloc.o(.text) refers to rt_heap_descriptor_intlibspace.o(.text) for __rt_heap_descriptor
    term_alloc.o(.text) refers to h1_final.o(.text) for __Heap_Finalize
    defsig_rtmem_inner.o(.text) refers to defsig_general.o(.text) for __default_signal_display
    defsig.o(CL$$defsig) refers to defsig_rtred_inner.o(.text) for __rt_SIGRTRED_inner
    defsig.o(CL$$defsig) refers to defsig_rtmem_inner.o(.text) for __rt_SIGRTMEM_inner
    libshutdown.o(.ARM.Collect$$libshutdown$$00000000) refers (Special) to libshutdown2.o(.ARM.Collect$$libshutdown$$00000006) for __rt_lib_shutdown_fp_trap_1
    libshutdown.o(.ARM.Collect$$libshutdown$$00000000) refers (Special) to libshutdown2.o(.ARM.Collect$$libshutdown$$0000000E) for __rt_lib_shutdown_heap_1
    libshutdown.o(.ARM.Collect$$libshutdown$$00000000) refers (Special) to libshutdown2.o(.ARM.Collect$$libshutdown$$0000000F) for __rt_lib_shutdown_return
    libshutdown.o(.ARM.Collect$$libshutdown$$00000000) refers (Special) to libshutdown2.o(.ARM.Collect$$libshutdown$$00000009) for __rt_lib_shutdown_signal_1
    libshutdown.o(.ARM.Collect$$libshutdown$$00000000) refers (Special) to libshutdown2.o(.ARM.Collect$$libshutdown$$00000003) for __rt_lib_shutdown_stdio_1
    libshutdown.o(.ARM.Collect$$libshutdown$$00000000) refers (Special) to libshutdown2.o(.ARM.Collect$$libshutdown$$0000000B) for __rt_lib_shutdown_user_alloc_1
    defsig_abrt_inner.o(.text) refers to defsig_general.o(.text) for __default_signal_display
    defsig_fpe_inner.o(.text) refers to defsig_general.o(.text) for __default_signal_display
    defsig_stak_inner.o(.text) refers to defsig_general.o(.text) for __default_signal_display
    defsig_pvfn_inner.o(.text) refers to defsig_general.o(.text) for __default_signal_display
    defsig_cppl_inner.o(.text) refers to defsig_general.o(.text) for __default_signal_display
    defsig_segv_inner.o(.text) refers to defsig_general.o(.text) for __default_signal_display
    defsig_other.o(.text) refers to defsig_general.o(.text) for __default_signal_display


==============================================================================

Image Symbol Table

    Local Symbols

    Symbol Name                              Value     Ov Type        Size  Object(Section)

    RESET                                    0x00000000   Section      644  startup.o(RESET)
    ../clib/angel/boardlib.s                 0x00000000   Number         0  boardinit1.o ABSOLUTE
    ../clib/angel/boardlib.s                 0x00000000   Number         0  boardinit3.o ABSOLUTE
    ../clib/angel/boardlib.s                 0x00000000   Number         0  boardshut.o ABSOLUTE
    ../clib/angel/boardlib.s                 0x00000000   Number         0  boardinit2.o ABSOLUTE
    ../clib/angel/handlers.s                 0x00000000   Number         0  __scatter_zi.o ABSOLUTE
    ../clib/angel/handlers.s                 0x00000000   Number         0  __scatter_copy.o ABSOLUTE
    ../clib/angel/kernel.s                   0x00000000   Number         0  rtentry2.o ABSOLUTE
    ../clib/angel/kernel.s                   0x00000000   Number         0  rtentry4.o ABSOLUTE
    ../clib/angel/kernel.s                   0x00000000   Number         0  rtentry.o ABSOLUTE
    ../clib/angel/kernel.s                   0x00000000   Number         0  rtexit2.o ABSOLUTE
    ../clib/angel/kernel.s                   0x00000000   Number         0  rtexit.o ABSOLUTE
    ../clib/angel/rt.s                       0x00000000   Number         0  rt_errno_addr.o ABSOLUTE
    ../clib/angel/rt.s                       0x00000000   Number         0  rt_raise.o ABSOLUTE
    ../clib/angel/rt.s                       0x00000000   Number         0  rt_heap_descriptor.o ABSOLUTE
    ../clib/angel/rt.s                       0x00000000   Number         0  rt_heap_descriptor_intlibspace.o ABSOLUTE
    ../clib/angel/rt.s                       0x00000000   Number         0  rt_errno_addr_intlibspace.o ABSOLUTE
    ../clib/angel/scatter.s                  0x00000000   Number         0  __scatter.o ABSOLUTE
    ../clib/angel/startup.s                  0x00000000   Number         0  __main.o ABSOLUTE
    ../clib/angel/sys.s                      0x00000000   Number         0  libspace.o ABSOLUTE
    ../clib/angel/sys.s                      0x00000000   Number         0  use_no_semi.o ABSOLUTE
    ../clib/angel/sys.s                      0x00000000   Number         0  indicate_semi.o ABSOLUTE
    ../clib/angel/sys.s                      0x00000000   Number         0  sys_stackheap_outer.o ABSOLUTE
    ../clib/angel/sys.s                      0x00000000   Number         0  mutex_dummy.o ABSOLUTE
    ../clib/angel/sysapp.c                   0x00000000   Number         0  sys_exit.o ABSOLUTE
    ../clib/angel/sysapp.c                   0x00000000   Number         0  sys_io.o ABSOLUTE
    ../clib/angel/sysapp.c                   0x00000000   Number         0  sys_command.o ABSOLUTE
    ../clib/angel/sysapp.c                   0x00000000   Number         0  sys_wrch.o ABSOLUTE
    ../clib/armsys.c                         0x00000000   Number         0  _get_argv_nomalloc.o ABSOLUTE
    ../clib/armsys.c                         0x00000000   Number         0  argv_veneer.o ABSOLUTE
    ../clib/armsys.c                         0x00000000   Number         0  _get_argv.o ABSOLUTE
    ../clib/armsys.c                         0x00000000   Number         0  no_argv.o ABSOLUTE
    ../clib/armsys.c                         0x00000000   Number         0  argv_veneer.o ABSOLUTE
    ../clib/heap1.c                          0x00000000   Number         0  h1_alloc.o ABSOLUTE
    ../clib/heap1.c                          0x00000000   Number         0  h1_free.o ABSOLUTE
    ../clib/heap1.c                          0x00000000   Number         0  h1_free_mt.o ABSOLUTE
    ../clib/heap1.c                          0x00000000   Number         0  h1_extend_mt.o ABSOLUTE
    ../clib/heap1.c                          0x00000000   Number         0  h1_init.o ABSOLUTE
    ../clib/heap1.c                          0x00000000   Number         0  h1_final.o ABSOLUTE
    ../clib/heap1.c                          0x00000000   Number         0  h1_init_mt.o ABSOLUTE
    ../clib/heap1.c                          0x00000000   Number         0  h1_alloc_mt.o ABSOLUTE
    ../clib/heap1.c                          0x00000000   Number         0  h1_extend.o ABSOLUTE
    ../clib/heap1.c                          0x00000000   Number         0  h1_final_mt.o ABSOLUTE
    ../clib/heap2.c                          0x00000000   Number         0  heap2.o ABSOLUTE
    ../clib/heap2.c                          0x00000000   Number         0  heap2mt.o ABSOLUTE
    ../clib/heap2.c                          0x00000000   Number         0  fdtree.o ABSOLUTE
    ../clib/heapalloc.c                      0x00000000   Number         0  maybetermalloc2.o ABSOLUTE
    ../clib/heapalloc.c                      0x00000000   Number         0  free.o ABSOLUTE
    ../clib/heapalloc.c                      0x00000000   Number         0  maybetermalloc1.o ABSOLUTE
    ../clib/heapalloc.c                      0x00000000   Number         0  maybetermalloc2.o ABSOLUTE
    ../clib/heapalloc.c                      0x00000000   Number         0  maybetermalloc1.o ABSOLUTE
    ../clib/heapalloc.c                      0x00000000   Number         0  heapstubs.o ABSOLUTE
    ../clib/heapalloc.c                      0x00000000   Number         0  malloc.o ABSOLUTE
    ../clib/heapalloc.c                      0x00000000   Number         0  hguard.o ABSOLUTE
    ../clib/heapalloc.c                      0x00000000   Number         0  hrguard.o ABSOLUTE
    ../clib/heapalloc.c                      0x00000000   Number         0  term_alloc.o ABSOLUTE
    ../clib/heapalloc.c                      0x00000000   Number         0  init_alloc.o ABSOLUTE
    ../clib/heapaux.c                        0x00000000   Number         0  heapauxa.o ABSOLUTE
    ../clib/heapaux.c                        0x00000000   Number         0  heapauxi.o ABSOLUTE
    ../clib/libinit.s                        0x00000000   Number         0  libinit.o ABSOLUTE
    ../clib/libinit.s                        0x00000000   Number         0  libshutdown.o ABSOLUTE
    ../clib/libinit.s                        0x00000000   Number         0  libshutdown2.o ABSOLUTE
    ../clib/libinit.s                        0x00000000   Number         0  libinit2.o ABSOLUTE
    ../clib/memcpset.s                       0x00000000   Number         0  rt_memcpy_w.o ABSOLUTE
    ../clib/memcpset.s                       0x00000000   Number         0  rt_memclr_w.o ABSOLUTE
    ../clib/printf.c                         0x00000000   Number         0  __printf_nopercent.o ABSOLUTE
    ../clib/printf.c                         0x00000000   Number         0  __2printf.o ABSOLUTE
    ../clib/printf.c                         0x00000000   Number         0  _printf_char_common.o ABSOLUTE
    ../clib/printf.c                         0x00000000   Number         0  noretval__2printf.o ABSOLUTE
    ../clib/printf.c                         0x00000000   Number         0  _printf_char_file.o ABSOLUTE
    ../clib/signal.c                         0x00000000   Number         0  defsig_rtred_outer.o ABSOLUTE
    ../clib/signal.c                         0x00000000   Number         0  __raise.o ABSOLUTE
    ../clib/signal.c                         0x00000000   Number         0  defsig_segv_inner.o ABSOLUTE
    ../clib/signal.c                         0x00000000   Number         0  defsig_cppl_inner.o ABSOLUTE
    ../clib/signal.c                         0x00000000   Number         0  defsig_pvfn_inner.o ABSOLUTE
    ../clib/signal.c                         0x00000000   Number         0  defsig_rtmem_outer.o ABSOLUTE
    ../clib/signal.c                         0x00000000   Number         0  defsig_stak_inner.o ABSOLUTE
    ../clib/signal.c                         0x00000000   Number         0  defsig_fpe_inner.o ABSOLUTE
    ../clib/signal.c                         0x00000000   Number         0  defsig_abrt_inner.o ABSOLUTE
    ../clib/signal.c                         0x00000000   Number         0  defsig_general.o ABSOLUTE
    ../clib/signal.c                         0x00000000   Number         0  defsig_rtmem_formal.o ABSOLUTE
    ../clib/signal.c                         0x00000000   Number         0  defsig_other.o ABSOLUTE
    ../clib/signal.c                         0x00000000   Number         0  defsig_rtmem_inner.o ABSOLUTE
    ../clib/signal.c                         0x00000000   Number         0  defsig_rtred_inner.o ABSOLUTE
    ../clib/signal.c                         0x00000000   Number         0  defsig_exit.o ABSOLUTE
    ../clib/signal.c                         0x00000000   Number         0  defsig_rtred_formal.o ABSOLUTE
    ../clib/signal.s                         0x00000000   Number         0  defsig.o ABSOLUTE
    ../clib/stdio.c                          0x00000000   Number         0  fopen.o ABSOLUTE
    ../clib/stdio.c                          0x00000000   Number         0  setvbuf.o ABSOLUTE
    ../clib/stdio.c                          0x00000000   Number         0  streamlock.o ABSOLUTE
    ../clib/stdio.c                          0x00000000   Number         0  ftell.o ABSOLUTE
    ../clib/stdio.c                          0x00000000   Number         0  stdio_streams.o ABSOLUTE
    ../clib/stdio.c                          0x00000000   Number         0  fopen_locked.o ABSOLUTE
    ../clib/stdio.c                          0x00000000   Number         0  setvbuf_locked.o ABSOLUTE
    ../clib/stdio.c                          0x00000000   Number         0  initio.o ABSOLUTE
    ../clib/stdio.c                          0x00000000   Number         0  initio_locked.o ABSOLUTE
    ../clib/stdio.c                          0x00000000   Number         0  fclose.o ABSOLUTE
    ../clib/stdio.c                          0x00000000   Number         0  stdio.o ABSOLUTE
    ../clib/stdio.c                          0x00000000   Number         0  fseek.o ABSOLUTE
    ../clib/stdlib.c                         0x00000000   Number         0  exit.o ABSOLUTE
    ../clib/string.c                         0x00000000   Number         0  strlen.o ABSOLUTE
    ../fplib/d2f.s                           0x00000000   Number         0  d2f.o ABSOLUTE
    ../fplib/daddsub.s                       0x00000000   Number         0  daddsub_clz.o ABSOLUTE
    ../fplib/dflt.s                          0x00000000   Number         0  dflt_clz.o ABSOLUTE
    ../fplib/dmul.s                          0x00000000   Number         0  dmul.o ABSOLUTE
    ../fplib/dnaninf.s                       0x00000000   Number         0  dnaninf.o ABSOLUTE
    ../fplib/dretinf.s                       0x00000000   Number         0  dretinf.o ABSOLUTE
    ../fplib/fpinit.s                        0x00000000   Number         0  fpinit.o ABSOLUTE
    ../fplib/fretinf.s                       0x00000000   Number         0  fretinf.o ABSOLUTE
    ../fplib/usenofp.s                       0x00000000   Number         0  usenofp.o ABSOLUTE
    Lab1.c                                   0x00000000   Number         0  lab1.o ABSOLUTE
    PLL.c                                    0x00000000   Number         0  pll.o ABSOLUTE
    ST7735.c                                 0x00000000   Number         0  st7735.o ABSOLUTE
    Startup.s                                0x00000000   Number         0  startup.o ABSOLUTE
    SysTick.c                                0x00000000   Number         0  systick.o ABSOLUTE
    dc.s                                     0x00000000   Number         0  dc.o ABSOLUTE
    fixed.c                                  0x00000000   Number         0  fixed.o ABSOLUTE
    floatvsfix.s                             0x00000000   Number         0  floatvsfix.o ABSOLUTE
    $v0                                      0x0000026c   Number         0  startup.o(RESET)
    !!!main                                  0x00000284   Section        8  __main.o(!!!main)
    !!!scatter                               0x0000028c   Section       52  __scatter.o(!!!scatter)
    !!handler_copy                           0x000002c0   Section       26  __scatter_copy.o(!!handler_copy)
    !!handler_zi                             0x000002dc   Section       28  __scatter_zi.o(!!handler_zi)
    .ARM.Collect$$libinit$$00000000          0x000002f8   Section        2  libinit.o(.ARM.Collect$$libinit$$00000000)
    .ARM.Collect$$libinit$$00000001          0x000002fa   Section        4  libinit2.o(.ARM.Collect$$libinit$$00000001)
    .ARM.Collect$$libinit$$00000003          0x000002fe   Section        8  libinit2.o(.ARM.Collect$$libinit$$00000003)
    .ARM.Collect$$libinit$$00000008          0x00000306   Section        0  libinit2.o(.ARM.Collect$$libinit$$00000008)
    .ARM.Collect$$libinit$$0000000A          0x00000306   Section        0  libinit2.o(.ARM.Collect$$libinit$$0000000A)
    .ARM.Collect$$libinit$$0000000C          0x00000306   Section        0  libinit2.o(.ARM.Collect$$libinit$$0000000C)
    .ARM.Collect$$libinit$$0000000F          0x00000306   Section        0  libinit2.o(.ARM.Collect$$libinit$$0000000F)
    .ARM.Collect$$libinit$$00000011          0x00000306   Section        0  libinit2.o(.ARM.Collect$$libinit$$00000011)
    .ARM.Collect$$libinit$$00000013          0x00000306   Section        0  libinit2.o(.ARM.Collect$$libinit$$00000013)
    .ARM.Collect$$libinit$$00000015          0x00000306   Section        0  libinit2.o(.ARM.Collect$$libinit$$00000015)
    .ARM.Collect$$libinit$$00000017          0x00000306   Section        0  libinit2.o(.ARM.Collect$$libinit$$00000017)
    .ARM.Collect$$libinit$$00000019          0x00000306   Section        0  libinit2.o(.ARM.Collect$$libinit$$00000019)
    .ARM.Collect$$libinit$$0000001B          0x00000306   Section        0  libinit2.o(.ARM.Collect$$libinit$$0000001B)
    .ARM.Collect$$libinit$$0000001D          0x00000306   Section        0  libinit2.o(.ARM.Collect$$libinit$$0000001D)
    .ARM.Collect$$libinit$$0000001F          0x00000306   Section        0  libinit2.o(.ARM.Collect$$libinit$$0000001F)
    .ARM.Collect$$libinit$$00000021          0x00000306   Section        0  libinit2.o(.ARM.Collect$$libinit$$00000021)
    .ARM.Collect$$libinit$$00000022          0x00000306   Section        4  libinit2.o(.ARM.Collect$$libinit$$00000022)
    .ARM.Collect$$libinit$$00000023          0x0000030a   Section        0  libinit2.o(.ARM.Collect$$libinit$$00000023)
    .ARM.Collect$$libinit$$0000002A          0x0000030a   Section        0  libinit2.o(.ARM.Collect$$libinit$$0000002A)
    .ARM.Collect$$libinit$$0000002C          0x0000030a   Section        0  libinit2.o(.ARM.Collect$$libinit$$0000002C)
    .ARM.Collect$$libinit$$0000002E          0x0000030a   Section        0  libinit2.o(.ARM.Collect$$libinit$$0000002E)
    .ARM.Collect$$libinit$$00000030          0x0000030a   Section        0  libinit2.o(.ARM.Collect$$libinit$$00000030)
    .ARM.Collect$$libinit$$00000031          0x0000030a   Section        2  libinit2.o(.ARM.Collect$$libinit$$00000031)
    .ARM.Collect$$libshutdown$$00000000      0x0000030c   Section        2  libshutdown.o(.ARM.Collect$$libshutdown$$00000000)
    .ARM.Collect$$libshutdown$$00000002      0x0000030e   Section        4  libshutdown2.o(.ARM.Collect$$libshutdown$$00000002)
    .ARM.Collect$$libshutdown$$00000003      0x00000312   Section        0  libshutdown2.o(.ARM.Collect$$libshutdown$$00000003)
    .ARM.Collect$$libshutdown$$00000006      0x00000312   Section        0  libshutdown2.o(.ARM.Collect$$libshutdown$$00000006)
    .ARM.Collect$$libshutdown$$00000009      0x00000312   Section        0  libshutdown2.o(.ARM.Collect$$libshutdown$$00000009)
    .ARM.Collect$$libshutdown$$0000000B      0x00000312   Section        0  libshutdown2.o(.ARM.Collect$$libshutdown$$0000000B)
    .ARM.Collect$$libshutdown$$0000000E      0x00000312   Section        0  libshutdown2.o(.ARM.Collect$$libshutdown$$0000000E)
    .ARM.Collect$$libshutdown$$0000000F      0x00000312   Section        2  libshutdown2.o(.ARM.Collect$$libshutdown$$0000000F)
    .ARM.Collect$$rtentry$$00000000          0x00000314   Section        0  rtentry.o(.ARM.Collect$$rtentry$$00000000)
    .ARM.Collect$$rtentry$$00000002          0x00000314   Section        0  rtentry2.o(.ARM.Collect$$rtentry$$00000002)
    .ARM.Collect$$rtentry$$00000004          0x00000314   Section        6  rtentry4.o(.ARM.Collect$$rtentry$$00000004)
    .ARM.Collect$$rtentry$$00000009          0x0000031a   Section        0  rtentry2.o(.ARM.Collect$$rtentry$$00000009)
    .ARM.Collect$$rtentry$$0000000A          0x0000031a   Section        4  rtentry2.o(.ARM.Collect$$rtentry$$0000000A)
    .ARM.Collect$$rtentry$$0000000C          0x0000031e   Section        0  rtentry2.o(.ARM.Collect$$rtentry$$0000000C)
    .ARM.Collect$$rtentry$$0000000D          0x0000031e   Section        8  rtentry2.o(.ARM.Collect$$rtentry$$0000000D)
    .ARM.Collect$$rtexit$$00000000           0x00000326   Section        2  rtexit.o(.ARM.Collect$$rtexit$$00000000)
    .ARM.Collect$$rtexit$$00000002           0x00000328   Section        0  rtexit2.o(.ARM.Collect$$rtexit$$00000002)
    .ARM.Collect$$rtexit$$00000003           0x00000328   Section        4  rtexit2.o(.ARM.Collect$$rtexit$$00000003)
    .ARM.Collect$$rtexit$$00000004           0x0000032c   Section        6  rtexit2.o(.ARM.Collect$$rtexit$$00000004)
    .emb_text                                0x00000334   Section        0  maybetermalloc1.o(.emb_text)
    .text                                    0x00000334   Section       48  startup.o(.text)
    $v0                                      0x00000334   Number         0  startup.o(.text)
    .text                                    0x00000364   Section        0  lab1.o(.text)
    .text                                    0x0000073c   Section        0  pll.o(.text)
    .text                                    0x000007b8   Section        0  st7735.o(.text)
    writecommand                             0x000007b9   Thumb Code    40  st7735.o(.text)
    writedata                                0x000007e1   Thumb Code    24  st7735.o(.text)
    commandList                              0x00000819   Thumb Code    86  st7735.o(.text)
    commonInit                               0x0000086f   Thumb Code   340  st7735.o(.text)
    setAddrWindow                            0x000009c3   Thumb Code   106  st7735.o(.text)
    pushColor                                0x00000b7d   Thumb Code    18  st7735.o(.text)
    .text                                    0x000016f0   Section        0  systick.o(.text)
    .text                                    0x00001744   Section      112  floatvsfix.o(.text)
    $v0                                      0x00001744   Number         0  floatvsfix.o(.text)
    .text                                    0x000017b4   Section        0  fixed.o(.text)
    .text                                    0x000019e0   Section        0  noretval__2printf.o(.text)
    .text                                    0x000019f8   Section        0  heapauxi.o(.text)
    .text                                    0x00001a00   Section        0  _printf_char_file.o(.text)
    .text                                    0x00001a24   Section        0  _printf_char_common.o(.text)
    _printf_input_char                       0x00001a25   Thumb Code    10  _printf_char_common.o(.text)
    .text                                    0x00001a54   Section        0  initio.o(.text)
    .text                                    0x00001b8c   Section        0  sys_io.o(.text)
    .text                                    0x00001bf2   Section       74  sys_stackheap_outer.o(.text)
    .text                                    0x00001c3c   Section        0  h1_free.o(.text)
    .text                                    0x00001c8a   Section        0  __printf_nopercent.o(.text)
    .text                                    0x00001cb0   Section        0  setvbuf.o(.text)
    .text                                    0x00001cf8   Section        0  fopen.o(.text)
    _freopen_locked                          0x00001cf9   Thumb Code     0  fopen.o(.text)
    .text                                    0x00001de4   Section        0  fclose.o(.text)
    .text                                    0x00001e30   Section        0  exit.o(.text)
    .text                                    0x00001e3c   Section        0  defsig_rtred_outer.o(.text)
    .text                                    0x00001e4a   Section       78  rt_memclr_w.o(.text)
    .text                                    0x00001e98   Section        8  libspace.o(.text)
    .text                                    0x00001ea0   Section        2  use_no_semi.o(.text)
    .text                                    0x00001ea2   Section        0  indicate_semi.o(.text)
    .text                                    0x00001ea4   Section        8  rt_heap_descriptor_intlibspace.o(.text)
    .text                                    0x00001eac   Section        0  hguard.o(.text)
    .text                                    0x00001eb0   Section        0  init_alloc.o(.text)
    .text                                    0x00001f3a   Section        0  h1_alloc.o(.text)
    .text                                    0x00001f98   Section        0  fseek.o(.text)
    .text                                    0x00002090   Section        0  stdio.o(.text)
    .text                                    0x00002180   Section        0  defsig_exit.o(.text)
    .text                                    0x0000218c   Section        0  defsig_rtred_inner.o(.text)
    .text                                    0x000021c0   Section        0  strlen.o(.text)
    .text                                    0x00002200   Section        0  sys_exit.o(.text)
    .text                                    0x0000220c   Section        0  h1_init.o(.text)
    .text                                    0x0000221a   Section        0  h1_extend.o(.text)
    .text                                    0x0000224e   Section        0  ftell.o(.text)
    .text                                    0x00002294   Section        0  defsig_general.o(.text)
    .text                                    0x000022c6   Section        0  defsig_rtmem_outer.o(.text)
    .text                                    0x000022d4   Section        0  sys_wrch.o(.text)
    .text                                    0x000022e4   Section        8  rt_errno_addr_intlibspace.o(.text)
    .text                                    0x000022ec   Section        0  defsig_rtmem_inner.o(.text)
    x$fpl$d2f                                0x0000233c   Section       98  d2f.o(x$fpl$d2f)
    $v0                                      0x0000233c   Number         0  d2f.o(x$fpl$d2f)
    x$fpl$dadd                               0x000023a0   Section      336  daddsub_clz.o(x$fpl$dadd)
    $v0                                      0x000023a0   Number         0  daddsub_clz.o(x$fpl$dadd)
    _dadd1                                   0x000023b1   Thumb Code     0  daddsub_clz.o(x$fpl$dadd)
    x$fpl$dfltu                              0x000024f0   Section       38  dflt_clz.o(x$fpl$dfltu)
    $v0                                      0x000024f0   Number         0  dflt_clz.o(x$fpl$dfltu)
    x$fpl$dmul                               0x00002518   Section      340  dmul.o(x$fpl$dmul)
    $v0                                      0x00002518   Number         0  dmul.o(x$fpl$dmul)
    x$fpl$dnaninf                            0x0000266c   Section      156  dnaninf.o(x$fpl$dnaninf)
    $v0                                      0x0000266c   Number         0  dnaninf.o(x$fpl$dnaninf)
    x$fpl$dretinf                            0x00002708   Section       12  dretinf.o(x$fpl$dretinf)
    $v0                                      0x00002708   Number         0  dretinf.o(x$fpl$dretinf)
    x$fpl$dsub                               0x00002714   Section      468  daddsub_clz.o(x$fpl$dsub)
    $v0                                      0x00002714   Number         0  daddsub_clz.o(x$fpl$dsub)
    _dsub1                                   0x00002725   Thumb Code     0  daddsub_clz.o(x$fpl$dsub)
    x$fpl$fpinit                             0x000028e8   Section       10  fpinit.o(x$fpl$fpinit)
    $v0                                      0x000028e8   Number         0  fpinit.o(x$fpl$fpinit)
    x$fpl$fretinf                            0x000028f2   Section       10  fretinf.o(x$fpl$fretinf)
    $v0                                      0x000028f2   Number         0  fretinf.o(x$fpl$fretinf)
    .constdata                               0x000028fc   Section     2272  lab1.o(.constdata)
    x$fpl$usenofp                            0x000028fc   Section        0  usenofp.o(x$fpl$usenofp)
    .constdata                               0x000031dc   Section     2018  st7735.o(.constdata)
    Font                                     0x000031dc   Data        1275  st7735.o(.constdata)
    Bcmd                                     0x000036d7   Data         103  st7735.o(.constdata)
    Rcmd1                                    0x0000373e   Data          59  st7735.o(.constdata)
    Rcmd2green                               0x00003779   Data          13  st7735.o(.constdata)
    Rcmd2red                                 0x00003786   Data          13  st7735.o(.constdata)
    Rcmd3                                    0x00003793   Data          43  st7735.o(.constdata)
    .constdata                               0x000039c0   Section       14  fixed.o(.constdata)
    .constdata                               0x000039ce   Section        4  sys_io.o(.constdata)
    .constdata                               0x000039d2   Section        4  sys_io.o(.constdata)
    .constdata                               0x000039d6   Section        4  sys_io.o(.constdata)
    .data                                    0x20000000   Section        8  lab1.o(.data)
    .data                                    0x20000008   Section       44  st7735.o(.data)
    _width                                   0x20000012   Data           2  st7735.o(.data)
    _height                                  0x20000014   Data           2  st7735.o(.data)
    ColStart                                 0x2000001c   Data           1  st7735.o(.data)
    RowStart                                 0x2000001d   Data           1  st7735.o(.data)
    Rotation                                 0x2000001e   Data           1  st7735.o(.data)
    TabColor                                 0x2000001f   Data           1  st7735.o(.data)
    .data                                    0x20000034   Section       16  fixed.o(.data)
    MinX                                     0x20000034   Data           4  fixed.o(.data)
    MaxX                                     0x20000038   Data           4  fixed.o(.data)
    MinY                                     0x2000003c   Data           4  fixed.o(.data)
    MaxY                                     0x20000040   Data           4  fixed.o(.data)
    .data                                    0x20000044   Section        4  stdio_streams.o(.data)
    .data                                    0x20000048   Section        4  stdio_streams.o(.data)
    .data                                    0x2000004c   Section        4  stdio_streams.o(.data)
    DATA                                     0x20000050   Section        8  floatvsfix.o(DATA)
    T                                        0x20000050   Data           4  floatvsfix.o(DATA)
    N                                        0x20000054   Data           4  floatvsfix.o(DATA)
    .bss                                     0x20000058   Section       12  st7735.o(.bss)
    .bss                                     0x20000064   Section       84  stdio_streams.o(.bss)
    .bss                                     0x200000b8   Section       84  stdio_streams.o(.bss)
    .bss                                     0x2000010c   Section       84  stdio_streams.o(.bss)
    .bss                                     0x20000160   Section       96  libspace.o(.bss)
    HEAP                                     0x200001c0   Section        0  startup.o(HEAP)
    STACK                                    0x200001c0   Section     1024  startup.o(STACK)
    HeapMem                                  0x200001c0   Data           0  startup.o(HEAP)
    StackMem                                 0x200001c0   Data           0  startup.o(STACK)

    Global Symbols

    Symbol Name                              Value     Ov Type        Size  Object(Section)

    BuildAttributes$$THM_ISAv4$E$P$D$K$B$S$7EM$VFPi3$EXTD16$VFPS$VFMA$PE$A:L22UL41UL21$X:L11$S22US41US21$IEEE1$IW$USESV6$~STKCKD$USESV7$~SHL$OTIME$ROPI$EBA8$UX$STANDARDLIB$REQ8$PRES8$EABIv2 0x00000000   Number         0  anon$$obj.o ABSOLUTE
    __ARM_use_no_argv                        0x00000000   Number         0  lab1.o ABSOLUTE
    __Vectors                                0x00000000   Data           0  startup.o(RESET)
    __ARM_exceptions_init                     - Undefined Weak Reference
    __alloca_initialize                       - Undefined Weak Reference
    __cpp_initialize__aeabi_                  - Undefined Weak Reference
    __cxa_finalize                            - Undefined Weak Reference
    __rt_locale                               - Undefined Weak Reference
    __sigvec_lookup                           - Undefined Weak Reference
    __user_heap_extent                        - Undefined Weak Reference
    _atexit_init                              - Undefined Weak Reference
    _call_atexit_fns                          - Undefined Weak Reference
    _clock_init                               - Undefined Weak Reference
    _fp_trap_init                             - Undefined Weak Reference
    _fp_trap_shutdown                         - Undefined Weak Reference
    _get_lc_collate                           - Undefined Weak Reference
    _get_lc_ctype                             - Undefined Weak Reference
    _get_lc_monetary                          - Undefined Weak Reference
    _get_lc_numeric                           - Undefined Weak Reference
    _get_lc_time                              - Undefined Weak Reference
    _getenv_init                              - Undefined Weak Reference
    _handle_redirection                       - Undefined Weak Reference
    _mutex_acquire                            - Undefined Weak Reference
    _mutex_free                               - Undefined Weak Reference
    _mutex_release                            - Undefined Weak Reference
    _rand_init                                - Undefined Weak Reference
    _signal_finish                            - Undefined Weak Reference
    _signal_init                              - Undefined Weak Reference
    Reset_Handler                            0x0000026d   Thumb Code     0  startup.o(RESET)
    NMI_Handler                              0x00000271   Thumb Code     2  startup.o(RESET)
    HardFault_Handler                        0x00000273   Thumb Code     2  startup.o(RESET)
    MemManage_Handler                        0x00000275   Thumb Code     2  startup.o(RESET)
    BusFault_Handler                         0x00000277   Thumb Code     2  startup.o(RESET)
    UsageFault_Handler                       0x00000279   Thumb Code     2  startup.o(RESET)
    SVC_Handler                              0x0000027b   Thumb Code     2  startup.o(RESET)
    DebugMon_Handler                         0x0000027d   Thumb Code     2  startup.o(RESET)
    PendSV_Handler                           0x0000027f   Thumb Code     2  startup.o(RESET)
    SysTick_Handler                          0x00000281   Thumb Code     2  startup.o(RESET)
    ADC0Seq0_Handler                         0x00000283   Thumb Code     0  startup.o(RESET)
    ADC0Seq1_Handler                         0x00000283   Thumb Code     0  startup.o(RESET)
    ADC0Seq2_Handler                         0x00000283   Thumb Code     0  startup.o(RESET)
    ADC0Seq3_Handler                         0x00000283   Thumb Code     0  startup.o(RESET)
    ADC1Seq0_Handler                         0x00000283   Thumb Code     0  startup.o(RESET)
    ADC1Seq1_Handler                         0x00000283   Thumb Code     0  startup.o(RESET)
    ADC1Seq2_Handler                         0x00000283   Thumb Code     0  startup.o(RESET)
    ADC1Seq3_Handler                         0x00000283   Thumb Code     0  startup.o(RESET)
    CAN0_Handler                             0x00000283   Thumb Code     0  startup.o(RESET)
    CAN1_Handler                             0x00000283   Thumb Code     0  startup.o(RESET)
    CAN2_Handler                             0x00000283   Thumb Code     0  startup.o(RESET)
    Comp0_Handler                            0x00000283   Thumb Code     0  startup.o(RESET)
    Comp1_Handler                            0x00000283   Thumb Code     0  startup.o(RESET)
    Comp2_Handler                            0x00000283   Thumb Code     0  startup.o(RESET)
    Ethernet_Handler                         0x00000283   Thumb Code     0  startup.o(RESET)
    ExtBus_Handler                           0x00000283   Thumb Code     0  startup.o(RESET)
    FPU_Handler                              0x00000283   Thumb Code     0  startup.o(RESET)
    Fan0_Handler                             0x00000283   Thumb Code     0  startup.o(RESET)
    FlashCtl_Handler                         0x00000283   Thumb Code     0  startup.o(RESET)
    GPIOPortA_Handler                        0x00000283   Thumb Code     0  startup.o(RESET)
    GPIOPortB_Handler                        0x00000283   Thumb Code     0  startup.o(RESET)
    GPIOPortC_Handler                        0x00000283   Thumb Code     0  startup.o(RESET)
    GPIOPortD_Handler                        0x00000283   Thumb Code     0  startup.o(RESET)
    GPIOPortE_Handler                        0x00000283   Thumb Code     0  startup.o(RESET)
    GPIOPortF_Handler                        0x00000283   Thumb Code     0  startup.o(RESET)
    GPIOPortG_Handler                        0x00000283   Thumb Code     0  startup.o(RESET)
    GPIOPortH_Handler                        0x00000283   Thumb Code     0  startup.o(RESET)
    GPIOPortJ_Handler                        0x00000283   Thumb Code     0  startup.o(RESET)
    GPIOPortK_Handler                        0x00000283   Thumb Code     0  startup.o(RESET)
    GPIOPortL_Handler                        0x00000283   Thumb Code     0  startup.o(RESET)
    GPIOPortM_Handler                        0x00000283   Thumb Code     0  startup.o(RESET)
    GPIOPortN_Handler                        0x00000283   Thumb Code     0  startup.o(RESET)
    GPIOPortP1_Handler                       0x00000283   Thumb Code     0  startup.o(RESET)
    GPIOPortP2_Handler                       0x00000283   Thumb Code     0  startup.o(RESET)
    GPIOPortP3_Handler                       0x00000283   Thumb Code     0  startup.o(RESET)
    GPIOPortP4_Handler                       0x00000283   Thumb Code     0  startup.o(RESET)
    GPIOPortP5_Handler                       0x00000283   Thumb Code     0  startup.o(RESET)
    GPIOPortP6_Handler                       0x00000283   Thumb Code     0  startup.o(RESET)
    GPIOPortP7_Handler                       0x00000283   Thumb Code     0  startup.o(RESET)
    GPIOPortP_Handler                        0x00000283   Thumb Code     0  startup.o(RESET)
    GPIOPortQ1_Handler                       0x00000283   Thumb Code     0  startup.o(RESET)
    GPIOPortQ2_Handler                       0x00000283   Thumb Code     0  startup.o(RESET)
    GPIOPortQ3_Handler                       0x00000283   Thumb Code     0  startup.o(RESET)
    GPIOPortQ4_Handler                       0x00000283   Thumb Code     0  startup.o(RESET)
    GPIOPortQ5_Handler                       0x00000283   Thumb Code     0  startup.o(RESET)
    GPIOPortQ6_Handler                       0x00000283   Thumb Code     0  startup.o(RESET)
    GPIOPortQ7_Handler                       0x00000283   Thumb Code     0  startup.o(RESET)
    GPIOPortQ_Handler                        0x00000283   Thumb Code     0  startup.o(RESET)
    GPIOPortR_Handler                        0x00000283   Thumb Code     0  startup.o(RESET)
    GPIOPortS_Handler                        0x00000283   Thumb Code     0  startup.o(RESET)
    Hibernate_Handler                        0x00000283   Thumb Code     0  startup.o(RESET)
    I2C0_Handler                             0x00000283   Thumb Code     0  startup.o(RESET)
    I2C1_Handler                             0x00000283   Thumb Code     0  startup.o(RESET)
    I2C2_Handler                             0x00000283   Thumb Code     0  startup.o(RESET)
    I2C3_Handler                             0x00000283   Thumb Code     0  startup.o(RESET)
    I2C4_Handler                             0x00000283   Thumb Code     0  startup.o(RESET)
    I2C5_Handler                             0x00000283   Thumb Code     0  startup.o(RESET)
    I2S0_Handler                             0x00000283   Thumb Code     0  startup.o(RESET)
    LPC0_Handler                             0x00000283   Thumb Code     0  startup.o(RESET)
    PECI0_Handler                            0x00000283   Thumb Code     0  startup.o(RESET)
    PWM0Fault_Handler                        0x00000283   Thumb Code     0  startup.o(RESET)
    PWM0Generator0_Handler                   0x00000283   Thumb Code     0  startup.o(RESET)
    PWM0Generator1_Handler                   0x00000283   Thumb Code     0  startup.o(RESET)
    PWM0Generator2_Handler                   0x00000283   Thumb Code     0  startup.o(RESET)
    PWM0Generator3_Handler                   0x00000283   Thumb Code     0  startup.o(RESET)
    PWM1Fault_Handler                        0x00000283   Thumb Code     0  startup.o(RESET)
    PWM1Generator0_Handler                   0x00000283   Thumb Code     0  startup.o(RESET)
    PWM1Generator1_Handler                   0x00000283   Thumb Code     0  startup.o(RESET)
    PWM1Generator2_Handler                   0x00000283   Thumb Code     0  startup.o(RESET)
    PWM1Generator3_Handler                   0x00000283   Thumb Code     0  startup.o(RESET)
    Quadrature0_Handler                      0x00000283   Thumb Code     0  startup.o(RESET)
    Quadrature1_Handler                      0x00000283   Thumb Code     0  startup.o(RESET)
    Quadrature2_Handler                      0x00000283   Thumb Code     0  startup.o(RESET)
    SSI0_Handler                             0x00000283   Thumb Code     0  startup.o(RESET)
    SSI1_Handler                             0x00000283   Thumb Code     0  startup.o(RESET)
    SSI2_Handler                             0x00000283   Thumb Code     0  startup.o(RESET)
    SSI3_Handler                             0x00000283   Thumb Code     0  startup.o(RESET)
    SysCtl_Handler                           0x00000283   Thumb Code     0  startup.o(RESET)
    Timer0A_Handler                          0x00000283   Thumb Code     0  startup.o(RESET)
    Timer0B_Handler                          0x00000283   Thumb Code     0  startup.o(RESET)
    Timer1A_Handler                          0x00000283   Thumb Code     0  startup.o(RESET)
    Timer1B_Handler                          0x00000283   Thumb Code     0  startup.o(RESET)
    Timer2A_Handler                          0x00000283   Thumb Code     0  startup.o(RESET)
    Timer2B_Handler                          0x00000283   Thumb Code     0  startup.o(RESET)
    Timer3A_Handler                          0x00000283   Thumb Code     0  startup.o(RESET)
    Timer3B_Handler                          0x00000283   Thumb Code     0  startup.o(RESET)
    Timer4A_Handler                          0x00000283   Thumb Code     0  startup.o(RESET)
    Timer4B_Handler                          0x00000283   Thumb Code     0  startup.o(RESET)
    Timer5A_Handler                          0x00000283   Thumb Code     0  startup.o(RESET)
    Timer5B_Handler                          0x00000283   Thumb Code     0  startup.o(RESET)
    UART0_Handler                            0x00000283   Thumb Code     0  startup.o(RESET)
    UART1_Handler                            0x00000283   Thumb Code     0  startup.o(RESET)
    UART2_Handler                            0x00000283   Thumb Code     0  startup.o(RESET)
    UART3_Handler                            0x00000283   Thumb Code     0  startup.o(RESET)
    UART4_Handler                            0x00000283   Thumb Code     0  startup.o(RESET)
    UART5_Handler                            0x00000283   Thumb Code     0  startup.o(RESET)
    UART6_Handler                            0x00000283   Thumb Code     0  startup.o(RESET)
    UART7_Handler                            0x00000283   Thumb Code     0  startup.o(RESET)
    USB0_Handler                             0x00000283   Thumb Code     0  startup.o(RESET)
    WDT_Handler                              0x00000283   Thumb Code     0  startup.o(RESET)
    WideTimer0A_Handler                      0x00000283   Thumb Code     0  startup.o(RESET)
    WideTimer0B_Handler                      0x00000283   Thumb Code     0  startup.o(RESET)
    WideTimer1A_Handler                      0x00000283   Thumb Code     0  startup.o(RESET)
    WideTimer1B_Handler                      0x00000283   Thumb Code     0  startup.o(RESET)
    WideTimer2A_Handler                      0x00000283   Thumb Code     0  startup.o(RESET)
    WideTimer2B_Handler                      0x00000283   Thumb Code     0  startup.o(RESET)
    WideTimer3A_Handler                      0x00000283   Thumb Code     0  startup.o(RESET)
    WideTimer3B_Handler                      0x00000283   Thumb Code     0  startup.o(RESET)
    WideTimer4A_Handler                      0x00000283   Thumb Code     0  startup.o(RESET)
    WideTimer4B_Handler                      0x00000283   Thumb Code     0  startup.o(RESET)
    WideTimer5A_Handler                      0x00000283   Thumb Code     0  startup.o(RESET)
    WideTimer5B_Handler                      0x00000283   Thumb Code     0  startup.o(RESET)
    uDMA_Error                               0x00000283   Thumb Code     0  startup.o(RESET)
    uDMA_Handler                             0x00000283   Thumb Code     0  startup.o(RESET)
    __main                                   0x00000285   Thumb Code     8  __main.o(!!!main)
    __scatterload                            0x0000028d   Thumb Code     0  __scatter.o(!!!scatter)
    __scatterload_rt2                        0x0000028d   Thumb Code    44  __scatter.o(!!!scatter)
    __scatterload_rt2_thumb_only             0x0000028d   Thumb Code     0  __scatter.o(!!!scatter)
    __scatterload_null                       0x0000029b   Thumb Code     0  __scatter.o(!!!scatter)
    __scatterload_copy                       0x000002c1   Thumb Code    26  __scatter_copy.o(!!handler_copy)
    __scatterload_zeroinit                   0x000002dd   Thumb Code    28  __scatter_zi.o(!!handler_zi)
    __rt_lib_init                            0x000002f9   Thumb Code     0  libinit.o(.ARM.Collect$$libinit$$00000000)
    __rt_lib_init_fp_1                       0x000002fb   Thumb Code     0  libinit2.o(.ARM.Collect$$libinit$$00000001)
    __rt_lib_init_heap_2                     0x000002ff   Thumb Code     0  libinit2.o(.ARM.Collect$$libinit$$00000003)
    __rt_lib_init_atexit_1                   0x00000307   Thumb Code     0  libinit2.o(.ARM.Collect$$libinit$$00000019)
    __rt_lib_init_clock_1                    0x00000307   Thumb Code     0  libinit2.o(.ARM.Collect$$libinit$$0000001F)
    __rt_lib_init_fp_trap_1                  0x00000307   Thumb Code     0  libinit2.o(.ARM.Collect$$libinit$$0000001D)
    __rt_lib_init_getenv_1                   0x00000307   Thumb Code     0  libinit2.o(.ARM.Collect$$libinit$$00000021)
    __rt_lib_init_heap_1                     0x00000307   Thumb Code     0  libinit2.o(.ARM.Collect$$libinit$$00000008)
    __rt_lib_init_lc_collate_1               0x00000307   Thumb Code     0  libinit2.o(.ARM.Collect$$libinit$$0000000F)
    __rt_lib_init_lc_ctype_1                 0x00000307   Thumb Code     0  libinit2.o(.ARM.Collect$$libinit$$00000011)
    __rt_lib_init_lc_monetary_1              0x00000307   Thumb Code     0  libinit2.o(.ARM.Collect$$libinit$$00000013)
    __rt_lib_init_lc_numeric_1               0x00000307   Thumb Code     0  libinit2.o(.ARM.Collect$$libinit$$00000015)
    __rt_lib_init_lc_time_1                  0x00000307   Thumb Code     0  libinit2.o(.ARM.Collect$$libinit$$00000017)
    __rt_lib_init_rand_1                     0x00000307   Thumb Code     0  libinit2.o(.ARM.Collect$$libinit$$0000000C)
    __rt_lib_init_signal_1                   0x00000307   Thumb Code     0  libinit2.o(.ARM.Collect$$libinit$$0000001B)
    __rt_lib_init_stdio_2                    0x00000307   Thumb Code     0  libinit2.o(.ARM.Collect$$libinit$$00000022)
    __rt_lib_init_user_alloc_1               0x00000307   Thumb Code     0  libinit2.o(.ARM.Collect$$libinit$$0000000A)
    __rt_lib_init_alloca_1                   0x0000030b   Thumb Code     0  libinit2.o(.ARM.Collect$$libinit$$0000002C)
    __rt_lib_init_argv_1                     0x0000030b   Thumb Code     0  libinit2.o(.ARM.Collect$$libinit$$0000002A)
    __rt_lib_init_cpp_1                      0x0000030b   Thumb Code     0  libinit2.o(.ARM.Collect$$libinit$$00000030)
    __rt_lib_init_exceptions_1               0x0000030b   Thumb Code     0  libinit2.o(.ARM.Collect$$libinit$$0000002E)
    __rt_lib_init_return                     0x0000030b   Thumb Code     0  libinit2.o(.ARM.Collect$$libinit$$00000031)
    __rt_lib_init_stdio_1                    0x0000030b   Thumb Code     0  libinit2.o(.ARM.Collect$$libinit$$00000023)
    __rt_lib_shutdown                        0x0000030d   Thumb Code     0  libshutdown.o(.ARM.Collect$$libshutdown$$00000000)
    __rt_lib_shutdown_stdio_2                0x0000030f   Thumb Code     0  libshutdown2.o(.ARM.Collect$$libshutdown$$00000002)
    __rt_lib_shutdown_fp_trap_1              0x00000313   Thumb Code     0  libshutdown2.o(.ARM.Collect$$libshutdown$$00000006)
    __rt_lib_shutdown_heap_1                 0x00000313   Thumb Code     0  libshutdown2.o(.ARM.Collect$$libshutdown$$0000000E)
    __rt_lib_shutdown_return                 0x00000313   Thumb Code     0  libshutdown2.o(.ARM.Collect$$libshutdown$$0000000F)
    __rt_lib_shutdown_signal_1               0x00000313   Thumb Code     0  libshutdown2.o(.ARM.Collect$$libshutdown$$00000009)
    __rt_lib_shutdown_stdio_1                0x00000313   Thumb Code     0  libshutdown2.o(.ARM.Collect$$libshutdown$$00000003)
    __rt_lib_shutdown_user_alloc_1           0x00000313   Thumb Code     0  libshutdown2.o(.ARM.Collect$$libshutdown$$0000000B)
    __rt_entry                               0x00000315   Thumb Code     0  rtentry.o(.ARM.Collect$$rtentry$$00000000)
    __rt_entry_presh_1                       0x00000315   Thumb Code     0  rtentry2.o(.ARM.Collect$$rtentry$$00000002)
    __rt_entry_sh                            0x00000315   Thumb Code     0  rtentry4.o(.ARM.Collect$$rtentry$$00000004)
    __rt_entry_li                            0x0000031b   Thumb Code     0  rtentry2.o(.ARM.Collect$$rtentry$$0000000A)
    __rt_entry_postsh_1                      0x0000031b   Thumb Code     0  rtentry2.o(.ARM.Collect$$rtentry$$00000009)
    __rt_entry_main                          0x0000031f   Thumb Code     0  rtentry2.o(.ARM.Collect$$rtentry$$0000000D)
    __rt_entry_postli_1                      0x0000031f   Thumb Code     0  rtentry2.o(.ARM.Collect$$rtentry$$0000000C)
    __rt_exit                                0x00000327   Thumb Code     0  rtexit.o(.ARM.Collect$$rtexit$$00000000)
    __rt_exit_ls                             0x00000329   Thumb Code     0  rtexit2.o(.ARM.Collect$$rtexit$$00000003)
    __rt_exit_prels_1                        0x00000329   Thumb Code     0  rtexit2.o(.ARM.Collect$$rtexit$$00000002)
    __rt_exit_exit                           0x0000032d   Thumb Code     0  rtexit2.o(.ARM.Collect$$rtexit$$00000004)
    DisableInterrupts                        0x00000335   Thumb Code     0  startup.o(.text)
    _maybe_terminate_alloc                   0x00000335   Thumb Code     0  maybetermalloc1.o(.emb_text)
    EnableInterrupts                         0x00000339   Thumb Code     0  startup.o(.text)
    StartCritical                            0x0000033d   Thumb Code     0  startup.o(.text)
    EndCritical                              0x00000345   Thumb Code     0  startup.o(.text)
    WaitForInterrupt                         0x0000034b   Thumb Code     0  startup.o(.text)
    __user_initial_stackheap                 0x0000034f   Thumb Code     0  startup.o(.text)
    DelayWait10ms                            0x00000365   Thumb Code    32  lab1.o(.text)
    Pause                                    0x00000385   Thumb Code    36  lab1.o(.text)
    Test1                                    0x000003a9   Thumb Code   134  lab1.o(.text)
    Test2                                    0x0000042f   Thumb Code    42  lab1.o(.text)
    PortF_Init                               0x00000459   Thumb Code   110  lab1.o(.text)
    main                                     0x000004c7   Thumb Code   344  lab1.o(.text)
    main4                                    0x0000061f   Thumb Code    26  lab1.o(.text)
    main5                                    0x00000639   Thumb Code    26  lab1.o(.text)
    PLL_Init                                 0x0000073d   Thumb Code   118  pll.o(.text)
    Delay1ms                                 0x000007f9   Thumb Code    32  st7735.o(.text)
    ST7735_FillRect                          0x00000a2d   Thumb Code   164  st7735.o(.text)
    ST7735_FillScreen                        0x00000ad1   Thumb Code    28  st7735.o(.text)
    ST7735_SetCursor                         0x00000aed   Thumb Code    22  st7735.o(.text)
    ST7735_InitB                             0x00000b03   Thumb Code    32  st7735.o(.text)
    ST7735_InitR                             0x00000b23   Thumb Code    90  st7735.o(.text)
    ST7735_DrawPixel                         0x00000b8f   Thumb Code   162  st7735.o(.text)
    ST7735_DrawFastVLine                     0x00000c31   Thumb Code   116  st7735.o(.text)
    ST7735_DrawFastHLine                     0x00000ca5   Thumb Code   116  st7735.o(.text)
    ST7735_Color565                          0x00000d19   Thumb Code    24  st7735.o(.text)
    ST7735_SwapColor                         0x00000d31   Thumb Code    18  st7735.o(.text)
    ST7735_DrawBitmap                        0x00000d43   Thumb Code   280  st7735.o(.text)
    ST7735_DrawCharS                         0x00000e5b   Thumb Code   232  st7735.o(.text)
    ST7735_DrawChar                          0x00000f43   Thumb Code   270  st7735.o(.text)
    ST7735_DrawString                        0x00001051   Thumb Code    86  st7735.o(.text)
    fillmessage                              0x000010a7   Thumb Code    64  st7735.o(.text)
    ST7735_OutUDec                           0x000010e7   Thumb Code   118  st7735.o(.text)
    ST7735_SetRotation                       0x0000115d   Thumb Code   196  st7735.o(.text)
    ST7735_InvertDisplay                     0x00001221   Thumb Code    22  st7735.o(.text)
    ST7735_PlotClear                         0x00001237   Thumb Code    74  st7735.o(.text)
    ST7735_PlotPoint                         0x00001281   Thumb Code   136  st7735.o(.text)
    ST7735_PlotLine                          0x00001309   Thumb Code   242  st7735.o(.text)
    ST7735_PlotPoints                        0x000013fb   Thumb Code   154  st7735.o(.text)
    ST7735_PlotBar                           0x00001495   Thumb Code   130  st7735.o(.text)
    ST7735_PlotdBfs                          0x00001517   Thumb Code    52  st7735.o(.text)
    ST7735_PlotNext                          0x0000154b   Thumb Code    28  st7735.o(.text)
    ST7735_PlotNextErase                     0x00001567   Thumb Code    58  st7735.o(.text)
    ST7735_OutChar                           0x000015a1   Thumb Code   176  st7735.o(.text)
    ST7735_OutString                         0x00001651   Thumb Code    24  st7735.o(.text)
    ST7735_SetTextColor                      0x00001669   Thumb Code     6  st7735.o(.text)
    fputc                                    0x0000166f   Thumb Code    16  st7735.o(.text)
    fgetc                                    0x0000167f   Thumb Code     6  st7735.o(.text)
    ferror                                   0x00001685   Thumb Code     8  st7735.o(.text)
    Output_Init                              0x0000168d   Thumb Code    16  st7735.o(.text)
    Output_Clear                             0x0000169d   Thumb Code    10  st7735.o(.text)
    Output_Off                               0x000016a7   Thumb Code     8  st7735.o(.text)
    Output_On                                0x000016af   Thumb Code     8  st7735.o(.text)
    Output_Color                             0x000016b7   Thumb Code    12  st7735.o(.text)
    SysTick_Init                             0x000016f1   Thumb Code    24  systick.o(.text)
    SysTick_Wait                             0x00001709   Thumb Code    32  systick.o(.text)
    SysTick_Wait10ms                         0x00001729   Thumb Code    22  systick.o(.text)
    Test3                                    0x00001745   Thumb Code     0  floatvsfix.o(.text)
    Test4                                    0x00001777   Thumb Code     2  floatvsfix.o(.text)
    num_Digits                               0x000017b5   Thumb Code    20  fixed.o(.text)
    change_To_Output                         0x000017c9   Thumb Code   100  fixed.o(.text)
    ST7735_sDecOut3                          0x0000182d   Thumb Code   102  fixed.o(.text)
    ST7735_uBinOut8                          0x00001893   Thumb Code   104  fixed.o(.text)
    ST7735_XYplotInit                        0x000018fb   Thumb Code    50  fixed.o(.text)
    ST7735_XYplot                            0x0000192d   Thumb Code   140  fixed.o(.text)
    __2printf                                0x000019e1   Thumb Code    20  noretval__2printf.o(.text)
    __use_two_region_memory                  0x000019f9   Thumb Code     2  heapauxi.o(.text)
    __rt_heap_escrow                         0x000019fb   Thumb Code     2  heapauxi.o(.text)
    __rt_heap_expand                         0x000019fd   Thumb Code     2  heapauxi.o(.text)
    _printf_char_file                        0x00001a01   Thumb Code    32  _printf_char_file.o(.text)
    _printf_char_common                      0x00001a2f   Thumb Code    32  _printf_char_common.o(.text)
    _initio                                  0x00001a55   Thumb Code   210  initio.o(.text)
    _terminateio                             0x00001b27   Thumb Code    56  initio.o(.text)
    _sys_open                                0x00001b8d   Thumb Code    20  sys_io.o(.text)
    _sys_close                               0x00001ba1   Thumb Code    12  sys_io.o(.text)
    _sys_write                               0x00001bad   Thumb Code    16  sys_io.o(.text)
    _sys_read                                0x00001bbd   Thumb Code    14  sys_io.o(.text)
    _sys_istty                               0x00001bcb   Thumb Code    12  sys_io.o(.text)
    _sys_seek                                0x00001bd7   Thumb Code    14  sys_io.o(.text)
    _sys_ensure                              0x00001be5   Thumb Code     2  sys_io.o(.text)
    _sys_flen                                0x00001be7   Thumb Code    12  sys_io.o(.text)
    __user_setup_stackheap                   0x00001bf3   Thumb Code    74  sys_stackheap_outer.o(.text)
    free                                     0x00001c3d   Thumb Code    78  h1_free.o(.text)
    __printf                                 0x00001c8b   Thumb Code    38  __printf_nopercent.o(.text)
    setvbuf                                  0x00001cb1   Thumb Code    70  setvbuf.o(.text)
    freopen                                  0x00001cf9   Thumb Code   158  fopen.o(.text)
    fopen                                    0x00001d97   Thumb Code    74  fopen.o(.text)
    _fclose_internal                         0x00001de5   Thumb Code    76  fclose.o(.text)
    fclose                                   0x00001de5   Thumb Code     0  fclose.o(.text)
    exit                                     0x00001e31   Thumb Code    12  exit.o(.text)
    __rt_SIGRTRED                            0x00001e3d   Thumb Code    14  defsig_rtred_outer.o(.text)
    __aeabi_memclr4                          0x00001e4b   Thumb Code     0  rt_memclr_w.o(.text)
    __aeabi_memclr8                          0x00001e4b   Thumb Code     0  rt_memclr_w.o(.text)
    __rt_memclr_w                            0x00001e4b   Thumb Code    78  rt_memclr_w.o(.text)
    _memset_w                                0x00001e4f   Thumb Code     0  rt_memclr_w.o(.text)
    __user_libspace                          0x00001e99   Thumb Code     8  libspace.o(.text)
    __user_perproc_libspace                  0x00001e99   Thumb Code     0  libspace.o(.text)
    __user_perthread_libspace                0x00001e99   Thumb Code     0  libspace.o(.text)
    __I$use$semihosting                      0x00001ea1   Thumb Code     0  use_no_semi.o(.text)
    __use_no_semihosting_swi                 0x00001ea1   Thumb Code     2  use_no_semi.o(.text)
    __semihosting_library_function           0x00001ea3   Thumb Code     0  indicate_semi.o(.text)
    __rt_heap_descriptor                     0x00001ea5   Thumb Code     8  rt_heap_descriptor_intlibspace.o(.text)
    __use_no_heap                            0x00001ead   Thumb Code     2  hguard.o(.text)
    __heap$guard                             0x00001eaf   Thumb Code     2  hguard.o(.text)
    _terminate_user_alloc                    0x00001eb1   Thumb Code     2  init_alloc.o(.text)
    _init_user_alloc                         0x00001eb3   Thumb Code     2  init_alloc.o(.text)
    __Heap_Full                              0x00001eb5   Thumb Code    34  init_alloc.o(.text)
    __Heap_Broken                            0x00001ed7   Thumb Code     6  init_alloc.o(.text)
    _init_alloc                              0x00001edd   Thumb Code    94  init_alloc.o(.text)
    malloc                                   0x00001f3b   Thumb Code    94  h1_alloc.o(.text)
    _fseek                                   0x00001f99   Thumb Code   242  fseek.o(.text)
    fseek                                    0x00001f99   Thumb Code     0  fseek.o(.text)
    _seterr                                  0x00002091   Thumb Code    20  stdio.o(.text)
    _writebuf                                0x000020a5   Thumb Code    84  stdio.o(.text)
    _fflush                                  0x000020f9   Thumb Code    70  stdio.o(.text)
    _deferredlazyseek                        0x0000213f   Thumb Code    60  stdio.o(.text)
    __sig_exit                               0x00002181   Thumb Code    10  defsig_exit.o(.text)
    __rt_SIGRTRED_inner                      0x0000218d   Thumb Code    14  defsig_rtred_inner.o(.text)
    strlen                                   0x000021c1   Thumb Code    62  strlen.o(.text)
    _sys_exit                                0x00002201   Thumb Code     8  sys_exit.o(.text)
    __Heap_Initialize                        0x0000220d   Thumb Code    10  h1_init.o(.text)
    __Heap_DescSize                          0x00002217   Thumb Code     4  h1_init.o(.text)
    __Heap_ProvideMemory                     0x0000221b   Thumb Code    52  h1_extend.o(.text)
    _ftell_internal                          0x0000224f   Thumb Code    70  ftell.o(.text)
    ftell                                    0x0000224f   Thumb Code     0  ftell.o(.text)
    __default_signal_display                 0x00002295   Thumb Code    50  defsig_general.o(.text)
    __rt_SIGRTMEM                            0x000022c7   Thumb Code    14  defsig_rtmem_outer.o(.text)
    _ttywrch                                 0x000022d5   Thumb Code    14  sys_wrch.o(.text)
    __aeabi_errno_addr                       0x000022e5   Thumb Code     8  rt_errno_addr_intlibspace.o(.text)
    __errno$intlibspace                      0x000022e5   Thumb Code     0  rt_errno_addr_intlibspace.o(.text)
    __rt_errno_addr$intlibspace              0x000022e5   Thumb Code     0  rt_errno_addr_intlibspace.o(.text)
    __rt_SIGRTMEM_inner                      0x000022ed   Thumb Code    22  defsig_rtmem_inner.o(.text)
    __aeabi_d2f                              0x0000233d   Thumb Code     0  d2f.o(x$fpl$d2f)
    _d2f                                     0x0000233d   Thumb Code    98  d2f.o(x$fpl$d2f)
    __aeabi_dadd                             0x000023a1   Thumb Code     0  daddsub_clz.o(x$fpl$dadd)
    _dadd                                    0x000023a1   Thumb Code   332  daddsub_clz.o(x$fpl$dadd)
    __aeabi_ui2d                             0x000024f1   Thumb Code     0  dflt_clz.o(x$fpl$dfltu)
    _dfltu                                   0x000024f1   Thumb Code    38  dflt_clz.o(x$fpl$dfltu)
    __aeabi_dmul                             0x00002519   Thumb Code     0  dmul.o(x$fpl$dmul)
    _dmul                                    0x00002519   Thumb Code   332  dmul.o(x$fpl$dmul)
    __fpl_dnaninf                            0x0000266d   Thumb Code   156  dnaninf.o(x$fpl$dnaninf)
    __fpl_dretinf                            0x00002709   Thumb Code    12  dretinf.o(x$fpl$dretinf)
    __aeabi_dsub                             0x00002715   Thumb Code     0  daddsub_clz.o(x$fpl$dsub)
    _dsub                                    0x00002715   Thumb Code   464  daddsub_clz.o(x$fpl$dsub)
    _fp_init                                 0x000028e9   Thumb Code    10  fpinit.o(x$fpl$fpinit)
    __fplib_config_fpu_vfp                   0x000028f1   Thumb Code     0  fpinit.o(x$fpl$fpinit)
    __fplib_config_pureend_doubles           0x000028f1   Thumb Code     0  fpinit.o(x$fpl$fpinit)
    __fpl_fretinf                            0x000028f3   Thumb Code    10  fretinf.o(x$fpl$fretinf)
    __I$use$fp                               0x000028fc   Number         0  usenofp.o(x$fpl$usenofp)
    outTests1                                0x000028fc   Data         208  lab1.o(.constdata)
    outTests2                                0x000029cc   Data         224  lab1.o(.constdata)
    CircleXbuf                               0x00002aac   Data         720  lab1.o(.constdata)
    CircleYbuf                               0x00002d7c   Data         720  lab1.o(.constdata)
    StarXbuf                                 0x0000304c   Data         200  lab1.o(.constdata)
    StarYbuf                                 0x00003114   Data         200  lab1.o(.constdata)
    dBfs                                     0x000037be   Data         512  st7735.o(.constdata)
    __stdin_name                             0x000039ce   Data           4  sys_io.o(.constdata)
    __stdout_name                            0x000039d2   Data           4  sys_io.o(.constdata)
    __stderr_name                            0x000039d6   Data           4  sys_io.o(.constdata)
    Region$$Table$$Base                      0x000039dc   Number         0  anon$$obj.o(Region$$Table)
    Region$$Table$$Limit                     0x000039fc   Number         0  anon$$obj.o(Region$$Table)
    T                                        0x20000000   Data           4  lab1.o(.data)
    N                                        0x20000004   Data           4  lab1.o(.data)
    StX                                      0x20000008   Data           4  st7735.o(.data)
    StY                                      0x2000000c   Data           4  st7735.o(.data)
    StTextColor                              0x20000010   Data           2  st7735.o(.data)
    lastj                                    0x20000018   Data           4  st7735.o(.data)
    Messageindex                             0x20000020   Data           4  st7735.o(.data)
    Ymax                                     0x20000024   Data           4  st7735.o(.data)
    Ymin                                     0x20000028   Data           4  st7735.o(.data)
    X                                        0x2000002c   Data           4  st7735.o(.data)
    Yrange                                   0x20000030   Data           4  st7735.o(.data)
    __aeabi_stdin                            0x20000044   Data           4  stdio_streams.o(.data)
    __aeabi_stdout                           0x20000048   Data           4  stdio_streams.o(.data)
    __aeabi_stderr                           0x2000004c   Data           4  stdio_streams.o(.data)
    Message                                  0x20000058   Data          12  st7735.o(.bss)
    __stdin                                  0x20000064   Data          84  stdio_streams.o(.bss)
    __stdout                                 0x200000b8   Data          84  stdio_streams.o(.bss)
    __stderr                                 0x2000010c   Data          84  stdio_streams.o(.bss)
    __libspace_start                         0x20000160   Data          96  libspace.o(.bss)
    __temporary_stack_top$libspace           0x200001c0   Data           0  libspace.o(.bss)



==============================================================================

Memory Map of the image

  Image Entry point : 0x0000026d

  Load Region LR_1 (Base: 0x00000000, Size: 0x00003a54, Max: 0xffffffff, ABSOLUTE)

    Execution Region ER_RO (Base: 0x00000000, Size: 0x000039fc, Max: 0xffffffff, ABSOLUTE)

    Base Addr    Size         Type   Attr      Idx    E Section Name        Object

    0x00000000   0x00000284   Code   RO            3  * RESET               startup.o
    0x00000284   0x00000008   Code   RO          122  * !!!main             c_w.l(__main.o)
    0x0000028c   0x00000034   Code   RO          458    !!!scatter          c_w.l(__scatter.o)
    0x000002c0   0x0000001a   Code   RO          460    !!handler_copy      c_w.l(__scatter_copy.o)
    0x000002da   0x00000002   PAD
    0x000002dc   0x0000001c   Code   RO          462    !!handler_zi        c_w.l(__scatter_zi.o)
    0x000002f8   0x00000002   Code   RO          268    .ARM.Collect$$libinit$$00000000  c_w.l(libinit.o)
    0x000002fa   0x00000004   Code   RO          269    .ARM.Collect$$libinit$$00000001  c_w.l(libinit2.o)
    0x000002fe   0x00000008   Code   RO          271    .ARM.Collect$$libinit$$00000003  c_w.l(libinit2.o)
    0x00000306   0x00000000   Code   RO          273    .ARM.Collect$$libinit$$00000008  c_w.l(libinit2.o)
    0x00000306   0x00000000   Code   RO          275    .ARM.Collect$$libinit$$0000000A  c_w.l(libinit2.o)
    0x00000306   0x00000000   Code   RO          277    .ARM.Collect$$libinit$$0000000C  c_w.l(libinit2.o)
    0x00000306   0x00000000   Code   RO          280    .ARM.Collect$$libinit$$0000000F  c_w.l(libinit2.o)
    0x00000306   0x00000000   Code   RO          282    .ARM.Collect$$libinit$$00000011  c_w.l(libinit2.o)
    0x00000306   0x00000000   Code   RO          284    .ARM.Collect$$libinit$$00000013  c_w.l(libinit2.o)
    0x00000306   0x00000000   Code   RO          286    .ARM.Collect$$libinit$$00000015  c_w.l(libinit2.o)
    0x00000306   0x00000000   Code   RO          288    .ARM.Collect$$libinit$$00000017  c_w.l(libinit2.o)
    0x00000306   0x00000000   Code   RO          290    .ARM.Collect$$libinit$$00000019  c_w.l(libinit2.o)
    0x00000306   0x00000000   Code   RO          292    .ARM.Collect$$libinit$$0000001B  c_w.l(libinit2.o)
    0x00000306   0x00000000   Code   RO          294    .ARM.Collect$$libinit$$0000001D  c_w.l(libinit2.o)
    0x00000306   0x00000000   Code   RO          296    .ARM.Collect$$libinit$$0000001F  c_w.l(libinit2.o)
    0x00000306   0x00000000   Code   RO          298    .ARM.Collect$$libinit$$00000021  c_w.l(libinit2.o)
    0x00000306   0x00000004   Code   RO          299    .ARM.Collect$$libinit$$00000022  c_w.l(libinit2.o)
    0x0000030a   0x00000000   Code   RO          300    .ARM.Collect$$libinit$$00000023  c_w.l(libinit2.o)
    0x0000030a   0x00000000   Code   RO          304    .ARM.Collect$$libinit$$0000002A  c_w.l(libinit2.o)
    0x0000030a   0x00000000   Code   RO          306    .ARM.Collect$$libinit$$0000002C  c_w.l(libinit2.o)
    0x0000030a   0x00000000   Code   RO          308    .ARM.Collect$$libinit$$0000002E  c_w.l(libinit2.o)
    0x0000030a   0x00000000   Code   RO          310    .ARM.Collect$$libinit$$00000030  c_w.l(libinit2.o)
    0x0000030a   0x00000002   Code   RO          311    .ARM.Collect$$libinit$$00000031  c_w.l(libinit2.o)
    0x0000030c   0x00000002   Code   RO          437    .ARM.Collect$$libshutdown$$00000000  c_w.l(libshutdown.o)
    0x0000030e   0x00000004   Code   RO          313    .ARM.Collect$$libshutdown$$00000002  c_w.l(libshutdown2.o)
    0x00000312   0x00000000   Code   RO          314    .ARM.Collect$$libshutdown$$00000003  c_w.l(libshutdown2.o)
    0x00000312   0x00000000   Code   RO          317    .ARM.Collect$$libshutdown$$00000006  c_w.l(libshutdown2.o)
    0x00000312   0x00000000   Code   RO          320    .ARM.Collect$$libshutdown$$00000009  c_w.l(libshutdown2.o)
    0x00000312   0x00000000   Code   RO          322    .ARM.Collect$$libshutdown$$0000000B  c_w.l(libshutdown2.o)
    0x00000312   0x00000000   Code   RO          325    .ARM.Collect$$libshutdown$$0000000E  c_w.l(libshutdown2.o)
    0x00000312   0x00000002   Code   RO          326    .ARM.Collect$$libshutdown$$0000000F  c_w.l(libshutdown2.o)
    0x00000314   0x00000000   Code   RO          140    .ARM.Collect$$rtentry$$00000000  c_w.l(rtentry.o)
    0x00000314   0x00000000   Code   RO          157    .ARM.Collect$$rtentry$$00000002  c_w.l(rtentry2.o)
    0x00000314   0x00000006   Code   RO          169    .ARM.Collect$$rtentry$$00000004  c_w.l(rtentry4.o)
    0x0000031a   0x00000000   Code   RO          159    .ARM.Collect$$rtentry$$00000009  c_w.l(rtentry2.o)
    0x0000031a   0x00000004   Code   RO          160    .ARM.Collect$$rtentry$$0000000A  c_w.l(rtentry2.o)
    0x0000031e   0x00000000   Code   RO          162    .ARM.Collect$$rtentry$$0000000C  c_w.l(rtentry2.o)
    0x0000031e   0x00000008   Code   RO          163    .ARM.Collect$$rtentry$$0000000D  c_w.l(rtentry2.o)
    0x00000326   0x00000002   Code   RO          333    .ARM.Collect$$rtexit$$00000000  c_w.l(rtexit.o)
    0x00000328   0x00000000   Code   RO          383    .ARM.Collect$$rtexit$$00000002  c_w.l(rtexit2.o)
    0x00000328   0x00000004   Code   RO          384    .ARM.Collect$$rtexit$$00000003  c_w.l(rtexit2.o)
    0x0000032c   0x00000006   Code   RO          385    .ARM.Collect$$rtexit$$00000004  c_w.l(rtexit2.o)
    0x00000332   0x00000002   PAD
    0x00000334   0x00000000   Code   RO          389    .emb_text           c_w.l(maybetermalloc1.o)
    0x00000334   0x00000030   Code   RO            4    .text               startup.o
    0x00000364   0x000003d8   Code   RO           12    .text               lab1.o
    0x0000073c   0x0000007c   Code   RO           48    .text               pll.o
    0x000007b8   0x00000f38   Code   RO           60    .text               st7735.o
    0x000016f0   0x00000054   Code   RO           77    .text               systick.o
    0x00001744   0x00000070   Code   RO           93    .text               floatvsfix.o
    0x000017b4   0x0000022c   Code   RO           96    .text               fixed.o
    0x000019e0   0x00000018   Code   RO          118    .text               c_w.l(noretval__2printf.o)
    0x000019f8   0x00000006   Code   RO          120    .text               c_w.l(heapauxi.o)
    0x000019fe   0x00000002   PAD
    0x00001a00   0x00000024   Code   RO          141    .text               c_w.l(_printf_char_file.o)
    0x00001a24   0x00000030   Code   RO          171    .text               c_w.l(_printf_char_common.o)
    0x00001a54   0x00000138   Code   RO          173    .text               c_w.l(initio.o)
    0x00001b8c   0x00000066   Code   RO          177    .text               c_w.l(sys_io.o)
    0x00001bf2   0x0000004a   Code   RO          184    .text               c_w.l(sys_stackheap_outer.o)
    0x00001c3c   0x0000004e   Code   RO          188    .text               c_w.l(h1_free.o)
    0x00001c8a   0x00000026   Code   RO          242    .text               c_w.l(__printf_nopercent.o)
    0x00001cb0   0x00000046   Code   RO          244    .text               c_w.l(setvbuf.o)
    0x00001cf6   0x00000002   PAD
    0x00001cf8   0x000000ec   Code   RO          247    .text               c_w.l(fopen.o)
    0x00001de4   0x0000004c   Code   RO          249    .text               c_w.l(fclose.o)
    0x00001e30   0x0000000c   Code   RO          255    .text               c_w.l(exit.o)
    0x00001e3c   0x0000000e   Code   RO          257    .text               c_w.l(defsig_rtred_outer.o)
    0x00001e4a   0x0000004e   Code   RO          261    .text               c_w.l(rt_memclr_w.o)
    0x00001e98   0x00000008   Code   RO          327    .text               c_w.l(libspace.o)
    0x00001ea0   0x00000002   Code   RO          330    .text               c_w.l(use_no_semi.o)
    0x00001ea2   0x00000000   Code   RO          332    .text               c_w.l(indicate_semi.o)
    0x00001ea2   0x00000002   PAD
    0x00001ea4   0x00000008   Code   RO          340    .text               c_w.l(rt_heap_descriptor_intlibspace.o)
    0x00001eac   0x00000004   Code   RO          342    .text               c_w.l(hguard.o)
    0x00001eb0   0x0000008a   Code   RO          344    .text               c_w.l(init_alloc.o)
    0x00001f3a   0x0000005e   Code   RO          350    .text               c_w.l(h1_alloc.o)
    0x00001f98   0x000000f8   Code   RO          364    .text               c_w.l(fseek.o)
    0x00002090   0x000000f0   Code   RO          366    .text               c_w.l(stdio.o)
    0x00002180   0x0000000a   Code   RO          368    .text               c_w.l(defsig_exit.o)
    0x0000218a   0x00000002   PAD
    0x0000218c   0x00000034   Code   RO          370    .text               c_w.l(defsig_rtred_inner.o)
    0x000021c0   0x0000003e   Code   RO          372    .text               c_w.l(strlen.o)
    0x000021fe   0x00000002   PAD
    0x00002200   0x0000000c   Code   RO          380    .text               c_w.l(sys_exit.o)
    0x0000220c   0x0000000e   Code   RO          391    .text               c_w.l(h1_init.o)
    0x0000221a   0x00000034   Code   RO          393    .text               c_w.l(h1_extend.o)
    0x0000224e   0x00000046   Code   RO          399    .text               c_w.l(ftell.o)
    0x00002294   0x00000032   Code   RO          403    .text               c_w.l(defsig_general.o)
    0x000022c6   0x0000000e   Code   RO          405    .text               c_w.l(defsig_rtmem_outer.o)
    0x000022d4   0x0000000e   Code   RO          418    .text               c_w.l(sys_wrch.o)
    0x000022e2   0x00000002   PAD
    0x000022e4   0x00000008   Code   RO          425    .text               c_w.l(rt_errno_addr_intlibspace.o)
    0x000022ec   0x00000050   Code   RO          431    .text               c_w.l(defsig_rtmem_inner.o)
    0x0000233c   0x00000062   Code   RO          124    x$fpl$d2f           fz_wm.l(d2f.o)
    0x0000239e   0x00000002   PAD
    0x000023a0   0x00000150   Code   RO          126    x$fpl$dadd          fz_wm.l(daddsub_clz.o)
    0x000024f0   0x00000026   Code   RO          132    x$fpl$dfltu         fz_wm.l(dflt_clz.o)
    0x00002516   0x00000002   PAD
    0x00002518   0x00000154   Code   RO          138    x$fpl$dmul          fz_wm.l(dmul.o)
    0x0000266c   0x0000009c   Code   RO          149    x$fpl$dnaninf       fz_wm.l(dnaninf.o)
    0x00002708   0x0000000c   Code   RO          151    x$fpl$dretinf       fz_wm.l(dretinf.o)
    0x00002714   0x000001d4   Code   RO          128    x$fpl$dsub          fz_wm.l(daddsub_clz.o)
    0x000028e8   0x0000000a   Code   RO          378    x$fpl$fpinit        fz_wm.l(fpinit.o)
    0x000028f2   0x0000000a   Code   RO          153    x$fpl$fretinf       fz_wm.l(fretinf.o)
    0x000028fc   0x00000000   Code   RO          155    x$fpl$usenofp       fz_wm.l(usenofp.o)
    0x000028fc   0x000008e0   Data   RO           13    .constdata          lab1.o
    0x000031dc   0x000007e2   Data   RO           62    .constdata          st7735.o
    0x000039be   0x00000002   PAD
    0x000039c0   0x0000000e   Data   RO           97    .constdata          fixed.o
    0x000039ce   0x00000004   Data   RO          178    .constdata          c_w.l(sys_io.o)
    0x000039d2   0x00000004   Data   RO          179    .constdata          c_w.l(sys_io.o)
    0x000039d6   0x00000004   Data   RO          180    .constdata          c_w.l(sys_io.o)
    0x000039da   0x00000002   PAD
    0x000039dc   0x00000020   Data   RO          456    Region$$Table       anon$$obj.o


    Execution Region ER_RW (Base: 0x20000000, Size: 0x00000058, Max: 0xffffffff, ABSOLUTE)

    Base Addr    Size         Type   Attr      Idx    E Section Name        Object

    0x20000000   0x00000008   Data   RW           14    .data               lab1.o
    0x20000008   0x0000002c   Data   RW           63    .data               st7735.o
    0x20000034   0x00000010   Data   RW           98    .data               fixed.o
    0x20000044   0x00000004   Data   RW          146    .data               c_w.l(stdio_streams.o)
    0x20000048   0x00000004   Data   RW          147    .data               c_w.l(stdio_streams.o)
    0x2000004c   0x00000004   Data   RW          148    .data               c_w.l(stdio_streams.o)
    0x20000050   0x00000008   Data   RW           92    DATA                floatvsfix.o


    Execution Region ER_ZI (Base: 0x20000058, Size: 0x00000568, Max: 0xffffffff, ABSOLUTE)

    Base Addr    Size         Type   Attr      Idx    E Section Name        Object

    0x20000058   0x0000000c   Zero   RW           61    .bss                st7735.o
    0x20000064   0x00000054   Zero   RW          143    .bss                c_w.l(stdio_streams.o)
    0x200000b8   0x00000054   Zero   RW          144    .bss                c_w.l(stdio_streams.o)
    0x2000010c   0x00000054   Zero   RW          145    .bss                c_w.l(stdio_streams.o)
    0x20000160   0x00000060   Zero   RW          328    .bss                c_w.l(libspace.o)
    0x200001c0   0x00000000   Zero   RW            2    HEAP                startup.o
    0x200001c0   0x00000400   Zero   RW            1    STACK               startup.o


==============================================================================

Image component sizes


      Code (inc. data)   RO Data    RW Data    ZI Data      Debug   Object Name

       556         40         14         16          0       3214   fixed.o
       112         12          0          8          0        196   floatvsfix.o
       984        234       2272          8          0       9008   lab1.o
       124          6          0          0          0        443   pll.o
      3896        210       2018         44         12      15015   st7735.o
       692        632          0          0       1024        908   startup.o
        84          6          0          0          0       1317   systick.o

    ----------------------------------------------------------------------
      6448       1140       4338         76       1036      30101   Object Totals
         0          0         32          0          0          0   (incl. Generated)
         0          0          2          0          0          0   (incl. Padding)

    ----------------------------------------------------------------------

      Code (inc. data)   RO Data    RW Data    ZI Data      Debug   Library Member Name

         8          0          0          0          0         68   __main.o
        38          0          0          0          0         84   __printf_nopercent.o
        52          8          0          0          0          0   __scatter.o
        26          0          0          0          0          0   __scatter_copy.o
        28          0          0          0          0          0   __scatter_zi.o
        48          6          0          0          0         96   _printf_char_common.o
        36          4          0          0          0         80   _printf_char_file.o
        10          0          0          0          0         68   defsig_exit.o
        50          0          0          0          0         88   defsig_general.o
        80         58          0          0          0         76   defsig_rtmem_inner.o
        14          0          0          0          0         80   defsig_rtmem_outer.o
        52         38          0          0          0         76   defsig_rtred_inner.o
        14          0          0          0          0         80   defsig_rtred_outer.o
        12          0          0          0          0         72   exit.o
        76          0          0          0          0         88   fclose.o
       236          4          0          0          0        128   fopen.o
       248          6          0          0          0         84   fseek.o
        70          0          0          0          0         76   ftell.o
        94          0          0          0          0         80   h1_alloc.o
        52          0          0          0          0         68   h1_extend.o
        78          0          0          0          0         80   h1_free.o
        14          0          0          0          0         84   h1_init.o
         6          0          0          0          0        152   heapauxi.o
         4          0          0          0          0        136   hguard.o
         0          0          0          0          0          0   indicate_semi.o
       138          0          0          0          0        168   init_alloc.o
       312         46          0          0          0        112   initio.o
         2          0          0          0          0          0   libinit.o
        18          0          0          0          0          0   libinit2.o
         2          0          0          0          0          0   libshutdown.o
         6          0          0          0          0          0   libshutdown2.o
         8          4          0          0         96         68   libspace.o
         0          0          0          0          0          0   maybetermalloc1.o
        24          4          0          0          0         84   noretval__2printf.o
         8          4          0          0          0         68   rt_errno_addr_intlibspace.o
         8          4          0          0          0         68   rt_heap_descriptor_intlibspace.o
        78          0          0          0          0         80   rt_memclr_w.o
         0          0          0          0          0          0   rtentry.o
        12          0          0          0          0          0   rtentry2.o
         6          0          0          0          0          0   rtentry4.o
         2          0          0          0          0          0   rtexit.o
        10          0          0          0          0          0   rtexit2.o
        70          0          0          0          0         80   setvbuf.o
       240          6          0          0          0        156   stdio.o
         0          0          0         12        252          0   stdio_streams.o
        62          0          0          0          0         76   strlen.o
        12          4          0          0          0         68   sys_exit.o
       102          0         12          0          0        240   sys_io.o
        74          0          0          0          0         80   sys_stackheap_outer.o
        14          0          0          0          0         76   sys_wrch.o
         2          0          0          0          0         68   use_no_semi.o
        98          4          0          0          0        140   d2f.o
       804         16          0          0          0        368   daddsub_clz.o
        38          0          0          0          0        116   dflt_clz.o
       340         12          0          0          0        152   dmul.o
       156          4          0          0          0        140   dnaninf.o
        12          0          0          0          0        116   dretinf.o
        10          0          0          0          0        116   fpinit.o
        10          0          0          0          0        116   fretinf.o
         0          0          0          0          0          0   usenofp.o

    ----------------------------------------------------------------------
      4044        232         14         12        348       4600   Library Totals
        20          0          2          0          0          0   (incl. Padding)

    ----------------------------------------------------------------------

      Code (inc. data)   RO Data    RW Data    ZI Data      Debug   Library Name

      2556        196         12         12        348       3336   c_w.l
      1468         36          0          0          0       1264   fz_wm.l

    ----------------------------------------------------------------------
      4044        232         14         12        348       4600   Library Totals

    ----------------------------------------------------------------------

==============================================================================


      Code (inc. data)   RO Data    RW Data    ZI Data      Debug   

     10492       1372       4352         88       1384      30981   Grand Totals
     10492       1372       4352         88       1384      30981   ELF Image Totals
     10492       1372       4352         88          0          0   ROM Totals

==============================================================================

    Total RO  Size (Code + RO Data)                14844 (  14.50kB)
    Total RW  Size (RW Data + ZI Data)              1472 (   1.44kB)
    Total ROM Size (Code + RO Data + RW Data)      14932 (  14.58kB)

==============================================================================

