<html>
<body>
<pre>
<h1>µVision Build Log</h1>
<h2>Project:</h2>
E:\EE445L Labs\Lab8\SDCFile_4C123\SDCFile.uvproj
Project File Date:  04/27/2017

<h2>Output:</h2>
Build target 'SDCFile'
compiling diskio.c...
integer.h(33): warning:  #1-D: last line of file ends without a newline
  #endif
diskio.c: 1 warning, 0 errors
compiling ff.c...
integer.h(33): warning:  #1-D: last line of file ends without a newline
  #endif
ff.c: 1 warning, 0 errors
compiling PLL.c...
compiling SDCFile.c...
integer.h(33): warning:  #1-D: last line of file ends without a newline
  #endif
SDCFile.c(310): warning:  #1-D: last line of file ends without a newline
  }
SDCFile.c: 2 warnings, 0 errors
compiling ST7735.c...
linking...
Program Size: Code=13280 RO-data=2068 RW-data=68 ZI-data=3308  
".\SDCFile.axf" - 0 Error(s), 4 Warning(s).
Load "E:\\EE445L Labs\\Lab8\\SDCFile_4C123\\SDCFile.axf" 
Connecting: Mode=JTAG, Speed=1000000Hz
Erase Done.
Programming Done.
Verify OK.
