<html>
<body>
<pre>
<h1>µVision Build Log</h1>
<h2>Project:</h2>
E:\EE445L Labs\Lab1\ST7735.uvproj
Project File Date:  01/29/2017

<h2>Output:</h2>
Build target 'Lab1'
linking...
Program Size: Code=5624 RO-data=4340 RW-data=80 ZI-data=1040  
".\Lab1.axf" - 0 Error(s), 0 Warning(s).
r(s), 0 Warning(s).
.c(37): error:  #20: identifier "eztwvoid" is undefined
  eztwvoid Test1(void);
main.c: 0 warnings, 1 error
assembling test3vtest4.s...
".\Lab1.axf" - 1 Error(s), 0 Warning(s).
Target not created
aybe wrong target CPU?
test3vtest4.s(19): error: A1854E: Unknown opcode 'VLDR.F32', maybe wrong target CPU?
test3vtest4.s(21): error: A1854E: Unknown opcode 'VMOV.F32', maybe wrong target CPU?
test3vtest4.s(22): error: A1854E: Unknown opcode 'VCVT.F32.U32', maybe wrong target CPU?
test3vtest4.s(23): error: A1854E: Unknown opcode 'VMUL.F32', maybe wrong target CPU?
test3vtest4.s(24): error: A1854E: Unknown opcode 'VADD.F32', maybe wrong target CPU?
test3vtest4.s(25): error: A1854E: Unknown opcode 'VSTR.F32', maybe wrong target CPU?
".\Lab1.axf" - 8 Error(s), 0 Warning(s).
Target not created
