<html>
<body>
<pre>
<h1>µVision Build Log</h1>
<h2>Project:</h2>
E:\EE445L Labs\Lab3\AlarmClock.uvproj
Project File Date:  02/08/2017

<h2>Output:</h2>
Build target 'ADCSWTrigger'
compiling LCD.c...
LCD.h(71): warning:  #1-D: last line of file ends without a newline
  void DelayWait1Millisecond(uint32_t n);
Display.h(1284): warning:  #1-D: last line of file ends without a newline
  };
LCD.h(71): warning:  #1-D: last line of file ends without a newline
  void DelayWait1Millisecond(uint32_t n);
FSM.h(12): warning:  #1-D: last line of file ends without a newline
  extern volatile int currentSongPos;
LCD.c(138): warning:  #177-D: variable "xSlope" was declared but never referenced
                int xSlope, ySlope, xDif, yDif, signX, signY, error, delta_error;
LCD.c(138): warning:  #177-D: variable "ySlope" was declared but never referenced
                int xSlope, ySlope, xDif, yDif, signX, signY, error, delta_error;
LCD.c: 6 warnings, 0 errors
linking...
Program Size: Code=11632 RO-data=43128 RW-data=3020 ZI-data=1324  
".\AlarmClock.axf" - 0 Error(s), 6 Warning(s).
Load "E:\\EE445L Labs\\Lab3\\AlarmClock.axf" 
Connecting: Mode=JTAG, Speed=1000000Hz
Erase Done.
Programming Done.
Verify OK.
</pre>
</body>
</html>
e
  extern int AlarmOn;
LCD.h(71): warning:  #1-D: last line of file ends without a newline
  void DelayWait1Millisecond(uint32_t n);
FSM.c(95): warning:  #177-D: variable "x" was declared but never referenced
        int x;
FSM.c(306): warning:  #111-D: statement is unreachable
                        return 0x00;
FSM.c(604): warning:  #111-D: statement is unreachable
                        return 0x00;
FSM.c: 7 warnings, 0 errors
compiling Clock.c...
PWMSine.h(4): warning:  #1-D: last line of file ends without a newline
  void PMWSine_Init(void);
Switch.h(26): warning:  #1-D: last line of file ends without a newline
  void init_switchmain(void);
FSM.h(12): warning:  #1-D: last line of file ends without a newline
  extern volatile int currentSongPos;
Clock.c(136): warning:  #1-D: last line of file ends without a newline
  }
Clock.c: 4 warnings, 0 errors
compiling LCD.c...
LCD.h(71): warning:  #1-D: last line of file ends without a newline
  void DelayWait1Millisecond(uint32_t n);
Display.h(1284): warning:  #1-D: last line of file ends without a newline
  };
LCD.h(71): warning:  #1-D: last line of file ends without a newline
  void DelayWait1Millisecond(uint32_t n);
FSM.h(12): warning:  #1-D: last line of file ends without a newline
  extern volatile int currentSongPos;
LCD.c(138): warning:  #177-D: variable "xSlope" was declared but never referenced
                int xSlope, ySlope, xDif, yDif, signX, signY, error, delta_error;
LCD.c(138): warning:  #177-D: variable "ySlope" was declared but never referenced
                int xSlope, ySlope, xDif, yDif, signX, signY, error, delta_error;
LCD.c: 6 warnings, 0 errors
linking...
Program Size: Code=11648 RO-data=43128 RW-data=3020 ZI-data=1324  
".\AlarmClock.axf" - 0 Error(s), 24 Warning(s).
Load "E:\\EE445L Labs\\Lab3\\AlarmClock.axf" 
Connecting: Mode=JTAG, Speed=1000000Hz
Erase Done.
Programming Done.
Verify OK.
