ARM Linker, 5.03 [Build 76] [MDK-ARM Professional]

==============================================================================

Section Cross References

    startup.o(STACK) refers (Special) to heapauxi.o(.text) for __use_two_region_memory
    startup.o(HEAP) refers (Special) to heapauxi.o(.text) for __use_two_region_memory
    startup.o(RESET) refers (Special) to heapauxi.o(.text) for __use_two_region_memory
    startup.o(RESET) refers to startup.o(STACK) for StackMem
    startup.o(RESET) refers to systick.o(i.SysTick_Handler) for SysTick_Handler
    startup.o(RESET) refers to switch.o(i.GPIOPortE_Handler) for GPIOPortE_Handler
    startup.o(RESET) refers to timer0a.o(i.Timer0A_Handler) for Timer0A_Handler
    startup.o(RESET) refers to switch.o(i.Timer2A_Handler) for Timer2A_Handler
    startup.o(RESET) refers to __main.o(!!!main) for __main
    startup.o(.text) refers (Special) to heapauxi.o(.text) for __use_two_region_memory
    startup.o(.text) refers to startup.o(HEAP) for HeapMem
    startup.o(.text) refers to startup.o(STACK) for StackMem
    fixed.o(i.ST7735_Line) refers to st7735.o(i.ST7735_DrawPixel) for ST7735_DrawPixel
    fixed.o(i.ST7735_PlotBarXY) refers to st7735.o(i.ST7735_DrawFastVLine) for ST7735_DrawFastVLine
    fixed.o(i.ST7735_PlotBarXY) refers to fixed.o(.data) for MinX
    fixed.o(i.ST7735_Translate) refers to fixed.o(.data) for MinX
    fixed.o(i.ST7735_XYplot) refers to st7735.o(i.ST7735_DrawPixel) for ST7735_DrawPixel
    fixed.o(i.ST7735_XYplot) refers to fixed.o(.data) for MinX
    fixed.o(i.ST7735_XYplotInit) refers to fixed.o(.data) for MinX
    fixed.o(i.ST7735_sDecOut3) refers to st7735.o(i.ST7735_OutString) for ST7735_OutString
    fixed.o(i.ST7735_sDecOut3) refers to fixed.o(i.num_Digits) for num_Digits
    fixed.o(i.ST7735_sDecOut3) refers to fixed.o(i.change_To_Output) for change_To_Output
    fixed.o(i.ST7735_sDecOut3) refers to fixed.o(.constdata) for .constdata
    fixed.o(i.ST7735_uBinOut8) refers to st7735.o(i.ST7735_OutString) for ST7735_OutString
    fixed.o(i.ST7735_uBinOut8) refers to fixed.o(i.num_Digits) for num_Digits
    fixed.o(i.ST7735_uBinOut8) refers to fixed.o(i.change_To_Output) for change_To_Output
    fixed.o(i.ST7735_uBinOut8) refers to fixed.o(.constdata) for .constdata
    st7735.o(i.Output_Clear) refers to st7735.o(i.ST7735_FillScreen) for ST7735_FillScreen
    st7735.o(i.Output_Color) refers to st7735.o(i.ST7735_SetTextColor) for ST7735_SetTextColor
    st7735.o(i.Output_Init) refers to st7735.o(i.ST7735_InitR) for ST7735_InitR
    st7735.o(i.Output_Init) refers to st7735.o(i.ST7735_FillScreen) for ST7735_FillScreen
    st7735.o(i.Output_Off) refers to st7735.o(i.Output_Clear) for Output_Clear
    st7735.o(i.Output_On) refers to st7735.o(i.Output_Init) for Output_Init
    st7735.o(i.ST7735_DrawBitmap) refers to st7735.o(i.setAddrWindow) for setAddrWindow
    st7735.o(i.ST7735_DrawBitmap) refers to st7735.o(i.writedata) for writedata
    st7735.o(i.ST7735_DrawBitmap) refers to st7735.o(.data) for _width
    st7735.o(i.ST7735_DrawChar) refers to st7735.o(i.setAddrWindow) for setAddrWindow
    st7735.o(i.ST7735_DrawChar) refers to st7735.o(i.pushColor) for pushColor
    st7735.o(i.ST7735_DrawChar) refers to st7735.o(.data) for _width
    st7735.o(i.ST7735_DrawChar) refers to st7735.o(.constdata) for Font
    st7735.o(i.ST7735_DrawCharS) refers to st7735.o(i.ST7735_DrawPixel) for ST7735_DrawPixel
    st7735.o(i.ST7735_DrawCharS) refers to st7735.o(i.ST7735_FillRect) for ST7735_FillRect
    st7735.o(i.ST7735_DrawCharS) refers to st7735.o(.data) for _width
    st7735.o(i.ST7735_DrawCharS) refers to st7735.o(.constdata) for Font
    st7735.o(i.ST7735_DrawFastHLine) refers to st7735.o(i.setAddrWindow) for setAddrWindow
    st7735.o(i.ST7735_DrawFastHLine) refers to st7735.o(i.writedata) for writedata
    st7735.o(i.ST7735_DrawFastHLine) refers to st7735.o(.data) for _width
    st7735.o(i.ST7735_DrawFastVLine) refers to st7735.o(i.setAddrWindow) for setAddrWindow
    st7735.o(i.ST7735_DrawFastVLine) refers to st7735.o(i.writedata) for writedata
    st7735.o(i.ST7735_DrawFastVLine) refers to st7735.o(.data) for _width
    st7735.o(i.ST7735_DrawPixel) refers to st7735.o(i.setAddrWindow) for setAddrWindow
    st7735.o(i.ST7735_DrawPixel) refers to st7735.o(i.pushColor) for pushColor
    st7735.o(i.ST7735_DrawPixel) refers to st7735.o(.data) for _width
    st7735.o(i.ST7735_DrawString) refers to st7735.o(i.ST7735_DrawCharS) for ST7735_DrawCharS
    st7735.o(i.ST7735_FillRect) refers to st7735.o(i.setAddrWindow) for setAddrWindow
    st7735.o(i.ST7735_FillRect) refers to st7735.o(i.writedata) for writedata
    st7735.o(i.ST7735_FillRect) refers to st7735.o(.data) for _width
    st7735.o(i.ST7735_FillScreen) refers to st7735.o(i.ST7735_FillRect) for ST7735_FillRect
    st7735.o(i.ST7735_FillScreen) refers to st7735.o(.data) for _height
    st7735.o(i.ST7735_InitB) refers to st7735.o(i.commonInit) for commonInit
[...]
    switch.o(i.init_switchmain) refers to switch.o(i.Switch_Init) for Switch_Init
    switch.o(i.init_switchmain) refers to switch.o(i.PortF_Init) for PortF_Init
    switch.o(i.init_switchmain) refers to switch.o(i.Timer2Arm) for Timer2Arm
    fsm.o(i.ChooseSong) refers to st7735.o(i.ST7735_FillScreen) for ST7735_FillScreen
    fsm.o(i.ChooseSong) refers to lcd.o(i.draw_Clock) for draw_Clock
    fsm.o(i.ChooseSong) refers to lcd.o(i.draw_Time) for draw_Time
    fsm.o(i.ChooseSong) refers to fsm.o(i.formatSongType) for formatSongType
    fsm.o(i.ChooseSong) refers to st7735.o(i.ST7735_DrawString) for ST7735_DrawString
    fsm.o(i.ChooseSong) refers to fsm.o(.data) for redrawTime
    fsm.o(i.MainScreen) refers to fsm.o(i.processMenuItem) for processMenuItem
    fsm.o(i.MainScreen) refers to st7735.o(i.ST7735_DrawString) for ST7735_DrawString
    fsm.o(i.MainScreen) refers to fsm.o(.data) for curentMenuPos
    fsm.o(i.Next_State) refers to fsm.o(i.MainScreen) for MainScreen
    fsm.o(i.Next_State) refers to fsm.o(i.SetTime) for SetTime
    fsm.o(i.Next_State) refers to fsm.o(i.SetMultipleAlarm) for SetMultipleAlarm
    fsm.o(i.Next_State) refers to fsm.o(i.ChooseSong) for ChooseSong
    fsm.o(i.Next_State) refers to fsm.o(i.SetAlarms) for SetAlarms
    fsm.o(i.SetAlarms) refers to clock.o(i.format_setTime) for format_setTime
    fsm.o(i.SetAlarms) refers to fsm.o(i.clear_Menu) for clear_Menu
    fsm.o(i.SetAlarms) refers to st7735.o(i.ST7735_FillScreen) for ST7735_FillScreen
    fsm.o(i.SetAlarms) refers to st7735.o(i.ST7735_DrawString) for ST7735_DrawString
    fsm.o(i.SetAlarms) refers to fsm.o(.bss) for AlarmTimeArray
    fsm.o(i.SetAlarms) refers to fsm.o(.data) for setMultipleAlarmPos
    fsm.o(i.SetAlarms) refers to fsm.o(.constdata) for .constdata
    fsm.o(i.SetMultipleAlarm) refers to st7735.o(i.ST7735_FillScreen) for ST7735_FillScreen
    fsm.o(i.SetMultipleAlarm) refers to fsm.o(i.SetAlarms) for SetAlarms
    fsm.o(i.SetMultipleAlarm) refers to lcd.o(i.draw_Clock) for draw_Clock
    fsm.o(i.SetMultipleAlarm) refers to lcd.o(i.draw_Time) for draw_Time
    fsm.o(i.SetMultipleAlarm) refers to fsm.o(i.formatAlarmType) for formatAlarmType
    fsm.o(i.SetMultipleAlarm) refers to st7735.o(i.ST7735_DrawString) for ST7735_DrawString
    fsm.o(i.SetMultipleAlarm) refers to fsm.o(.data) for redrawTime
    fsm.o(i.SetMultipleAlarm) refers to fsm.o(.constdata) for .constdata
    fsm.o(i.SetTime) refers to clock.o(i.format_setTime) for format_setTime
    fsm.o(i.SetTime) refers to fsm.o(i.clear_Menu) for clear_Menu
    fsm.o(i.SetTime) refers to st7735.o(i.ST7735_DrawString) for ST7735_DrawString
    fsm.o(i.SetTime) refers to fsm.o(i.set_Time) for set_Time
    fsm.o(i.SetTime) refers to fsm.o(.data) for updateTime
    fsm.o(i.SetTime) refers to lab3.o(.data) for Time
    fsm.o(i.SetTime) refers to fsm.o(.constdata) for .constdata
    fsm.o(i.clear_Menu) refers to st7735.o(i.ST7735_FillRect) for ST7735_FillRect
    fsm.o(i.clear_Menu) refers to st7735.o(i.ST7735_DrawString) for ST7735_DrawString
    fsm.o(i.set_Time) refers to startup.o(.text) for DisableInterrupts
    fsm.o(i.set_Time) refers to systick.o(i.SysTick_Set_Time) for SysTick_Set_Time
    fifo.o(i.RxFifo_Get) refers to fifo.o(.data) for RxPutPt
    fifo.o(i.RxFifo_Get) refers to fifo.o(.bss) for RxFifo
    fifo.o(i.RxFifo_Init) refers to startup.o(.text) for StartCritical
    fifo.o(i.RxFifo_Init) refers to fifo.o(.bss) for RxFifo
    fifo.o(i.RxFifo_Init) refers to fifo.o(.data) for RxGetPt
    fifo.o(i.RxFifo_Put) refers to fifo.o(.data) for RxPutPt
    fifo.o(i.RxFifo_Put) refers to fifo.o(.bss) for RxFifo
    fifo.o(i.RxFifo_Size) refers to fifo.o(.data) for RxPutPt
    fifo.o(i.TxFifo_Get) refers to fifo.o(.data) for TxPutI
    fifo.o(i.TxFifo_Get) refers to fifo.o(.bss) for TxFifo
    fifo.o(i.TxFifo_Init) refers to startup.o(.text) for StartCritical
    fifo.o(i.TxFifo_Init) refers to fifo.o(.data) for TxGetI
    fifo.o(i.TxFifo_Put) refers to fifo.o(.data) for TxPutI
    fifo.o(i.TxFifo_Put) refers to fifo.o(.bss) for TxFifo
    fifo.o(i.TxFifo_Size) refers to fifo.o(.data) for TxPutI
    clock.o(i.format_And_Output_Time) refers to lab3.o(.data) for Time
    clock.o(i.format_Time) refers to clock.o(i.format_And_Output_Time) for format_And_Output_Time
    clock.o(i.format_setTime) refers to lab3.o(.data) for Time
    clock.o(i.format_setTime) refers to fsm.o(.bss) for AlarmTimeArray
    fifoqueue.o(i.Fifo_Get) refers to fifoqueue.o(.data) for Putpt
    fifoqueue.o(i.Fifo_Get) refers to fifoqueue.o(.bss) for Fifo
    fifoqueue.o(i.Fifo_Init) refers to startup.o(.text) for StartCritical
    fifoqueue.o(i.Fifo_Init) refers to fifoqueue.o(.bss) for Fifo
    fifoqueue.o(i.Fifo_Init) refers to fifoqueue.o(.data) for Getpt
    fifoqueue.o(i.Fifo_Put) refers to fifoqueue.o(.data) for Putpt
    fifoqueue.o(i.Fifo_Put) refers to fifoqueue.o(.bss) for Fifo
    lcd.o(i.ST7735_Line1) refers to st7735.o(i.ST7735_DrawPixel) for ST7735_DrawPixel
    lcd.o(i.ST7735_Translate1) refers to lcd.o(.data) for MinX
    lcd.o(i.ST7735_XYplot1) refers to st7735.o(i.ST7735_DrawPixel) for ST7735_DrawPixel
    lcd.o(i.ST7735_XYplot1) refers to lcd.o(.data) for MinX
    lcd.o(i.ST7735_XYplotInit1) refers to lcd.o(.data) for MinX
    lcd.o(i.animate_Clock) refers to st7735.o(i.ST7735_DrawBitmap) for ST7735_DrawBitmap
    lcd.o(i.animate_Clock) refers to lcd.o(i.DelayWait1Millisecond) for DelayWait1Millisecond
    lcd.o(i.animate_Clock) refers to lcd.o(.constdata) for ClockFace
    lcd.o(i.draw_Clock) refers to st7735.o(i.ST7735_DrawBitmap) for ST7735_DrawBitmap
    lcd.o(i.draw_Clock) refers to lcd.o(i.ST7735_XYplotInit1) for ST7735_XYplotInit1
    lcd.o(i.draw_Clock) refers to lcd.o(i.ST7735_Translate1) for ST7735_Translate1
    lcd.o(i.draw_Clock) refers to lcd.o(.constdata) for ClockFace
    lcd.o(i.draw_Clock) refers to lcd.o(.data) for MinuteHandYbuf
    lcd.o(i.draw_Hands) refers to lcd.o(i.get_Minute_Hand_Index) for get_Minute_Hand_Index
    lcd.o(i.draw_Hands) refers to lcd.o(i.get_Hour_Hand_Index) for get_Hour_Hand_Index
    lcd.o(i.draw_Hands) refers to lcd.o(i.ST7735_Line1) for ST7735_Line1
    lcd.o(i.draw_Hands) refers to st7735.o(i.ST7735_DrawPixel) for ST7735_DrawPixel
    lcd.o(i.draw_Hands) refers to lcd.o(.data) for MinuteHandYbuf
    lcd.o(i.draw_Time) refers to clock.o(i.format_And_Output_Time) for format_And_Output_Time
    lcd.o(i.draw_Time) refers to lcd.o(i.draw_Hands) for draw_Hands
    lcd.o(i.draw_Time) refers to st7735.o(i.ST7735_SetCursor) for ST7735_SetCursor
    lcd.o(i.draw_Time) refers to st7735.o(i.ST7735_OutUDec) for ST7735_OutUDec
    lcd.o(i.draw_Time) refers to lcd.o(.constdata) for .constdata
    __main.o(!!!main) refers to rtentry.o(.ARM.Collect$$rtentry$$00000000) for __rt_entry
    rtentry.o(.ARM.Collect$$rtentry$$00000000) refers (Special) to rtentry2.o(.ARM.Collect$$rtentry$$0000000A) for __rt_entry_li
    rtentry.o(.ARM.Collect$$rtentry$$00000000) refers (Special) to rtentry2.o(.ARM.Collect$$rtentry$$0000000D) for __rt_entry_main
    rtentry.o(.ARM.Collect$$rtentry$$00000000) refers (Special) to rtentry2.o(.ARM.Collect$$rtentry$$0000000C) for __rt_entry_postli_1
    rtentry.o(.ARM.Collect$$rtentry$$00000000) refers (Special) to rtentry2.o(.ARM.Collect$$rtentry$$00000009) for __rt_entry_postsh_1
    rtentry.o(.ARM.Collect$$rtentry$$00000000) refers (Special) to rtentry2.o(.ARM.Collect$$rtentry$$00000002) for __rt_entry_presh_1
    rtentry.o(.ARM.Collect$$rtentry$$00000000) refers (Special) to rtentry4.o(.ARM.Collect$$rtentry$$00000004) for __rt_entry_sh
    rtentry2.o(.ARM.Collect$$rtentry$$00000008) refers to boardinit2.o(.text) for _platform_post_stackheap_init
    rtentry2.o(.ARM.Collect$$rtentry$$0000000A) refers to libinit.o(.ARM.Collect$$libinit$$00000000) for __rt_lib_init
    rtentry2.o(.ARM.Collect$$rtentry$$0000000B) refers to boardinit3.o(.text) for _platform_post_lib_init
    rtentry2.o(.ARM.Collect$$rtentry$$0000000D) refers to lab3.o(i.main) for main
    rtentry2.o(.ARM.Collect$$rtentry$$0000000D) refers to exit.o(.text) for exit
    rtentry2.o(.ARM.exidx) refers to rtentry2.o(.ARM.Collect$$rtentry$$00000001) for .ARM.Collect$$rtentry$$00000001
    rtentry2.o(.ARM.exidx) refers to rtentry2.o(.ARM.Collect$$rtentry$$00000008) for .ARM.Collect$$rtentry$$00000008
    rtentry2.o(.ARM.exidx) refers to rtentry2.o(.ARM.Collect$$rtentry$$0000000A) for .ARM.Collect$$rtentry$$0000000A
    rtentry2.o(.ARM.exidx) refers to rtentry2.o(.ARM.Collect$$rtentry$$0000000B) for .ARM.Collect$$rtentry$$0000000B
    rtentry2.o(.ARM.exidx) refers to rtentry2.o(.ARM.Collect$$rtentry$$0000000D) for .ARM.Collect$$rtentry$$0000000D
    rtentry4.o(.ARM.Collect$$rtentry$$00000004) refers to sys_stackheap_outer.o(.text) for __user_setup_stackheap
    rtentry4.o(.ARM.exidx) refers to rtentry4.o(.ARM.Collect$$rtentry$$00000004) for .ARM.Collect$$rtentry$$00000004
    sys_stackheap_outer.o(.text) refers to libspace.o(.text) for __user_perproc_libspace
    sys_stackheap_outer.o(.text) refers to startup.o(.text) for __user_initial_stackheap
    exit.o(.text) refers to rtexit.o(.ARM.Collect$$rtexit$$00000000) for __rt_exit
    libinit.o(.ARM.Collect$$libinit$$00000000) refers (Special) to libinit2.o(.ARM.Collect$$libinit$$0000002C) for __rt_lib_init_alloca_1
    libinit.o(.ARM.Collect$$libinit$$00000000) refers (Special) to libinit2.o(.ARM.Collect$$libinit$$0000002A) for __rt_lib_init_argv_1
    libinit.o(.ARM.Collect$$libinit$$00000000) refers (Special) to libinit2.o(.ARM.Collect$$libinit$$00000019) for __rt_lib_init_atexit_1
    libinit.o(.ARM.Collect$$libinit$$00000000) refers (Special) to libinit2.o(.ARM.Collect$$libinit$$0000001F) for __rt_lib_init_clock_1
    libinit.o(.ARM.Collect$$libinit$$00000000) refers (Special) to libinit2.o(.ARM.Collect$$libinit$$00000030) for __rt_lib_init_cpp_1
    libinit.o(.ARM.Collect$$libinit$$00000000) refers (Special) to libinit2.o(.ARM.Collect$$libinit$$0000002E) for __rt_lib_init_exceptions_1
    libinit.o(.ARM.Collect$$libinit$$00000000) refers (Special) to libinit2.o(.ARM.Collect$$libinit$$00000002) for __rt_lib_init_fp_1
    libinit.o(.ARM.Collect$$libinit$$00000000) refers (Special) to libinit2.o(.ARM.Collect$$libinit$$0000001D) for __rt_lib_init_fp_trap_1
    libinit.o(.ARM.Collect$$libinit$$00000000) refers (Special) to libinit2.o(.ARM.Collect$$libinit$$00000021) for __rt_lib_init_getenv_1
    libinit.o(.ARM.Collect$$libinit$$00000000) refers (Special) to libinit2.o(.ARM.Collect$$libinit$$00000008) for __rt_lib_init_heap_1
    libinit.o(.ARM.Collect$$libinit$$00000000) refers (Special) to libinit2.o(.ARM.Collect$$libinit$$0000000F) for __rt_lib_init_lc_collate_1
    libinit.o(.ARM.Collect$$libinit$$00000000) refers (Special) to libinit2.o(.ARM.Collect$$libinit$$00000011) for __rt_lib_init_lc_ctype_1
    libinit.o(.ARM.Collect$$libinit$$00000000) refers (Special) to libinit2.o(.ARM.Collect$$libinit$$00000013) for __rt_lib_init_lc_monetary_1
    libinit.o(.ARM.Collect$$libinit$$00000000) refers (Special) to libinit2.o(.ARM.Collect$$libinit$$00000015) for __rt_lib_init_lc_numeric_1
    libinit.o(.ARM.Collect$$libinit$$00000000) refers (Special) to libinit2.o(.ARM.Collect$$libinit$$00000017) for __rt_lib_init_lc_time_1
    libinit.o(.ARM.Collect$$libinit$$00000000) refers (Special) to libinit2.o(.ARM.Collect$$libinit$$0000000C) for __rt_lib_init_rand_1
    libinit.o(.ARM.Collect$$libinit$$00000000) refers (Special) to libinit2.o(.ARM.Collect$$libinit$$00000031) for __rt_lib_init_return
    libinit.o(.ARM.Collect$$libinit$$00000000) refers (Special) to libinit2.o(.ARM.Collect$$libinit$$0000001B) for __rt_lib_init_signal_1
    libinit.o(.ARM.Collect$$libinit$$00000000) refers (Special) to libinit2.o(.ARM.Collect$$libinit$$00000023) for __rt_lib_init_stdio_1
    libinit.o(.ARM.Collect$$libinit$$00000000) refers (Special) to libinit2.o(.ARM.Collect$$libinit$$0000000A) for __rt_lib_init_user_alloc_1
    libspace.o(.text) refers to libspace.o(.bss) for __libspace_start
    rtexit.o(.ARM.Collect$$rtexit$$00000000) refers (Special) to rtexit2.o(.ARM.Collect$$rtexit$$00000004) for __rt_exit_exit
    rtexit.o(.ARM.Collect$$rtexit$$00000000) refers (Special) to rtexit2.o(.ARM.Collect$$rtexit$$00000003) for __rt_exit_ls
    rtexit.o(.ARM.Collect$$rtexit$$00000000) refers (Special) to rtexit2.o(.ARM.Collect$$rtexit$$00000002) for __rt_exit_prels_1
    rtexit.o(.ARM.exidx) refers (Special) to rtexit2.o(.ARM.Collect$$rtexit$$00000004) for __rt_exit_exit
    rtexit.o(.ARM.exidx) refers (Special) to rtexit2.o(.ARM.Collect$$rtexit$$00000003) for __rt_exit_ls
    rtexit.o(.ARM.exidx) refers (Special) to rtexit2.o(.ARM.Collect$$rtexit$$00000002) for __rt_exit_prels_1
    rtexit.o(.ARM.exidx) refers to rtexit.o(.ARM.Collect$$rtexit$$00000000) for .ARM.Collect$$rtexit$$00000000
    libinit2.o(.ARM.Collect$$libinit$$0000000E) refers to libinit2.o(.ARM.Collect$$libinit$$0000000D) for .ARM.Collect$$libinit$$0000000D
    libinit2.o(.ARM.Collect$$libinit$$00000010) refers to libinit2.o(.ARM.Collect$$libinit$$0000000D) for .ARM.Collect$$libinit$$0000000D
    libinit2.o(.ARM.Collect$$libinit$$00000012) refers to libinit2.o(.ARM.Collect$$libinit$$0000000D) for .ARM.Collect$$libinit$$0000000D
    libinit2.o(.ARM.Collect$$libinit$$00000014) refers to libinit2.o(.ARM.Collect$$libinit$$0000000D) for .ARM.Collect$$libinit$$0000000D
    libinit2.o(.ARM.Collect$$libinit$$00000016) refers to libinit2.o(.ARM.Collect$$libinit$$0000000D) for .ARM.Collect$$libinit$$0000000D
    libinit2.o(.ARM.Collect$$libinit$$00000024) refers to argv_veneer.o(.emb_text) for __ARM_argv_veneer
    libinit2.o(.ARM.Collect$$libinit$$00000025) refers to argv_veneer.o(.emb_text) for __ARM_argv_veneer
    rtexit2.o(.ARM.Collect$$rtexit$$00000003) refers to libshutdown.o(.ARM.Collect$$libshutdown$$00000000) for __rt_lib_shutdown
    rtexit2.o(.ARM.Collect$$rtexit$$00000004) refers to sys_exit.o(.text) for _sys_exit
    rtexit2.o(.ARM.exidx) refers to rtexit2.o(.ARM.Collect$$rtexit$$00000001) for .ARM.Collect$$rtexit$$00000001
    rtexit2.o(.ARM.exidx) refers to rtexit2.o(.ARM.Collect$$rtexit$$00000003) for .ARM.Collect$$rtexit$$00000003
    rtexit2.o(.ARM.exidx) refers to rtexit2.o(.ARM.Collect$$rtexit$$00000004) for .ARM.Collect$$rtexit$$00000004
    argv_veneer.o(.emb_text) refers to no_argv.o(.text) for __ARM_get_argv
    sys_exit.o(.text) refers (Special) to use_no_semi.o(.text) for __I$use$semihosting
    sys_exit.o(.text) refers (Special) to indicate_semi.o(.text) for __semihosting_library_function
    _get_argv_nomalloc.o(.text) refers (Special) to hrguard.o(.text) for __heap_region$guard
    _get_argv_nomalloc.o(.text) refers to defsig_rtmem_outer.o(.text) for __rt_SIGRTMEM
    _get_argv_nomalloc.o(.text) refers to sys_command.o(.text) for _sys_command_string
    libshutdown.o(.ARM.Collect$$libshutdown$$00000000) refers (Special) to libshutdown2.o(.ARM.Collect$$libshutdown$$00000006) for __rt_lib_shutdown_fp_trap_1
    libshutdown.o(.ARM.Collect$$libshutdown$$00000000) refers (Special) to libshutdown2.o(.ARM.Collect$$libshutdown$$0000000E) for __rt_lib_shutdown_heap_1
    libshutdown.o(.ARM.Collect$$libshutdown$$00000000) refers (Special) to libshutdown2.o(.ARM.Collect$$libshutdown$$0000000F) for __rt_lib_shutdown_return
    libshutdown.o(.ARM.Collect$$libshutdown$$00000000) refers (Special) to libshutdown2.o(.ARM.Collect$$libshutdown$$00000009) for __rt_lib_shutdown_signal_1
    libshutdown.o(.ARM.Collect$$libshutdown$$00000000) refers (Special) to libshutdown2.o(.ARM.Collect$$libshutdown$$00000003) for __rt_lib_shutdown_stdio_1
    libshutdown.o(.ARM.Collect$$libshutdown$$00000000) refers (Special) to libshutdown2.o(.ARM.Collect$$libshutdown$$0000000B) for __rt_lib_shutdown_user_alloc_1
    sys_command.o(.text) refers (Special) to use_no_semi.o(.text) for __I$use$semihosting
    sys_command.o(.text) refers (Special) to indicate_semi.o(.text) for __semihosting_library_function
    defsig_rtmem_outer.o(.text) refers to defsig_rtmem_inner.o(.text) for __rt_SIGRTMEM_inner
    defsig_rtmem_outer.o(.text) refers to defsig_exit.o(.text) for __sig_exit
    defsig_rtmem_formal.o(.text) refers to rt_raise.o(.text) for __rt_raise
    rt_raise.o(.text) refers to __raise.o(.text) for __raise
    rt_raise.o(.text) refers to sys_exit.o(.text) for _sys_exit
    defsig_exit.o(.text) refers to sys_exit.o(.text) for _sys_exit
    defsig_rtmem_inner.o(.text) refers to defsig_general.o(.text) for __default_signal_display
    __raise.o(.text) refers to defsig.o(CL$$defsig) for __default_signal_handler
    defsig_general.o(.text) refers to sys_wrch.o(.text) for _ttywrch
    sys_wrch.o(.text) refers (Special) to use_no_semi.o(.text) for __I$use$semihosting
    sys_wrch.o(.text) refers (Special) to indicate_semi.o(.text) for __semihosting_library_function
    defsig.o(CL$$defsig) refers to defsig_rtmem_inner.o(.text) for __rt_SIGRTMEM_inner
    defsig_abrt_inner.o(.text) refers to defsig_general.o(.text) for __default_signal_display
    defsig_fpe_inner.o(.text) refers to defsig_general.o(.text) for __default_signal_display
    defsig_rtred_inner.o(.text) refers to defsig_general.o(.text) for __default_signal_display
    defsig_stak_inner.o(.text) refers to defsig_general.o(.text) for __default_signal_display
    defsig_pvfn_inner.o(.text) refers to defsig_general.o(.text) for __default_signal_display
    defsig_cppl_inner.o(.text) refers to defsig_general.o(.text) for __default_signal_display
    defsig_segv_inner.o(.text) refers to defsig_general.o(.text) for __default_signal_display
    defsig_other.o(.text) refers to defsig_general.o(.text) for __default_signal_display


==============================================================================

Removing Unused input sections from the image.

    Removing fixed.o(i.ST7735_Line), (192 bytes).
    Removing fixed.o(i.ST7735_PlotBarXY), (136 bytes).
    Removing fixed.o(i.ST7735_Translate), (160 bytes).
    Removing fixed.o(i.ST7735_XYplot), (220 bytes).
    Removing fixed.o(i.ST7735_XYplotInit), (40 bytes).
    Removing fixed.o(i.ST7735_sDecOut3), (116 bytes).
    Removing fixed.o(i.ST7735_uBinOut8), (136 bytes).
    Removing fixed.o(i.change_To_Output), (100 bytes).
    Removing fixed.o(i.num_Digits), (20 bytes).
    Removing fixed.o(.constdata), (14 bytes).
    Removing fixed.o(.data), (16 bytes).
    Removing st7735.o(i.Output_Clear), (10 bytes).
    Removing st7735.o(i.Output_Color), (12 bytes).
    Removing st7735.o(i.Output_Init), (16 bytes).
    Removing st7735.o(i.Output_Off), (8 bytes).
    Removing st7735.o(i.Output_On), (8 bytes).
    Removing st7735.o(i.ST7735_Color565), (24 bytes).
    Removing st7735.o(i.ST7735_DrawChar), (268 bytes).
    Removing st7735.o(i.ST7735_DrawFastHLine), (124 bytes).
    Removing st7735.o(i.ST7735_DrawFastVLine), (124 bytes).
    Removing st7735.o(i.ST7735_InitB), (40 bytes).
    Removing st7735.o(i.ST7735_InvertDisplay), (22 bytes).
    Removing st7735.o(i.ST7735_PlotBar), (88 bytes).
    Removing st7735.o(i.ST7735_PlotClear), (92 bytes).
    Removing st7735.o(i.ST7735_PlotLine), (264 bytes).
    Removing st7735.o(i.ST7735_PlotNext), (32 bytes).
    Removing st7735.o(i.ST7735_PlotNextErase), (64 bytes).
    Removing st7735.o(i.ST7735_PlotPoint), (152 bytes).
    Removing st7735.o(i.ST7735_PlotPoints), (172 bytes).
    Removing st7735.o(i.ST7735_PlotdBfs), (60 bytes).
    Removing st7735.o(i.ST7735_SetRotation), (212 bytes).
    Removing st7735.o(i.ST7735_SetTextColor), (12 bytes).
    Removing st7735.o(i.ST7735_SwapColor), (18 bytes).
    Removing st7735.o(i.ferror), (8 bytes).
    Removing st7735.o(i.fgetc), (6 bytes).
    Removing st7735.o(i.fputc), (16 bytes).
    Removing lab3.o(i.DelayWait2ms), (36 bytes).
    Removing lab3.o(i.Timer1_Init), (72 bytes).
    Removing lab3.o(i.getTime), (96 bytes).
    Removing systicktestmain.o(i.SysTick_Test_Main), (128 bytes).
    Removing fifo.o(i.RxFifo_Get), (68 bytes).
    Removing fifo.o(i.RxFifo_Init), (40 bytes).
    Removing fifo.o(i.RxFifo_Put), (56 bytes).
    Removing fifo.o(i.RxFifo_Size), (48 bytes).
    Removing fifo.o(i.TxFifo_Get), (60 bytes).
    Removing fifo.o(i.TxFifo_Init), (36 bytes).
    Removing fifo.o(i.TxFifo_Put), (60 bytes).
    Removing fifo.o(i.TxFifo_Size), (20 bytes).
    Removing fifo.o(.bss), (32 bytes).
    Removing fifo.o(.data), (16 bytes).
    Removing clock.o(i.format_Time), (16 bytes).
    Removing lcd.o(i.ST7735_XYplot1), (220 bytes).

52 unused section(s) (total 4006 bytes) removed from the image.

==============================================================================

Image Symbol Table

    Local Symbols

    Symbol Name                              Value     Ov Type        Size  Object(Section)

    RESET                                    0x00000000   Section      644  startup.o(RESET)
    ../clib/angel/boardlib.s                 0x00000000   Number         0  boardinit3.o ABSOLUTE
    ../clib/angel/boardlib.s                 0x00000000   Number         0  boardshut.o ABSOLUTE
    ../clib/angel/boardlib.s                 0x00000000   Number         0  boardinit2.o ABSOLUTE
    ../clib/angel/boardlib.s                 0x00000000   Number         0  boardinit1.o ABSOLUTE
    ../clib/angel/dclz77c.s                  0x00000000   Number         0  __dclz77c.o ABSOLUTE
    ../clib/angel/handlers.s                 0x00000000   Number         0  __scatter_zi.o ABSOLUTE
    ../clib/angel/kernel.s                   0x00000000   Number         0  rtexit2.o ABSOLUTE
    ../clib/angel/kernel.s                   0x00000000   Number         0  rtexit.o ABSOLUTE
    ../clib/angel/kernel.s                   0x00000000   Number         0  rtentry2.o ABSOLUTE
    ../clib/angel/kernel.s                   0x00000000   Number         0  rtentry4.o ABSOLUTE
    ../clib/angel/kernel.s                   0x00000000   Number         0  rtentry.o ABSOLUTE
    ../clib/angel/rt.s                       0x00000000   Number         0  rt_raise.o ABSOLUTE
    ../clib/angel/scatter.s                  0x00000000   Number         0  __scatter.o ABSOLUTE
    ../clib/angel/startup.s                  0x00000000   Number         0  __main.o ABSOLUTE
    ../clib/angel/sys.s                      0x00000000   Number         0  libspace.o ABSOLUTE
    ../clib/angel/sys.s                      0x00000000   Number         0  use_no_semi.o ABSOLUTE
    ../clib/angel/sys.s                      0x00000000   Number         0  indicate_semi.o ABSOLUTE
    ../clib/angel/sys.s                      0x00000000   Number         0  sys_stackheap_outer.o ABSOLUTE
    ../clib/angel/sysapp.c                   0x00000000   Number         0  sys_command.o ABSOLUTE
    ../clib/angel/sysapp.c                   0x00000000   Number         0  sys_exit.o ABSOLUTE
    ../clib/angel/sysapp.c                   0x00000000   Number         0  sys_wrch.o ABSOLUTE
    ../clib/armsys.c                         0x00000000   Number         0  argv_veneer.o ABSOLUTE
    ../clib/armsys.c                         0x00000000   Number         0  _get_argv_nomalloc.o ABSOLUTE
    ../clib/armsys.c                         0x00000000   Number         0  argv_veneer.o ABSOLUTE
    ../clib/armsys.c                         0x00000000   Number         0  no_argv.o ABSOLUTE
    ../clib/heapalloc.c                      0x00000000   Number         0  hrguard.o ABSOLUTE
    ../clib/heapaux.c                        0x00000000   Number         0  heapauxi.o ABSOLUTE
    ../clib/libinit.s                        0x00000000   Number         0  libinit.o ABSOLUTE
    ../clib/libinit.s                        0x00000000   Number         0  libinit2.o ABSOLUTE
    ../clib/libinit.s                        0x00000000   Number         0  libshutdown2.o ABSOLUTE
    ../clib/libinit.s                        0x00000000   Number         0  libshutdown.o ABSOLUTE
    ../clib/signal.c                         0x00000000   Number         0  defsig_cppl_inner.o ABSOLUTE
    ../clib/signal.c                         0x00000000   Number         0  defsig_stak_inner.o ABSOLUTE
    ../clib/signal.c                         0x00000000   Number         0  defsig_rtred_inner.o ABSOLUTE
    ../clib/signal.c                         0x00000000   Number         0  defsig_abrt_inner.o ABSOLUTE
    ../clib/signal.c                         0x00000000   Number         0  defsig_general.o ABSOLUTE
    ../clib/signal.c                         0x00000000   Number         0  __raise.o ABSOLUTE
    ../clib/signal.c                         0x00000000   Number         0  defsig_rtmem_inner.o ABSOLUTE
    ../clib/signal.c                         0x00000000   Number         0  defsig_exit.o ABSOLUTE
    ../clib/signal.c                         0x00000000   Number         0  defsig_fpe_inner.o ABSOLUTE
    ../clib/signal.c                         0x00000000   Number         0  defsig_rtmem_formal.o ABSOLUTE
    ../clib/signal.c                         0x00000000   Number         0  defsig_rtmem_outer.o ABSOLUTE
    ../clib/signal.c                         0x00000000   Number         0  defsig_pvfn_inner.o ABSOLUTE
    ../clib/signal.c                         0x00000000   Number         0  defsig_other.o ABSOLUTE
    ../clib/signal.c                         0x00000000   Number         0  defsig_segv_inner.o ABSOLUTE
    ../clib/signal.s                         0x00000000   Number         0  defsig.o ABSOLUTE
    ../clib/stdlib.c                         0x00000000   Number         0  exit.o ABSOLUTE
    ../fplib/fpinit.s                        0x00000000   Number         0  fpinit.o ABSOLUTE
    Clock.c                                  0x00000000   Number         0  clock.o ABSOLUTE
    FIFO.c                                   0x00000000   Number         0  fifo.o ABSOLUTE
    FIFOqueue.c                              0x00000000   Number         0  fifoqueue.o ABSOLUTE
    FSM.c                                    0x00000000   Number         0  fsm.o ABSOLUTE
    LCD.c                                    0x00000000   Number         0  lcd.o ABSOLUTE
    Lab3.c                                   0x00000000   Number         0  lab3.o ABSOLUTE
    PLL.c                                    0x00000000   Number         0  pll.o ABSOLUTE
    PWM.c                                    0x00000000   Number         0  pwm.o ABSOLUTE
    PWMSine.c                                0x00000000   Number         0  pwmsine.o ABSOLUTE
    ST7735.c                                 0x00000000   Number         0  st7735.o ABSOLUTE
    Switch.c                                 0x00000000   Number         0  switch.o ABSOLUTE
    SysTick.c                                0x00000000   Number         0  systick.o ABSOLUTE
    SysTickTestMain.c                        0x00000000   Number         0  systicktestmain.o ABSOLUTE
    Timer0A.c                                0x00000000   Number         0  timer0a.o ABSOLUTE
    dc.s                                     0x00000000   Number         0  dc.o ABSOLUTE
    fixed.c                                  0x00000000   Number         0  fixed.o ABSOLUTE
    startup.s                                0x00000000   Number         0  startup.o ABSOLUTE
    !!!main                                  0x00000284   Section        8  __main.o(!!!main)
    !!!scatter                               0x0000028c   Section       52  __scatter.o(!!!scatter)
    !!dclz77c                                0x000002c0   Section      100  __dclz77c.o(!!dclz77c)
    !!handler_zi                             0x00000324   Section       28  __scatter_zi.o(!!handler_zi)
    .ARM.Collect$$libinit$$00000000          0x00000340   Section        2  libinit.o(.ARM.Collect$$libinit$$00000000)
    .ARM.Collect$$libinit$$00000002          0x00000342   Section        0  libinit2.o(.ARM.Collect$$libinit$$00000002)
    .ARM.Collect$$libinit$$00000008          0x00000342   Section        0  libinit2.o(.ARM.Collect$$libinit$$00000008)
    .ARM.Collect$$libinit$$0000000A          0x00000342   Section        0  libinit2.o(.ARM.Collect$$libinit$$0000000A)
    .ARM.Collect$$libinit$$0000000C          0x00000342   Section        0  libinit2.o(.ARM.Collect$$libinit$$0000000C)
    .ARM.Collect$$libinit$$0000000F          0x00000342   Section        0  libinit2.o(.ARM.Collect$$libinit$$0000000F)
    .ARM.Collect$$libinit$$00000011          0x00000342   Section        0  libinit2.o(.ARM.Collect$$libinit$$00000011)
    .ARM.Collect$$libinit$$00000013          0x00000342   Section        0  libinit2.o(.ARM.Collect$$libinit$$00000013)
    .ARM.Collect$$libinit$$00000015          0x00000342   Section        0  libinit2.o(.ARM.Collect$$libinit$$00000015)
    .ARM.Collect$$libinit$$00000017          0x00000342   Section        0  libinit2.o(.ARM.Collect$$libinit$$00000017)
    .ARM.Collect$$libinit$$00000019          0x00000342   Section        0  libinit2.o(.ARM.Collect$$libinit$$00000019)
    .ARM.Collect$$libinit$$0000001B          0x00000342   Section        0  libinit2.o(.ARM.Collect$$libinit$$0000001B)
    .ARM.Collect$$libinit$$0000001D          0x00000342   Section        0  libinit2.o(.ARM.Collect$$libinit$$0000001D)
    .ARM.Collect$$libinit$$0000001F          0x00000342   Section        0  libinit2.o(.ARM.Collect$$libinit$$0000001F)
    .ARM.Collect$$libinit$$00000021          0x00000342   Section        0  libinit2.o(.ARM.Collect$$libinit$$00000021)
    .ARM.Collect$$libinit$$00000023          0x00000342   Section        0  libinit2.o(.ARM.Collect$$libinit$$00000023)
    .ARM.Collect$$libinit$$0000002A          0x00000342   Section        0  libinit2.o(.ARM.Collect$$libinit$$0000002A)
    .ARM.Collect$$libinit$$0000002C          0x00000342   Section        0  libinit2.o(.ARM.Collect$$libinit$$0000002C)
    .ARM.Collect$$libinit$$0000002E          0x00000342   Section        0  libinit2.o(.ARM.Collect$$libinit$$0000002E)
    .ARM.Collect$$libinit$$00000030          0x00000342   Section        0  libinit2.o(.ARM.Collect$$libinit$$00000030)
    .ARM.Collect$$libinit$$00000031          0x00000342   Section        2  libinit2.o(.ARM.Collect$$libinit$$00000031)
    .ARM.Collect$$libshutdown$$00000000      0x00000344   Section        2  libshutdown.o(.ARM.Collect$$libshutdown$$00000000)
    .ARM.Collect$$libshutdown$$00000003      0x00000346   Section        0  libshutdown2.o(.ARM.Collect$$libshutdown$$00000003)
    .ARM.Collect$$libshutdown$$00000006      0x00000346   Section        0  libshutdown2.o(.ARM.Collect$$libshutdown$$00000006)
    .ARM.Collect$$libshutdown$$00000009      0x00000346   Section        0  libshutdown2.o(.ARM.Collect$$libshutdown$$00000009)
    .ARM.Collect$$libshutdown$$0000000B      0x00000346   Section        0  libshutdown2.o(.ARM.Collect$$libshutdown$$0000000B)
    .ARM.Collect$$libshutdown$$0000000E      0x00000346   Section        0  libshutdown2.o(.ARM.Collect$$libshutdown$$0000000E)
    .ARM.Collect$$libshutdown$$0000000F      0x00000346   Section        2  libshutdown2.o(.ARM.Collect$$libshutdown$$0000000F)
    .ARM.Collect$$rtentry$$00000000          0x00000348   Section        0  rtentry.o(.ARM.Collect$$rtentry$$00000000)
    .ARM.Collect$$rtentry$$00000002          0x00000348   Section        0  rtentry2.o(.ARM.Collect$$rtentry$$00000002)
    .ARM.Collect$$rtentry$$00000004          0x00000348   Section        6  rtentry4.o(.ARM.Collect$$rtentry$$00000004)
    .ARM.Collect$$rtentry$$00000009          0x0000034e   Section        0  rtentry2.o(.ARM.Collect$$rtentry$$00000009)
    .ARM.Collect$$rtentry$$0000000A          0x0000034e   Section        4  rtentry2.o(.ARM.Collect$$rtentry$$0000000A)
    .ARM.Collect$$rtentry$$0000000C          0x00000352   Section        0  rtentry2.o(.ARM.Collect$$rtentry$$0000000C)
    .ARM.Collect$$rtentry$$0000000D          0x00000352   Section        8  rtentry2.o(.ARM.Collect$$rtentry$$0000000D)
    .ARM.Collect$$rtexit$$00000000           0x0000035a   Section        2  rtexit.o(.ARM.Collect$$rtexit$$00000000)
    .ARM.Collect$$rtexit$$00000002           0x0000035c   Section        0  rtexit2.o(.ARM.Collect$$rtexit$$00000002)
    .ARM.Collect$$rtexit$$00000003           0x0000035c   Section        4  rtexit2.o(.ARM.Collect$$rtexit$$00000003)
    .ARM.Collect$$rtexit$$00000004           0x00000360   Section        6  rtexit2.o(.ARM.Collect$$rtexit$$00000004)
    .text                                    0x00000368   Section       48  startup.o(.text)
    .text                                    0x00000398   Section        0  heapauxi.o(.text)
    .text                                    0x0000039e   Section       74  sys_stackheap_outer.o(.text)
    .text                                    0x000003e8   Section        0  exit.o(.text)
    .text                                    0x000003f4   Section        8  libspace.o(.text)
    .text                                    0x000003fc   Section        0  sys_exit.o(.text)
    .text                                    0x00000408   Section        2  use_no_semi.o(.text)
    .text                                    0x0000040a   Section        0  indicate_semi.o(.text)
    i.ChooseSong                             0x0000040c   Section        0  fsm.o(i.ChooseSong)
    i.Delay1ms                               0x000004ec   Section        0  st7735.o(i.Delay1ms)
    i.DelayWait1Millisecond                  0x0000050c   Section        0  lcd.o(i.DelayWait1Millisecond)
    i.Disable_PWM                            0x00000530   Section        0  pwm.o(i.Disable_PWM)
    i.Enable_PWM                             0x00000544   Section        0  pwm.o(i.Enable_PWM)
    i.Fifo_Get                               0x00000558   Section        0  fifoqueue.o(i.Fifo_Get)
    i.Fifo_Init                              0x0000059c   Section        0  fifoqueue.o(i.Fifo_Init)
    i.Fifo_Put                               0x000005c4   Section        0  fifoqueue.o(i.Fifo_Put)
    i.GPIOArm                                0x000005fc   Section        0  switch.o(i.GPIOArm)
    GPIOArm                                  0x000005fd   Thumb Code    48  switch.o(i.GPIOArm)
    i.GPIOPortE_Handler                      0x00000638   Section        0  switch.o(i.GPIOPortE_Handler)
    i.MainScreen                             0x00000688   Section        0  fsm.o(i.MainScreen)
    i.Next_State                             0x000007a0   Section        0  fsm.o(i.Next_State)
    i.OutputSineWave                         0x000007e4   Section        0  pwmsine.o(i.OutputSineWave)
    i.PLL_Init                               0x0000081c   Section        0  pll.o(i.PLL_Init)
    i.PMWSine_Init                           0x00000898   Section        0  pwmsine.o(i.PMWSine_Init)
    i.PWM0A_Duty                             0x00000920   Section        0  pwm.o(i.PWM0A_Duty)
    i.PWM0A_Init                             0x0000092c   Section        0  pwm.o(i.PWM0A_Init)
    i.PortF_Init                             0x000009f0   Section        0  switch.o(i.PortF_Init)
    i.ST7735_DrawBitmap                      0x00000a58   Section        0  st7735.o(i.ST7735_DrawBitmap)
    i.ST7735_DrawCharS                       0x00000b78   Section        0  st7735.o(i.ST7735_DrawCharS)
    i.ST7735_DrawPixel                       0x00000c6c   Section        0  st7735.o(i.ST7735_DrawPixel)
    i.ST7735_DrawString                      0x00000cb4   Section        0  st7735.o(i.ST7735_DrawString)
    i.ST7735_FillRect                        0x00000d0c   Section        0  st7735.o(i.ST7735_FillRect)
    i.ST7735_FillScreen                      0x00000db8   Section        0  st7735.o(i.ST7735_FillScreen)
    i.ST7735_InitR                           0x00000ddc   Section        0  st7735.o(i.ST7735_InitR)
    i.ST7735_Line1                           0x00000e58   Section        0  lcd.o(i.ST7735_Line1)
    i.ST7735_OutChar                         0x00000f18   Section        0  st7735.o(i.ST7735_OutChar)
    i.ST7735_OutString                       0x00000fec   Section        0  st7735.o(i.ST7735_OutString)
    i.ST7735_OutUDec                         0x00001004   Section        0  st7735.o(i.ST7735_OutUDec)
    i.ST7735_SetCursor                       0x00001090   Section        0  st7735.o(i.ST7735_SetCursor)
    i.ST7735_Translate1                      0x000010b0   Section        0  lcd.o(i.ST7735_Translate1)
    i.ST7735_XYplotInit1                     0x00001150   Section        0  lcd.o(i.ST7735_XYplotInit1)
    i.SetAlarms                              0x00001174   Section        0  fsm.o(i.SetAlarms)
    i.SetMultipleAlarm                       0x000019bc   Section        0  fsm.o(i.SetMultipleAlarm)
    i.SetTime                                0x00001a9c   Section        0  fsm.o(i.SetTime)
    i.Switch_In                              0x00002014   Section        0  switch.o(i.Switch_In)
    i.Switch_Init                            0x00002024   Section        0  switch.o(i.Switch_Init)
    i.SysTick_Handler                        0x000020b4   Section        0  systick.o(i.SysTick_Handler)
    i.SysTick_Init                           0x000020bc   Section        0  systick.o(i.SysTick_Init)
    i.SysTick_Set_Time                       0x00002128   Section        0  systick.o(i.SysTick_Set_Time)
    i.Timer0A_Handler                        0x00002164   Section        0  timer0a.o(i.Timer0A_Handler)
    i.Timer0A_Init                           0x0000217c   Section        0  timer0a.o(i.Timer0A_Init)
    i.Timer2A_Handler                        0x000021f0   Section        0  switch.o(i.Timer2A_Handler)
    i.Timer2Arm                              0x00002210   Section        0  switch.o(i.Timer2Arm)
    i.animate_Clock                          0x0000226c   Section        0  lcd.o(i.animate_Clock)
    i.check_Alarm                            0x00002294   Section        0  lab3.o(i.check_Alarm)
    i.clear_Menu                             0x00002310   Section        0  fsm.o(i.clear_Menu)
    i.commandList                            0x0000236c   Section        0  st7735.o(i.commandList)
    commandList                              0x0000236d   Thumb Code    86  st7735.o(i.commandList)
    i.commonInit                             0x000023c4   Section        0  st7735.o(i.commonInit)
    commonInit                               0x000023c5   Thumb Code   340  st7735.o(i.commonInit)
    i.draw_Clock                             0x00002548   Section        0  lcd.o(i.draw_Clock)
    i.draw_Hands                             0x00002594   Section        0  lcd.o(i.draw_Hands)
    i.draw_Time                              0x00002694   Section        0  lcd.o(i.draw_Time)
    i.fillmessage                            0x000026dc   Section        0  st7735.o(i.fillmessage)
    i.find_minAlarm                          0x00002724   Section        0  lab3.o(i.find_minAlarm)
    i.formatAlarmType                        0x00002780   Section        0  fsm.o(i.formatAlarmType)
    i.formatSongType                         0x000027a2   Section        0  fsm.o(i.formatSongType)
    i.format_And_Output_Time                 0x000027c0   Section        0  clock.o(i.format_And_Output_Time)
    i.format_setTime                         0x00002948   Section        0  clock.o(i.format_setTime)
    i.get_Hour_Hand_Index                    0x00002a88   Section        0  lcd.o(i.get_Hour_Hand_Index)
    i.get_Minute_Hand_Index                  0x00002ac6   Section        0  lcd.o(i.get_Minute_Hand_Index)
    i.incrementTime                          0x00002adc   Section        0  systick.o(i.incrementTime)
    i.init_All                               0x00002b94   Section        0  lab3.o(i.init_All)
    i.init_switchmain                        0x00002bb4   Section        0  switch.o(i.init_switchmain)
    i.main                                   0x00002bc8   Section        0  lab3.o(i.main)
    i.processMenuItem                        0x00002c58   Section        0  fsm.o(i.processMenuItem)
    i.pushColor                              0x00002c76   Section        0  st7735.o(i.pushColor)
    pushColor                                0x00002c77   Thumb Code    18  st7735.o(i.pushColor)
    i.setAddrWindow                          0x00002c88   Section        0  st7735.o(i.setAddrWindow)
    setAddrWindow                            0x00002c89   Thumb Code   106  st7735.o(i.setAddrWindow)
    i.set_Time                               0x00002cfc   Section        0  fsm.o(i.set_Time)
    i.writecommand                           0x00002d20   Section        0  st7735.o(i.writecommand)
    writecommand                             0x00002d21   Thumb Code    40  st7735.o(i.writecommand)
    i.writedata                              0x00002d50   Section        0  st7735.o(i.writedata)
    writedata                                0x00002d51   Thumb Code    24  st7735.o(i.writedata)
    .constdata                               0x00002d70   Section     2018  st7735.o(.constdata)
    Font                                     0x00002d70   Data        1275  st7735.o(.constdata)
    Bcmd                                     0x0000326b   Data         103  st7735.o(.constdata)
    Rcmd1                                    0x000032d2   Data          59  st7735.o(.constdata)
    Rcmd2green                               0x0000330d   Data          13  st7735.o(.constdata)
    Rcmd2red                                 0x0000331a   Data          13  st7735.o(.constdata)
    Rcmd3                                    0x00003327   Data          43  st7735.o(.constdata)
    .constdata                               0x00003552   Section       64  pwmsine.o(.constdata)
    .constdata                               0x00003594   Section       38  fsm.o(.constdata)
    .constdata                               0x000035bc   Section    40970  lcd.o(.constdata)
    .data                                    0x20000000   Section       44  st7735.o(.data)
    _width                                   0x2000000a   Data           2  st7735.o(.data)
    _height                                  0x2000000c   Data           2  st7735.o(.data)
    ColStart                                 0x20000014   Data           1  st7735.o(.data)
    RowStart                                 0x20000015   Data           1  st7735.o(.data)
    Rotation                                 0x20000016   Data           1  st7735.o(.data)
    TabColor                                 0x20000017   Data           1  st7735.o(.data)
    .data                                    0x2000002c   Section       21  lab3.o(.data)
    .data                                    0x20000041   Section        5  systick.o(.data)
    .data                                    0x20000046   Section        1  pwmsine.o(.data)
    index                                    0x20000046   Data           1  pwmsine.o(.data)
    .data                                    0x20000048   Section        4  timer0a.o(.data)
    .data                                    0x2000004c   Section       40  fsm.o(.data)
    .data                                    0x20000074   Section        8  fifoqueue.o(.data)
    Putpt                                    0x20000074   Data           4  fifoqueue.o(.data)
    .data                                    0x2000007c   Section     2896  lcd.o(.data)
    MinX                                     0x20000bbc   Data           4  lcd.o(.data)
    MaxX                                     0x20000bc0   Data           4  lcd.o(.data)
    MinY                                     0x20000bc4   Data           4  lcd.o(.data)
    MaxY                                     0x20000bc8   Data           4  lcd.o(.data)
    .bss                                     0x20000bcc   Section       12  st7735.o(.bss)
    .bss                                     0x20000bd8   Section       64  fsm.o(.bss)
    .bss                                     0x20000c18   Section      128  fifoqueue.o(.bss)
    Fifo                                     0x20000c18   Data         128  fifoqueue.o(.bss)
    .bss                                     0x20000c98   Section       96  libspace.o(.bss)
    HEAP                                     0x20000cf8   Section        0  startup.o(HEAP)
    STACK                                    0x20000cf8   Section     1024  startup.o(STACK)
    HeapMem                                  0x20000cf8   Data           0  startup.o(HEAP)
    StackMem                                 0x20000cf8   Data           0  startup.o(STACK)

    Global Symbols

    Symbol Name                              Value     Ov Type        Size  Object(Section)

    BuildAttributes$$THM_ISAv4$E$P$D$K$B$S$7EM$PE$A:L22UL41UL21$X:L11$S22US41US21$IEEE1$IW$USESV6$~STKCKD$USESV7$~SHL$OSPACE$ROPI$EBA8$UX$STANDARDLIB$REQ8$PRES8$EABIv2 0x00000000   Number         0  anon$$obj.o ABSOLUTE
    __ARM_use_no_argv                        0x00000000   Number         0  lab3.o ABSOLUTE
    __Vectors                                0x00000000   Data           0  startup.o(RESET)
    __ARM_exceptions_init                     - Undefined Weak Reference
    __alloca_initialize                       - Undefined Weak Reference
    __cpp_initialize__aeabi_                  - Undefined Weak Reference
    __cxa_finalize                            - Undefined Weak Reference
    __rt_locale                               - Undefined Weak Reference
    __sigvec_lookup                           - Undefined Weak Reference
    _atexit_init                              - Undefined Weak Reference
    _call_atexit_fns                          - Undefined Weak Reference
    _clock_init                               - Undefined Weak Reference
    _fp_trap_init                             - Undefined Weak Reference
    _fp_trap_shutdown                         - Undefined Weak Reference
    _get_lc_collate                           - Undefined Weak Reference
    _get_lc_ctype                             - Undefined Weak Reference
    _get_lc_monetary                          - Undefined Weak Reference
    _get_lc_numeric                           - Undefined Weak Reference
    _get_lc_time                              - Undefined Weak Reference
    _getenv_init                              - Undefined Weak Reference
    _handle_redirection                       - Undefined Weak Reference
    _init_alloc                               - Undefined Weak Reference
    _init_user_alloc                          - Undefined Weak Reference
    _initio                                   - Undefined Weak Reference
    _rand_init                                - Undefined Weak Reference
    _signal_finish                            - Undefined Weak Reference
    _signal_init                              - Undefined Weak Reference
    _terminate_alloc                          - Undefined Weak Reference
    _terminate_user_alloc                     - Undefined Weak Reference
    _terminateio                              - Undefined Weak Reference
    Reset_Handler                            0x0000026d   Thumb Code     0  startup.o(RESET)
    NMI_Handler                              0x00000271   Thumb Code     2  startup.o(RESET)
    HardFault_Handler                        0x00000273   Thumb Code     2  startup.o(RESET)
    MemManage_Handler                        0x00000275   Thumb Code     2  startup.o(RESET)
    BusFault_Handler                         0x00000277   Thumb Code     2  startup.o(RESET)
    UsageFault_Handler                       0x00000279   Thumb Code     2  startup.o(RESET)
    SVC_Handler                              0x0000027b   Thumb Code     2  startup.o(RESET)
    DebugMon_Handler                         0x0000027d   Thumb Code     2  startup.o(RESET)
    PendSV_Handler                           0x0000027f   Thumb Code     2  startup.o(RESET)
    ADC0Seq0_Handler                         0x00000283   Thumb Code     0  startup.o(RESET)
    ADC0Seq1_Handler                         0x00000283   Thumb Code     0  startup.o(RESET)
    ADC0Seq2_Handler                         0x00000283   Thumb Code     0  startup.o(RESET)
    ADC0Seq3_Handler                         0x00000283   Thumb Code     0  startup.o(RESET)
    ADC1Seq0_Handler                         0x00000283   Thumb Code     0  startup.o(RESET)
    ADC1Seq1_Handler                         0x00000283   Thumb Code     0  startup.o(RESET)
    ADC1Seq2_Handler                         0x00000283   Thumb Code     0  startup.o(RESET)
    ADC1Seq3_Handler                         0x00000283   Thumb Code     0  startup.o(RESET)
    CAN0_Handler                             0x00000283   Thumb Code     0  startup.o(RESET)
    CAN1_Handler                             0x00000283   Thumb Code     0  startup.o(RESET)
    CAN2_Handler                             0x00000283   Thumb Code     0  startup.o(RESET)
    Comp0_Handler                            0x00000283   Thumb Code     0  startup.o(RESET)
    Comp1_Handler                            0x00000283   Thumb Code     0  startup.o(RESET)
    Comp2_Handler                            0x00000283   Thumb Code     0  startup.o(RESET)
    Ethernet_Handler                         0x00000283   Thumb Code     0  startup.o(RESET)
    ExtBus_Handler                           0x00000283   Thumb Code     0  startup.o(RESET)
    FPU_Handler                              0x00000283   Thumb Code     0  startup.o(RESET)
    Fan0_Handler                             0x00000283   Thumb Code     0  startup.o(RESET)
    FlashCtl_Handler                         0x00000283   Thumb Code     0  startup.o(RESET)
    GPIOPortA_Handler                        0x00000283   Thumb Code     0  startup.o(RESET)
    GPIOPortB_Handler                        0x00000283   Thumb Code     0  startup.o(RESET)
    GPIOPortC_Handler                        0x00000283   Thumb Code     0  startup.o(RESET)
    GPIOPortD_Handler                        0x00000283   Thumb Code     0  startup.o(RESET)
    GPIOPortF_Handler                        0x00000283   Thumb Code     0  startup.o(RESET)
    GPIOPortG_Handler                        0x00000283   Thumb Code     0  startup.o(RESET)
    GPIOPortH_Handler                        0x00000283   Thumb Code     0  startup.o(RESET)
    GPIOPortJ_Handler                        0x00000283   Thumb Code     0  startup.o(RESET)
    GPIOPortK_Handler                        0x00000283   Thumb Code     0  startup.o(RESET)
    GPIOPortL_Handler                        0x00000283   Thumb Code     0  startup.o(RESET)
    GPIOPortM_Handler                        0x00000283   Thumb Code     0  startup.o(RESET)
    GPIOPortN_Handler                        0x00000283   Thumb Code     0  startup.o(RESET)
    GPIOPortP1_Handler                       0x00000283   Thumb Code     0  startup.o(RESET)
    GPIOPortP2_Handler                       0x00000283   Thumb Code     0  startup.o(RESET)
    GPIOPortP3_Handler                       0x00000283   Thumb Code     0  startup.o(RESET)
    GPIOPortP4_Handler                       0x00000283   Thumb Code     0  startup.o(RESET)
    GPIOPortP5_Handler                       0x00000283   Thumb Code     0  startup.o(RESET)
    GPIOPortP6_Handler                       0x00000283   Thumb Code     0  startup.o(RESET)
    GPIOPortP7_Handler                       0x00000283   Thumb Code     0  startup.o(RESET)
    GPIOPortP_Handler                        0x00000283   Thumb Code     0  startup.o(RESET)
    GPIOPortQ1_Handler                       0x00000283   Thumb Code     0  startup.o(RESET)
    GPIOPortQ2_Handler                       0x00000283   Thumb Code     0  startup.o(RESET)
    GPIOPortQ3_Handler                       0x00000283   Thumb Code     0  startup.o(RESET)
    GPIOPortQ4_Handler                       0x00000283   Thumb Code     0  startup.o(RESET)
    GPIOPortQ5_Handler                       0x00000283   Thumb Code     0  startup.o(RESET)
    GPIOPortQ6_Handler                       0x00000283   Thumb Code     0  startup.o(RESET)
    GPIOPortQ7_Handler                       0x00000283   Thumb Code     0  startup.o(RESET)
    GPIOPortQ_Handler                        0x00000283   Thumb Code     0  startup.o(RESET)
    GPIOPortR_Handler                        0x00000283   Thumb Code     0  startup.o(RESET)
    GPIOPortS_Handler                        0x00000283   Thumb Code     0  startup.o(RESET)
    Hibernate_Handler                        0x00000283   Thumb Code     0  startup.o(RESET)
    I2C0_Handler                             0x00000283   Thumb Code     0  startup.o(RESET)
    I2C1_Handler                             0x00000283   Thumb Code     0  startup.o(RESET)
    I2C2_Handler                             0x00000283   Thumb Code     0  startup.o(RESET)
    I2C3_Handler                             0x00000283   Thumb Code     0  startup.o(RESET)
    I2C4_Handler                             0x00000283   Thumb Code     0  startup.o(RESET)
    I2C5_Handler                             0x00000283   Thumb Code     0  startup.o(RESET)
    I2S0_Handler                             0x00000283   Thumb Code     0  startup.o(RESET)
    LPC0_Handler                             0x00000283   Thumb Code     0  startup.o(RESET)
    PECI0_Handler                            0x00000283   Thumb Code     0  startup.o(RESET)
    PWM0Fault_Handler                        0x00000283   Thumb Code     0  startup.o(RESET)
    PWM0Generator0_Handler                   0x00000283   Thumb Code     0  startup.o(RESET)
    PWM0Generator1_Handler                   0x00000283   Thumb Code     0  startup.o(RESET)
    PWM0Generator2_Handler                   0x00000283   Thumb Code     0  startup.o(RESET)
    PWM0Generator3_Handler                   0x00000283   Thumb Code     0  startup.o(RESET)
    PWM1Fault_Handler                        0x00000283   Thumb Code     0  startup.o(RESET)
    PWM1Generator0_Handler                   0x00000283   Thumb Code     0  startup.o(RESET)
    PWM1Generator1_Handler                   0x00000283   Thumb Code     0  startup.o(RESET)
    PWM1Generator2_Handler                   0x00000283   Thumb Code     0  startup.o(RESET)
    PWM1Generator3_Handler                   0x00000283   Thumb Code     0  startup.o(RESET)
    Quadrature0_Handler                      0x00000283   Thumb Code     0  startup.o(RESET)
    Quadrature1_Handler                      0x00000283   Thumb Code     0  startup.o(RESET)
    Quadrature2_Handler                      0x00000283   Thumb Code     0  startup.o(RESET)
    SSI0_Handler                             0x00000283   Thumb Code     0  startup.o(RESET)
    SSI1_Handler                             0x00000283   Thumb Code     0  startup.o(RESET)
    SSI2_Handler                             0x00000283   Thumb Code     0  startup.o(RESET)
    SSI3_Handler                             0x00000283   Thumb Code     0  startup.o(RESET)
    SysCtl_Handler                           0x00000283   Thumb Code     0  startup.o(RESET)
    Timer0B_Handler                          0x00000283   Thumb Code     0  startup.o(RESET)
    Timer1A_Handler                          0x00000283   Thumb Code     0  startup.o(RESET)
    Timer1B_Handler                          0x00000283   Thumb Code     0  startup.o(RESET)
    Timer2B_Handler                          0x00000283   Thumb Code     0  startup.o(RESET)
    Timer3A_Handler                          0x00000283   Thumb Code     0  startup.o(RESET)
    Timer3B_Handler                          0x00000283   Thumb Code     0  startup.o(RESET)
    Timer4A_Handler                          0x00000283   Thumb Code     0  startup.o(RESET)
    Timer4B_Handler                          0x00000283   Thumb Code     0  startup.o(RESET)
    Timer5A_Handler                          0x00000283   Thumb Code     0  startup.o(RESET)
    Timer5B_Handler                          0x00000283   Thumb Code     0  startup.o(RESET)
    UART0_Handler                            0x00000283   Thumb Code     0  startup.o(RESET)
    UART1_Handler                            0x00000283   Thumb Code     0  startup.o(RESET)
    UART2_Handler                            0x00000283   Thumb Code     0  startup.o(RESET)
    UART3_Handler                            0x00000283   Thumb Code     0  startup.o(RESET)
    UART4_Handler                            0x00000283   Thumb Code     0  startup.o(RESET)
    UART5_Handler                            0x00000283   Thumb Code     0  startup.o(RESET)
    UART6_Handler                            0x00000283   Thumb Code     0  startup.o(RESET)
    UART7_Handler                            0x00000283   Thumb Code     0  startup.o(RESET)
    USB0_Handler                             0x00000283   Thumb Code     0  startup.o(RESET)
    WDT_Handler                              0x00000283   Thumb Code     0  startup.o(RESET)
    WideTimer0A_Handler                      0x00000283   Thumb Code     0  startup.o(RESET)
    WideTimer0B_Handler                      0x00000283   Thumb Code     0  startup.o(RESET)
    WideTimer1A_Handler                      0x00000283   Thumb Code     0  startup.o(RESET)
    WideTimer1B_Handler                      0x00000283   Thumb Code     0  startup.o(RESET)
    WideTimer2A_Handler                      0x00000283   Thumb Code     0  startup.o(RESET)
    WideTimer2B_Handler                      0x00000283   Thumb Code     0  startup.o(RESET)
    WideTimer3A_Handler                      0x00000283   Thumb Code     0  startup.o(RESET)
    WideTimer3B_Handler                      0x00000283   Thumb Code     0  startup.o(RESET)
    WideTimer4A_Handler                      0x00000283   Thumb Code     0  startup.o(RESET)
    WideTimer4B_Handler                      0x00000283   Thumb Code     0  startup.o(RESET)
    WideTimer5A_Handler                      0x00000283   Thumb Code     0  startup.o(RESET)
    WideTimer5B_Handler                      0x00000283   Thumb Code     0  startup.o(RESET)
    uDMA_Error                               0x00000283   Thumb Code     0  startup.o(RESET)
    uDMA_Handler                             0x00000283   Thumb Code     0  startup.o(RESET)
    __main                                   0x00000285   Thumb Code     8  __main.o(!!!main)
    __scatterload                            0x0000028d   Thumb Code     0  __scatter.o(!!!scatter)
    __scatterload_rt2                        0x0000028d   Thumb Code    44  __scatter.o(!!!scatter)
    __scatterload_rt2_thumb_only             0x0000028d   Thumb Code     0  __scatter.o(!!!scatter)
    __scatterload_null                       0x0000029b   Thumb Code     0  __scatter.o(!!!scatter)
    __decompress                             0x000002c1   Thumb Code   100  __dclz77c.o(!!dclz77c)
    __decompress2                            0x000002c1   Thumb Code     0  __dclz77c.o(!!dclz77c)
    __scatterload_zeroinit                   0x00000325   Thumb Code    28  __scatter_zi.o(!!handler_zi)
    __rt_lib_init                            0x00000341   Thumb Code     0  libinit.o(.ARM.Collect$$libinit$$00000000)
    __rt_lib_init_alloca_1                   0x00000343   Thumb Code     0  libinit2.o(.ARM.Collect$$libinit$$0000002C)
    __rt_lib_init_argv_1                     0x00000343   Thumb Code     0  libinit2.o(.ARM.Collect$$libinit$$0000002A)
    __rt_lib_init_atexit_1                   0x00000343   Thumb Code     0  libinit2.o(.ARM.Collect$$libinit$$00000019)
    __rt_lib_init_clock_1                    0x00000343   Thumb Code     0  libinit2.o(.ARM.Collect$$libinit$$0000001F)
    __rt_lib_init_cpp_1                      0x00000343   Thumb Code     0  libinit2.o(.ARM.Collect$$libinit$$00000030)
    __rt_lib_init_exceptions_1               0x00000343   Thumb Code     0  libinit2.o(.ARM.Collect$$libinit$$0000002E)
    __rt_lib_init_fp_1                       0x00000343   Thumb Code     0  libinit2.o(.ARM.Collect$$libinit$$00000002)
    __rt_lib_init_fp_trap_1                  0x00000343   Thumb Code     0  libinit2.o(.ARM.Collect$$libinit$$0000001D)
    __rt_lib_init_getenv_1                   0x00000343   Thumb Code     0  libinit2.o(.ARM.Collect$$libinit$$00000021)
    __rt_lib_init_heap_1                     0x00000343   Thumb Code     0  libinit2.o(.ARM.Collect$$libinit$$00000008)
    __rt_lib_init_lc_collate_1               0x00000343   Thumb Code     0  libinit2.o(.ARM.Collect$$libinit$$0000000F)
    __rt_lib_init_lc_ctype_1                 0x00000343   Thumb Code     0  libinit2.o(.ARM.Collect$$libinit$$00000011)
    __rt_lib_init_lc_monetary_1              0x00000343   Thumb Code     0  libinit2.o(.ARM.Collect$$libinit$$00000013)
    __rt_lib_init_lc_numeric_1               0x00000343   Thumb Code     0  libinit2.o(.ARM.Collect$$libinit$$00000015)
    __rt_lib_init_lc_time_1                  0x00000343   Thumb Code     0  libinit2.o(.ARM.Collect$$libinit$$00000017)
    __rt_lib_init_rand_1                     0x00000343   Thumb Code     0  libinit2.o(.ARM.Collect$$libinit$$0000000C)
    __rt_lib_init_return                     0x00000343   Thumb Code     0  libinit2.o(.ARM.Collect$$libinit$$00000031)
    __rt_lib_init_signal_1                   0x00000343   Thumb Code     0  libinit2.o(.ARM.Collect$$libinit$$0000001B)
    __rt_lib_init_stdio_1                    0x00000343   Thumb Code     0  libinit2.o(.ARM.Collect$$libinit$$00000023)
    __rt_lib_init_user_alloc_1               0x00000343   Thumb Code     0  libinit2.o(.ARM.Collect$$libinit$$0000000A)
    __rt_lib_shutdown                        0x00000345   Thumb Code     0  libshutdown.o(.ARM.Collect$$libshutdown$$00000000)
    __rt_lib_shutdown_fp_trap_1              0x00000347   Thumb Code     0  libshutdown2.o(.ARM.Collect$$libshutdown$$00000006)
    __rt_lib_shutdown_heap_1                 0x00000347   Thumb Code     0  libshutdown2.o(.ARM.Collect$$libshutdown$$0000000E)
    __rt_lib_shutdown_return                 0x00000347   Thumb Code     0  libshutdown2.o(.ARM.Collect$$libshutdown$$0000000F)
    __rt_lib_shutdown_signal_1               0x00000347   Thumb Code     0  libshutdown2.o(.ARM.Collect$$libshutdown$$00000009)
    __rt_lib_shutdown_stdio_1                0x00000347   Thumb Code     0  libshutdown2.o(.ARM.Collect$$libshutdown$$00000003)
    __rt_lib_shutdown_user_alloc_1           0x00000347   Thumb Code     0  libshutdown2.o(.ARM.Collect$$libshutdown$$0000000B)
    __rt_entry                               0x00000349   Thumb Code     0  rtentry.o(.ARM.Collect$$rtentry$$00000000)
    __rt_entry_presh_1                       0x00000349   Thumb Code     0  rtentry2.o(.ARM.Collect$$rtentry$$00000002)
    __rt_entry_sh                            0x00000349   Thumb Code     0  rtentry4.o(.ARM.Collect$$rtentry$$00000004)
    __rt_entry_li                            0x0000034f   Thumb Code     0  rtentry2.o(.ARM.Collect$$rtentry$$0000000A)
    __rt_entry_postsh_1                      0x0000034f   Thumb Code     0  rtentry2.o(.ARM.Collect$$rtentry$$00000009)
    __rt_entry_main                          0x00000353   Thumb Code     0  rtentry2.o(.ARM.Collect$$rtentry$$0000000D)
    __rt_entry_postli_1                      0x00000353   Thumb Code     0  rtentry2.o(.ARM.Collect$$rtentry$$0000000C)
    __rt_exit                                0x0000035b   Thumb Code     0  rtexit.o(.ARM.Collect$$rtexit$$00000000)
    __rt_exit_ls                             0x0000035d   Thumb Code     0  rtexit2.o(.ARM.Collect$$rtexit$$00000003)
    __rt_exit_prels_1                        0x0000035d   Thumb Code     0  rtexit2.o(.ARM.Collect$$rtexit$$00000002)
    __rt_exit_exit                           0x00000361   Thumb Code     0  rtexit2.o(.ARM.Collect$$rtexit$$00000004)
    DisableInterrupts                        0x00000369   Thumb Code     0  startup.o(.text)
    EnableInterrupts                         0x0000036d   Thumb Code     0  startup.o(.text)
    StartCritical                            0x00000371   Thumb Code     0  startup.o(.text)
    EndCritical                              0x00000379   Thumb Code     0  startup.o(.text)
    WaitForInterrupt                         0x0000037f   Thumb Code     0  startup.o(.text)
    __user_initial_stackheap                 0x00000383   Thumb Code     0  startup.o(.text)
    __use_two_region_memory                  0x00000399   Thumb Code     2  heapauxi.o(.text)
    __rt_heap_escrow$2region                 0x0000039b   Thumb Code     2  heapauxi.o(.text)
    __rt_heap_expand$2region                 0x0000039d   Thumb Code     2  heapauxi.o(.text)
    __user_setup_stackheap                   0x0000039f   Thumb Code    74  sys_stackheap_outer.o(.text)
    exit                                     0x000003e9   Thumb Code    12  exit.o(.text)
    __user_libspace                          0x000003f5   Thumb Code     8  libspace.o(.text)
    __user_perproc_libspace                  0x000003f5   Thumb Code     0  libspace.o(.text)
    __user_perthread_libspace                0x000003f5   Thumb Code     0  libspace.o(.text)
    _sys_exit                                0x000003fd   Thumb Code     8  sys_exit.o(.text)
    __I$use$semihosting                      0x00000409   Thumb Code     0  use_no_semi.o(.text)
    __use_no_semihosting_swi                 0x00000409   Thumb Code     2  use_no_semi.o(.text)
    __semihosting_library_function           0x0000040b   Thumb Code     0  indicate_semi.o(.text)
    ChooseSong                               0x0000040d   Thumb Code   206  fsm.o(i.ChooseSong)
    Delay1ms                                 0x000004ed   Thumb Code    32  st7735.o(i.Delay1ms)
    DelayWait1Millisecond                    0x0000050d   Thumb Code    30  lcd.o(i.DelayWait1Millisecond)
    Disable_PWM                              0x00000531   Thumb Code    14  pwm.o(i.Disable_PWM)
    Enable_PWM                               0x00000545   Thumb Code    14  pwm.o(i.Enable_PWM)
    Fifo_Get                                 0x00000559   Thumb Code    56  fifoqueue.o(i.Fifo_Get)
    Fifo_Init                                0x0000059d   Thumb Code    26  fifoqueue.o(i.Fifo_Init)
    Fifo_Put                                 0x000005c5   Thumb Code    44  fifoqueue.o(i.Fifo_Put)
    GPIOPortE_Handler                        0x00000639   Thumb Code    68  switch.o(i.GPIOPortE_Handler)
    MainScreen                               0x00000689   Thumb Code   238  fsm.o(i.MainScreen)
    Next_State                               0x000007a1   Thumb Code    68  fsm.o(i.Next_State)
    OutputSineWave                           0x000007e5   Thumb Code    44  pwmsine.o(i.OutputSineWave)
    PLL_Init                                 0x0000081d   Thumb Code   118  pll.o(i.PLL_Init)
    PMWSine_Init                             0x00000899   Thumb Code   114  pwmsine.o(i.PMWSine_Init)
    PWM0A_Duty                               0x00000921   Thumb Code     8  pwm.o(i.PWM0A_Duty)
    PWM0A_Init                               0x0000092d   Thumb Code   172  pwm.o(i.PWM0A_Init)
    PortF_Init                               0x000009f1   Thumb Code    90  switch.o(i.PortF_Init)
    ST7735_DrawBitmap                        0x00000a59   Thumb Code   280  st7735.o(i.ST7735_DrawBitmap)
    ST7735_DrawCharS                         0x00000b79   Thumb Code   232  st7735.o(i.ST7735_DrawCharS)
    ST7735_DrawPixel                         0x00000c6d   Thumb Code    64  st7735.o(i.ST7735_DrawPixel)
    ST7735_DrawString                        0x00000cb5   Thumb Code    86  st7735.o(i.ST7735_DrawString)
    ST7735_FillRect                          0x00000d0d   Thumb Code   164  st7735.o(i.ST7735_FillRect)
    ST7735_FillScreen                        0x00000db9   Thumb Code    28  st7735.o(i.ST7735_FillScreen)
    ST7735_InitR                             0x00000ddd   Thumb Code    90  st7735.o(i.ST7735_InitR)
    ST7735_Line1                             0x00000e59   Thumb Code   192  lcd.o(i.ST7735_Line1)
    ST7735_OutChar                           0x00000f19   Thumb Code   176  st7735.o(i.ST7735_OutChar)
    ST7735_OutString                         0x00000fed   Thumb Code    24  st7735.o(i.ST7735_OutString)
    ST7735_OutUDec                           0x00001005   Thumb Code   118  st7735.o(i.ST7735_OutUDec)
    ST7735_SetCursor                         0x00001091   Thumb Code    22  st7735.o(i.ST7735_SetCursor)
    ST7735_Translate1                        0x000010b1   Thumb Code   144  lcd.o(i.ST7735_Translate1)
    ST7735_XYplotInit1                       0x00001151   Thumb Code    20  lcd.o(i.ST7735_XYplotInit1)
    SetAlarms                                0x00001175   Thumb Code  2120  fsm.o(i.SetAlarms)
    SetMultipleAlarm                         0x000019bd   Thumb Code   206  fsm.o(i.SetMultipleAlarm)
    SetTime                                  0x00001a9d   Thumb Code  1400  fsm.o(i.SetTime)
    Switch_In                                0x00002015   Thumb Code    10  switch.o(i.Switch_In)
    Switch_Init                              0x00002025   Thumb Code   122  switch.o(i.Switch_Init)
    SysTick_Handler                          0x000020b5   Thumb Code     8  systick.o(i.SysTick_Handler)
    SysTick_Init                             0x000020bd   Thumb Code    74  systick.o(i.SysTick_Init)
    SysTick_Set_Time                         0x00002129   Thumb Code    34  systick.o(i.SysTick_Set_Time)
    Timer0A_Handler                          0x00002165   Thumb Code    16  timer0a.o(i.Timer0A_Handler)
    Timer0A_Init                             0x0000217d   Thumb Code    94  timer0a.o(i.Timer0A_Init)
    Timer2A_Handler                          0x000021f1   Thumb Code    22  switch.o(i.Timer2A_Handler)
    Timer2Arm                                0x00002211   Thumb Code    72  switch.o(i.Timer2Arm)
    animate_Clock                            0x0000226d   Thumb Code    36  lcd.o(i.animate_Clock)
    check_Alarm                              0x00002295   Thumb Code    90  lab3.o(i.check_Alarm)
    clear_Menu                               0x00002311   Thumb Code    54  fsm.o(i.clear_Menu)
    draw_Clock                               0x00002549   Thumb Code    54  lcd.o(i.draw_Clock)
    draw_Hands                               0x00002595   Thumb Code   240  lcd.o(i.draw_Hands)
    draw_Time                                0x00002695   Thumb Code    66  lcd.o(i.draw_Time)
    fillmessage                              0x000026dd   Thumb Code    64  st7735.o(i.fillmessage)
    find_minAlarm                            0x00002725   Thumb Code    76  lab3.o(i.find_minAlarm)
    formatAlarmType                          0x00002781   Thumb Code    34  fsm.o(i.formatAlarmType)
    formatSongType                           0x000027a3   Thumb Code    30  fsm.o(i.formatSongType)
    format_And_Output_Time                   0x000027c1   Thumb Code   386  clock.o(i.format_And_Output_Time)
    format_setTime                           0x00002949   Thumb Code   312  clock.o(i.format_setTime)
    get_Hour_Hand_Index                      0x00002a89   Thumb Code    62  lcd.o(i.get_Hour_Hand_Index)
    get_Minute_Hand_Index                    0x00002ac7   Thumb Code    22  lcd.o(i.get_Minute_Hand_Index)
    incrementTime                            0x00002add   Thumb Code   152  systick.o(i.incrementTime)
    init_All                                 0x00002b95   Thumb Code    26  lab3.o(i.init_All)
    init_switchmain                          0x00002bb5   Thumb Code    20  switch.o(i.init_switchmain)
    main                                     0x00002bc9   Thumb Code   126  lab3.o(i.main)
    processMenuItem                          0x00002c59   Thumb Code    30  fsm.o(i.processMenuItem)
    set_Time                                 0x00002cfd   Thumb Code    36  fsm.o(i.set_Time)
    dBfs                                     0x00003352   Data         512  st7735.o(.constdata)
    Wave                                     0x00003552   Data          64  pwmsine.o(.constdata)
    ClockFace                                0x000035bc   Data       40960  lcd.o(.constdata)
    Region$$Table$$Base                      0x0000d5c8   Number         0  anon$$obj.o(Region$$Table)
    Region$$Table$$Limit                     0x0000d5e8   Number         0  anon$$obj.o(Region$$Table)
    StX                                      0x20000000   Data           4  st7735.o(.data)
    StY                                      0x20000004   Data           4  st7735.o(.data)
    StTextColor                              0x20000008   Data           2  st7735.o(.data)
    lastj                                    0x20000010   Data           4  st7735.o(.data)
    Messageindex                             0x20000018   Data           4  st7735.o(.data)
    Ymax                                     0x2000001c   Data           4  st7735.o(.data)
    Ymin                                     0x20000020   Data           4  st7735.o(.data)
    X                                        0x20000024   Data           4  st7735.o(.data)
    Yrange                                   0x20000028   Data           4  st7735.o(.data)
    Switch1                                  0x2000002c   Data           4  lab3.o(.data)
    Time                                     0x20000030   Data           4  lab3.o(.data)
    AlarmTime                                0x20000034   Data           4  lab3.o(.data)
    LastE                                    0x20000038   Data           4  lab3.o(.data)
    animateAlarm                             0x2000003c   Data           1  lab3.o(.data)
    SelectSeconds                            0x2000003d   Data           1  lab3.o(.data)
    SelectMinutes                            0x2000003e   Data           1  lab3.o(.data)
    SelectHours                              0x2000003f   Data           1  lab3.o(.data)
    SelectMeridian                           0x20000040   Data           1  lab3.o(.data)
    dSeconds                                 0x20000041   Data           1  systick.o(.data)
    Seconds                                  0x20000042   Data           1  systick.o(.data)
    Minutes                                  0x20000043   Data           1  systick.o(.data)
    Hours                                    0x20000044   Data           1  systick.o(.data)
    Meridian                                 0x20000045   Data           1  systick.o(.data)
    PeriodicTask                             0x20000048   Data           4  timer0a.o(.data)
    selectSwitchToggled                      0x2000004c   Data           4  fsm.o(.data)
    redrawTime                               0x20000050   Data           4  fsm.o(.data)
    updateTime                               0x20000054   Data           1  fsm.o(.data)
    curentMenuPos                            0x20000058   Data           4  fsm.o(.data)
    currentSetTimePos                        0x2000005c   Data           4  fsm.o(.data)
    currentSetAlarmPos                       0x20000060   Data           4  fsm.o(.data)
    setMultipleAlarmPos                      0x20000064   Data           4  fsm.o(.data)
    currentSongPos                           0x20000068   Data           4  fsm.o(.data)
    AlarmOn                                  0x2000006c   Data           4  fsm.o(.data)
    time                                     0x20000070   Data           4  fsm.o(.data)
    Getpt                                    0x20000078   Data           4  fifoqueue.o(.data)
    MinuteHandXbuf                           0x2000007c   Data         720  lcd.o(.data)
    MinuteHandYbuf                           0x2000034c   Data         720  lcd.o(.data)
    HourHandXbuf                             0x2000061c   Data         720  lcd.o(.data)
    HourHandYbuf                             0x200008ec   Data         720  lcd.o(.data)
    Message                                  0x20000bcc   Data          12  st7735.o(.bss)
    AlarmTimeArray                           0x20000bd8   Data          32  fsm.o(.bss)
    AlarmONOFFArray                          0x20000bf8   Data          32  fsm.o(.bss)
    __libspace_start                         0x20000c98   Data          96  libspace.o(.bss)
    __temporary_stack_top$libspace           0x20000cf8   Data           0  libspace.o(.bss)



==============================================================================

Memory Map of the image

  Image Entry point : 0x0000026d

  Load Region LR_1 (Base: 0x00000000, Size: 0x0000e1b4, Max: 0xffffffff, ABSOLUTE, COMPRESSED[0x0000dcd8])

    Execution Region ER_RO (Base: 0x00000000, Size: 0x0000d5e8, Max: 0xffffffff, ABSOLUTE)

    Base Addr    Size         Type   Attr      Idx    E Section Name        Object

    0x00000000   0x00000284   Code   RO            3  * RESET               startup.o
    0x00000284   0x00000008   Code   RO          916  * !!!main             c_w.l(__main.o)
    0x0000028c   0x00000034   Code   RO         1072    !!!scatter          c_w.l(__scatter.o)
    0x000002c0   0x00000064   Code   RO         1070    !!dclz77c           c_w.l(__dclz77c.o)
    0x00000324   0x0000001c   Code   RO         1074    !!handler_zi        c_w.l(__scatter_zi.o)
    0x00000340   0x00000002   Code   RO          943    .ARM.Collect$$libinit$$00000000  c_w.l(libinit.o)
    0x00000342   0x00000000   Code   RO          950    .ARM.Collect$$libinit$$00000002  c_w.l(libinit2.o)
    0x00000342   0x00000000   Code   RO          953    .ARM.Collect$$libinit$$00000008  c_w.l(libinit2.o)
    0x00000342   0x00000000   Code   RO          955    .ARM.Collect$$libinit$$0000000A  c_w.l(libinit2.o)
    0x00000342   0x00000000   Code   RO          957    .ARM.Collect$$libinit$$0000000C  c_w.l(libinit2.o)
    0x00000342   0x00000000   Code   RO          960    .ARM.Collect$$libinit$$0000000F  c_w.l(libinit2.o)
    0x00000342   0x00000000   Code   RO          962    .ARM.Collect$$libinit$$00000011  c_w.l(libinit2.o)
    0x00000342   0x00000000   Code   RO          964    .ARM.Collect$$libinit$$00000013  c_w.l(libinit2.o)
    0x00000342   0x00000000   Code   RO          966    .ARM.Collect$$libinit$$00000015  c_w.l(libinit2.o)
    0x00000342   0x00000000   Code   RO          968    .ARM.Collect$$libinit$$00000017  c_w.l(libinit2.o)
    0x00000342   0x00000000   Code   RO          970    .ARM.Collect$$libinit$$00000019  c_w.l(libinit2.o)
    0x00000342   0x00000000   Code   RO          972    .ARM.Collect$$libinit$$0000001B  c_w.l(libinit2.o)
    0x00000342   0x00000000   Code   RO          974    .ARM.Collect$$libinit$$0000001D  c_w.l(libinit2.o)
    0x00000342   0x00000000   Code   RO          976    .ARM.Collect$$libinit$$0000001F  c_w.l(libinit2.o)
    0x00000342   0x00000000   Code   RO          978    .ARM.Collect$$libinit$$00000021  c_w.l(libinit2.o)
    0x00000342   0x00000000   Code   RO          980    .ARM.Collect$$libinit$$00000023  c_w.l(libinit2.o)
    0x00000342   0x00000000   Code   RO          984    .ARM.Collect$$libinit$$0000002A  c_w.l(libinit2.o)
    0x00000342   0x00000000   Code   RO          986    .ARM.Collect$$libinit$$0000002C  c_w.l(libinit2.o)
    0x00000342   0x00000000   Code   RO          988    .ARM.Collect$$libinit$$0000002E  c_w.l(libinit2.o)
    0x00000342   0x00000000   Code   RO          990    .ARM.Collect$$libinit$$00000030  c_w.l(libinit2.o)
    0x00000342   0x00000002   Code   RO          991    .ARM.Collect$$libinit$$00000031  c_w.l(libinit2.o)
    0x00000344   0x00000002   Code   RO         1011    .ARM.Collect$$libshutdown$$00000000  c_w.l(libshutdown.o)
    0x00000346   0x00000000   Code   RO         1025    .ARM.Collect$$libshutdown$$00000003  c_w.l(libshutdown2.o)
    0x00000346   0x00000000   Code   RO         1028    .ARM.Collect$$libshutdown$$00000006  c_w.l(libshutdown2.o)
    0x00000346   0x00000000   Code   RO         1031    .ARM.Collect$$libshutdown$$00000009  c_w.l(libshutdown2.o)
    0x00000346   0x00000000   Code   RO         1033    .ARM.Collect$$libshutdown$$0000000B  c_w.l(libshutdown2.o)
    0x00000346   0x00000000   Code   RO         1036    .ARM.Collect$$libshutdown$$0000000E  c_w.l(libshutdown2.o)
    0x00000346   0x00000002   Code   RO         1037    .ARM.Collect$$libshutdown$$0000000F  c_w.l(libshutdown2.o)
    0x00000348   0x00000000   Code   RO          918    .ARM.Collect$$rtentry$$00000000  c_w.l(rtentry.o)
    0x00000348   0x00000000   Code   RO          920    .ARM.Collect$$rtentry$$00000002  c_w.l(rtentry2.o)
    0x00000348   0x00000006   Code   RO          932    .ARM.Collect$$rtentry$$00000004  c_w.l(rtentry4.o)
    0x0000034e   0x00000000   Code   RO          922    .ARM.Collect$$rtentry$$00000009  c_w.l(rtentry2.o)
    0x0000034e   0x00000004   Code   RO          923    .ARM.Collect$$rtentry$$0000000A  c_w.l(rtentry2.o)
    0x00000352   0x00000000   Code   RO          925    .ARM.Collect$$rtentry$$0000000C  c_w.l(rtentry2.o)
    0x00000352   0x00000008   Code   RO          926    .ARM.Collect$$rtentry$$0000000D  c_w.l(rtentry2.o)
    0x0000035a   0x00000002   Code   RO          947    .ARM.Collect$$rtexit$$00000000  c_w.l(rtexit.o)
    0x0000035c   0x00000000   Code   RO          993    .ARM.Collect$$rtexit$$00000002  c_w.l(rtexit2.o)
    0x0000035c   0x00000004   Code   RO          994    .ARM.Collect$$rtexit$$00000003  c_w.l(rtexit2.o)
    0x00000360   0x00000006   Code   RO          995    .ARM.Collect$$rtexit$$00000004  c_w.l(rtexit2.o)
    0x00000366   0x00000002   PAD
    0x00000368   0x00000030   Code   RO            4    .text               startup.o
    0x00000398   0x00000006   Code   RO          914    .text               c_w.l(heapauxi.o)
    0x0000039e   0x0000004a   Code   RO          934    .text               c_w.l(sys_stackheap_outer.o)
    0x000003e8   0x0000000c   Code   RO          936    .text               c_w.l(exit.o)
    0x000003f4   0x00000008   Code   RO          944    .text               c_w.l(libspace.o)
    0x000003fc   0x0000000c   Code   RO         1003    .text               c_w.l(sys_exit.o)
    0x00000408   0x00000002   Code   RO         1014    .text               c_w.l(use_no_semi.o)
    0x0000040a   0x00000000   Code   RO         1016    .text               c_w.l(indicate_semi.o)
    0x0000040a   0x00000002   PAD
    0x0000040c   0x000000e0   Code   RO          639    i.ChooseSong        fsm.o
    0x000004ec   0x00000020   Code   RO          103    i.Delay1ms          st7735.o
    0x0000050c   0x00000024   Code   RO          829    i.DelayWait1Millisecond  lcd.o
    0x00000530   0x00000014   Code   RO          500    i.Disable_PWM       pwm.o
    0x00000544   0x00000014   Code   RO          501    i.Enable_PWM        pwm.o
    0x00000558   0x00000044   Code   RO          801    i.Fifo_Get          fifoqueue.o
    0x0000059c   0x00000028   Code   RO          802    i.Fifo_Init         fifoqueue.o
    0x000005c4   0x00000038   Code   RO          803    i.Fifo_Put          fifoqueue.o
    0x000005fc   0x0000003c   Code   RO          582    i.GPIOArm           switch.o
    0x00000638   0x00000050   Code   RO          583    i.GPIOPortE_Handler  switch.o
    0x00000688   0x00000118   Code   RO          640    i.MainScreen        fsm.o
    0x000007a0   0x00000044   Code   RO          641    i.Next_State        fsm.o
    0x000007e4   0x00000038   Code   RO          530    i.OutputSineWave    pwmsine.o
    0x0000081c   0x0000007c   Code   RO           12    i.PLL_Init          pll.o
    0x00000898   0x00000088   Code   RO          531    i.PMWSine_Init      pwmsine.o
    0x00000920   0x0000000c   Code   RO          502    i.PWM0A_Duty        pwm.o
    0x0000092c   0x000000c4   Code   RO          503    i.PWM0A_Init        pwm.o
    0x000009f0   0x00000068   Code   RO          584    i.PortF_Init        switch.o
    0x00000a58   0x00000120   Code   RO          110    i.ST7735_DrawBitmap  st7735.o
    0x00000b78   0x000000f4   Code   RO          112    i.ST7735_DrawCharS  st7735.o
    0x00000c6c   0x00000048   Code   RO          115    i.ST7735_DrawPixel  st7735.o
    0x00000cb4   0x00000056   Code   RO          116    i.ST7735_DrawString  st7735.o
    0x00000d0a   0x00000002   PAD
    0x00000d0c   0x000000ac   Code   RO          117    i.ST7735_FillRect   st7735.o
    0x00000db8   0x00000024   Code   RO          118    i.ST7735_FillScreen  st7735.o
    0x00000ddc   0x0000007c   Code   RO          120    i.ST7735_InitR      st7735.o
    0x00000e58   0x000000c0   Code   RO          830    i.ST7735_Line1      lcd.o
    0x00000f18   0x000000d4   Code   RO          122    i.ST7735_OutChar    st7735.o
    0x00000fec   0x00000018   Code   RO          123    i.ST7735_OutString  st7735.o
    0x00001004   0x0000008c   Code   RO          124    i.ST7735_OutUDec    st7735.o
    0x00001090   0x00000020   Code   RO          133    i.ST7735_SetCursor  st7735.o
    0x000010b0   0x000000a0   Code   RO          831    i.ST7735_Translate1  lcd.o
    0x00001150   0x00000024   Code   RO          833    i.ST7735_XYplotInit1  lcd.o
    0x00001174   0x00000848   Code   RO          642    i.SetAlarms         fsm.o
    0x000019bc   0x000000e0   Code   RO          643    i.SetMultipleAlarm  fsm.o
    0x00001a9c   0x00000578   Code   RO          644    i.SetTime           fsm.o
    0x00002014   0x00000010   Code   RO          585    i.Switch_In         switch.o
    0x00002024   0x00000090   Code   RO          586    i.Switch_Init       switch.o
    0x000020b4   0x00000008   Code   RO          451    i.SysTick_Handler   systick.o
    0x000020bc   0x0000006c   Code   RO          452    i.SysTick_Init      systick.o
    0x00002128   0x0000003c   Code   RO          453    i.SysTick_Set_Time  systick.o
    0x00002164   0x00000018   Code   RO          555    i.Timer0A_Handler   timer0a.o
    0x0000217c   0x00000074   Code   RO          556    i.Timer0A_Init      timer0a.o
    0x000021f0   0x00000020   Code   RO          587    i.Timer2A_Handler   switch.o
    0x00002210   0x0000005c   Code   RO          588    i.Timer2Arm         switch.o
    0x0000226c   0x00000028   Code   RO          834    i.animate_Clock     lcd.o
    0x00002294   0x0000007c   Code   RO          381    i.check_Alarm       lab3.o
    0x00002310   0x0000005c   Code   RO          645    i.clear_Menu        fsm.o
    0x0000236c   0x00000056   Code   RO          137    i.commandList       st7735.o
    0x000023c2   0x00000002   PAD
    0x000023c4   0x00000184   Code   RO          138    i.commonInit        st7735.o
    0x00002548   0x0000004c   Code   RO          835    i.draw_Clock        lcd.o
    0x00002594   0x00000100   Code   RO          836    i.draw_Hands        lcd.o
    0x00002694   0x00000048   Code   RO          837    i.draw_Time         lcd.o
    0x000026dc   0x00000048   Code   RO          141    i.fillmessage       st7735.o
    0x00002724   0x0000005c   Code   RO          382    i.find_minAlarm     lab3.o
    0x00002780   0x00000022   Code   RO          646    i.formatAlarmType   fsm.o
    0x000027a2   0x0000001e   Code   RO          647    i.formatSongType    fsm.o
    0x000027c0   0x00000188   Code   RO          777    i.format_And_Output_Time  clock.o
    0x00002948   0x00000140   Code   RO          779    i.format_setTime    clock.o
    0x00002a88   0x0000003e   Code   RO          838    i.get_Hour_Hand_Index  lcd.o
    0x00002ac6   0x00000016   Code   RO          839    i.get_Minute_Hand_Index  lcd.o
    0x00002adc   0x000000b8   Code   RO          454    i.incrementTime     systick.o
    0x00002b94   0x00000020   Code   RO          384    i.init_All          lab3.o
    0x00002bb4   0x00000014   Code   RO          589    i.init_switchmain   switch.o
    0x00002bc8   0x00000090   Code   RO          385    i.main              lab3.o
    0x00002c58   0x0000001e   Code   RO          648    i.processMenuItem   fsm.o
    0x00002c76   0x00000012   Code   RO          143    i.pushColor         st7735.o
    0x00002c88   0x00000074   Code   RO          144    i.setAddrWindow     st7735.o
    0x00002cfc   0x00000024   Code   RO          649    i.set_Time          fsm.o
    0x00002d20   0x00000030   Code   RO          145    i.writecommand      st7735.o
    0x00002d50   0x00000020   Code   RO          146    i.writedata         st7735.o
    0x00002d70   0x000007e2   Data   RO          148    .constdata          st7735.o
    0x00003552   0x00000040   Data   RO          532    .constdata          pwmsine.o
    0x00003592   0x00000002   PAD
    0x00003594   0x00000026   Data   RO          651    .constdata          fsm.o
    0x000035ba   0x00000002   PAD
    0x000035bc   0x0000a00a   Data   RO          840    .constdata          lcd.o
    0x0000d5c6   0x00000002   PAD
    0x0000d5c8   0x00000020   Data   RO         1068    Region$$Table       anon$$obj.o


    Execution Region ER_RW (Base: 0x20000000, Size: 0x00000bcc, Max: 0xffffffff, ABSOLUTE, COMPRESSED[0x000006f0])

    Base Addr    Size         Type   Attr      Idx    E Section Name        Object

    0x20000000   0x0000002c   Data   RW          149    .data               st7735.o
    0x2000002c   0x00000015   Data   RW          386    .data               lab3.o
    0x20000041   0x00000005   Data   RW          455    .data               systick.o
    0x20000046   0x00000001   Data   RW          533    .data               pwmsine.o
    0x20000047   0x00000001   PAD
    0x20000048   0x00000004   Data   RW          557    .data               timer0a.o
    0x2000004c   0x00000028   Data   RW          652    .data               fsm.o
    0x20000074   0x00000008   Data   RW          805    .data               fifoqueue.o
    0x2000007c   0x00000b50   Data   RW          841    .data               lcd.o


    Execution Region ER_ZI (Base: 0x20000bcc, Size: 0x0000052c, Max: 0xffffffff, ABSOLUTE)

    Base Addr    Size         Type   Attr      Idx    E Section Name        Object

    0x20000bcc   0x0000000c   Zero   RW          147    .bss                st7735.o
    0x20000bd8   0x00000040   Zero   RW          650    .bss                fsm.o
    0x20000c18   0x00000080   Zero   RW          804    .bss                fifoqueue.o
    0x20000c98   0x00000060   Zero   RW          945    .bss                c_w.l(libspace.o)
    0x20000cf8   0x00000000   Zero   RW            2    HEAP                startup.o
    0x20000cf8   0x00000400   Zero   RW            1    STACK               startup.o


==============================================================================

Image component sizes


      Code (inc. data)   RO Data    RW Data    ZI Data      Debug   Object Name

       712         14          0          0          0       2510   clock.o
       164         38          0          8        128       1690   fifoqueue.o
         0          0          0          0          0        452   fixed.o
      4538        284         38         40         64       8627   fsm.o
       392         74          0         21          0       3153   lab3.o
       952         86      40970       2896          0       6040   lcd.o
       124          6          0          0          0       4595   pll.o
       248         40          0          0          0       1405   pwm.o
       192         34         64          1          0       1651   pwmsine.o
      2222        228       2018         44         12      12765   st7735.o
       692        632          0          0       1024        836   startup.o
       548         96          0          0          0       2819   switch.o
       360         92          0          5          0       2362   systick.o
       140         30          0          4          0       1232   timer0a.o

    ----------------------------------------------------------------------
     11288       1654      43128       3020       1228      50137   Object Totals
         0          0         32          0          0          0   (incl. Generated)
         4          0          6          1          0          0   (incl. Padding)

    ----------------------------------------------------------------------

      Code (inc. data)   RO Data    RW Data    ZI Data      Debug   Library Member Name

       100          0          0          0          0          0   __dclz77c.o
         8          0          0          0          0         68   __main.o
        52          8          0          0          0          0   __scatter.o
        28          0          0          0          0          0   __scatter_zi.o
        12          0          0          0          0         72   exit.o
         6          0          0          0          0        152   heapauxi.o
         0          0          0          0          0          0   indicate_semi.o
         2          0          0          0          0          0   libinit.o
         2          0          0          0          0          0   libinit2.o
         2          0          0          0          0          0   libshutdown.o
         2          0          0          0          0          0   libshutdown2.o
         8          4          0          0         96         68   libspace.o
         0          0          0          0          0          0   rtentry.o
        12          0          0          0          0          0   rtentry2.o
         6          0          0          0          0          0   rtentry4.o
         2          0          0          0          0          0   rtexit.o
        10          0          0          0          0          0   rtexit2.o
        12          4          0          0          0         68   sys_exit.o
        74          0          0          0          0         80   sys_stackheap_outer.o
         2          0          0          0          0         68   use_no_semi.o

    ----------------------------------------------------------------------
       344         16          0          0         96        576   Library Totals
         4          0          0          0          0          0   (incl. Padding)

    ----------------------------------------------------------------------

      Code (inc. data)   RO Data    RW Data    ZI Data      Debug   Library Name

       340         16          0          0         96        576   c_w.l

    ----------------------------------------------------------------------
       344         16          0          0         96        576   Library Totals

    ----------------------------------------------------------------------

==============================================================================


      Code (inc. data)   RO Data    RW Data    ZI Data      Debug   

     11632       1670      43128       3020       1324      46917   Grand Totals
     11632       1670      43128       1776       1324      46917   ELF Image Totals (compressed)
     11632       1670      43128       1776          0          0   ROM Totals

==============================================================================

    Total RO  Size (Code + RO Data)                54760 (  53.48kB)
    Total RW  Size (RW Data + ZI Data)              4344 (   4.24kB)
    Total ROM Size (Code + RO Data + RW Data)      56536 (  55.21kB)

==============================================================================

