<html>
<body>
<pre>
<h1>µVision Build Log</h1>
<h2>Project:</h2>
E:\EE445L Labs\ST7735_4C123\ST7735.uvproj
Project File Date:  01/21/2017

<h2>Output:</h2>
Build target 'ST7735'
compiling ST7735.c...
linking...
Program Size: Code=5064 RO-data=14920 RW-data=44 ZI-data=1028  
".\ST7735.axf" - 0 Error(s), 0 Warning(s).
</pre>
</body>
</html>
tm4c123gh6pm.h"
ST7735.c: 0 warnings, 1 error
".\ST7735.axf" - 1 Error(s), 0 Warning(s).
Target not created
3gh6pm.h": No such file or directory
  #include "../inc/tm4c123gh6pm.h"
ST7735.c: 0 warnings, 1 error
compiling ST7735TestMain.c...
".\ST7735.axf" - 2 Error(s), 0 Warning(s).
Target not created
"/inc/tm4c123gh6pm.h": No such file or directory
  #include "/inc/tm4c123gh6pm.h"
ST7735TestMain.c: 0 warnings, 1 error
".\ST7735.axf" - 3 Error(s), 0 Warning(s).
Target not created
ed
